07-16 19:54:42.726  1517  1517 I MmsServiceBroker: Connecting to MmsService
07-16 19:54:42.726  1517  1517 W ContextImpl: Calling a method in the system process without a qualified user: android.app.ContextImpl.bindService:1285 com.android.server.MmsServiceBroker.tryConnecting:240 com.android.server.MmsServiceBroker.-wrap3:-1 com.android.server.MmsServiceBroker$1.handleMessage:82 android.os.Handler.dispatchMessage:102 
07-16 19:54:42.729  1860  1860 W System  : ClassLoader referenced unknown path: /system/priv-app/MmsService/lib/x86_64
07-16 19:54:42.736  1860  1860 D MmsService: onCreate
07-16 19:54:42.739  1517  2015 I AccountManagerService: getTypesVisibleToCaller: isPermitted? true
07-16 19:54:42.741  1517  1517 I MmsServiceBroker: MmsService connected
07-16 19:54:42.742  1860  2064 D MmsService: getCarrierConfigValues
07-16 19:54:42.742  1860  2064 I MmsService: mms config for sub 1: null
07-16 19:54:42.744  1860  2667 I MmsService: MmsConfigManager loads in background mcc/mnc: 310/260
07-16 19:54:42.751  2073  2659 D DownloadManager: [20] Starting
07-16 19:54:42.753  2578  2597 I MessagingApp: Carrier configs loaded: Bundle[{maxImageHeight=1944, maxMessageSize=1048576, maxImageWidth=2592}] from resources+system for subId=1
07-16 19:54:42.756  2578  2599 W art     : Long monitor contention event with owner method=boolean android.os.BinderProxy.transactNative(int, android.os.Parcel, android.os.Parcel, int) from Binder.java:4294967294 waiters=0 for 3.533s
07-16 19:54:42.792  2578  2599 W MessagingApp: canonicalizeMccMnc: invalid mccmnc:null ,null
07-16 19:54:42.800  1517  1903 D MmsServiceBroker: getCarrierConfigValues() by com.android.messaging
07-16 19:54:42.801  1860  1888 D MmsService: getCarrierConfigValues
07-16 19:54:42.801  1860  1888 I MmsService: mms config for sub 1: Bundle[{httpSocketTimeout=60000, aliasMinChars=2, smsToMmsTextThreshold=-1, enableSMSDeliveryReports=true, maxMessageTextSize=-1, supportMmsContentDisposition=true, enabledTransID=false, aliasEnabled=false, supportHttpCharsetHeader=false, allowAttachAudio=true, smsToMmsTextLengthThreshold=-1, recipientLimit=2147483647, uaProfTagName=x-wap-profile, aliasMaxChars=48, maxImageHeight=480, enableMMSDeliveryReports=false, userAgent=, config_cellBroadcastAppLinks=true, maxSubjectLength=40, httpParams=, enableGroupMms=true, emailGatewayNumber=, maxMessageSize=307200, naiSuffix=, enableMMSReadReports=false, maxImageWidth=640, uaProfUrl=, enabledMMS=true, enabledNotifyWapMMSC=false, sendMultipartSmsAsSeparateMessages=false, enableMultipartSMS=true}]
07-16 19:54:42.802  2578  2599 I MessagingApp: Carrier configs loaded: Bundle[{httpSocketTimeout=60000, aliasMinChars=2, smsToMmsTextThreshold=-1, enableSMSDeliveryReports=true, maxMessageTextSize=-1, supportMmsContentDisposition=true, enabledTransID=false, aliasEnabled=false, supportHttpCharsetHeader=false, allowAttachAudio=true, smsToMmsTextLengthThreshold=-1, recipientLimit=2147483647, uaProfTagName=x-wap-profile, aliasMaxChars=48, maxImageHeight=480, enableMMSDeliveryReports=false, userAgent=, config_cellBroadcastAppLinks=true, maxSubjectLength=40, httpParams=, enableGroupMms=true, emailGatewayNumber=, maxMessageSize=307200, naiSuffix=, enableMMSReadReports=false, maxImageWidth=640, uaProfUrl=, enabledMMS=true, enabledNotifyWapMMSC=false, sendMultipartSmsAsSeparateMessages=false, enableMultipartSMS=true}] from resources+system for subId=1
07-16 19:54:42.802  2578  2601 W art     : Long monitor contention event with owner method=boolean android.os.BinderProxy.transactNative(int, android.os.Parcel, android.os.Parcel, int) from Binder.java:4294967294 waiters=1 for 3.580s
07-16 19:54:42.848  2578  2601 W MessagingApp: canonicalizeMccMnc: invalid mccmnc:null ,null
07-16 19:54:42.876  1517  1528 D MmsServiceBroker: getCarrierConfigValues() by com.android.messaging
07-16 19:54:42.876  1860  2064 D MmsService: getCarrierConfigValues
07-16 19:54:42.876  1860  2064 I MmsService: mms config for sub 1: Bundle[{httpSocketTimeout=60000, aliasMinChars=2, smsToMmsTextThreshold=-1, enableSMSDeliveryReports=true, maxMessageTextSize=-1, supportMmsContentDisposition=true, enabledTransID=false, aliasEnabled=false, supportHttpCharsetHeader=false, allowAttachAudio=true, smsToMmsTextLengthThreshold=-1, recipientLimit=2147483647, uaProfTagName=x-wap-profile, aliasMaxChars=48, maxImageHeight=480, enableMMSDeliveryReports=false, userAgent=, config_cellBroadcastAppLinks=true, maxSubjectLength=40, httpParams=, enableGroupMms=true, emailGatewayNumber=, maxMessageSize=307200, naiSuffix=, enableMMSReadReports=false, maxImageWidth=640, uaProfUrl=, enabledMMS=true, enabledNotifyWapMMSC=false, sendMultipartSmsAsSeparateMessages=false, enableMultipartSMS=true}]
07-16 19:54:42.880  2578  2601 I MessagingApp: Carrier configs loaded: Bundle[{httpSocketTimeout=60000, aliasMinChars=2, smsToMmsTextThreshold=-1, enableSMSDeliveryReports=true, maxMessageTextSize=-1, supportMmsContentDisposition=true, enabledTransID=false, aliasEnabled=false, supportHttpCharsetHeader=false, allowAttachAudio=true, smsToMmsTextLengthThreshold=-1, recipientLimit=2147483647, uaProfTagName=x-wap-profile, aliasMaxChars=48, maxImageHeight=480, enableMMSDeliveryReports=false, userAgent=, config_cellBroadcastAppLinks=true, maxSubjectLength=40, httpParams=, enableGroupMms=true, emailGatewayNumber=, maxMessageSize=307200, naiSuffix=, enableMMSReadReports=false, maxImageWidth=640, uaProfUrl=, enabledMMS=true, enabledNotifyWapMMSC=false, sendMultipartSmsAsSeparateMessages=false, enableMultipartSMS=true}] from resources+system for subId=1
07-16 19:54:42.985  2073  2659 W ActivityThread: ClassLoader.loadClass: The class loader returned by Thread.getContextClassLoader() may fail for processes that host multiple applications. You should explicitly specify a context class loader. For example: Thread.setContextClassLoader(getClass().getClassLoader());
07-16 19:54:45.393  2324  2630 I GlobalDismissManager: no sender configured
07-16 19:54:45.393  2324  2630 D AlertService: Beginning updateAlertNotification
07-16 19:54:45.411  2324  2630 D AlertService: No fired or scheduled alerts
07-16 19:54:45.429  2324  2630 D AlertService: Scheduling next alarm with AlarmScheduler. sEventReminderReceived: null
07-16 19:54:45.448  2324  2630 D AlarmScheduler: No events found starting within 1 week.
07-16 19:54:45.642  2073  2659 D DownloadManager: [20] Finished with status SUCCESS
07-16 19:54:45.670  2099  2099 D ChimeraCfgMgr: Loading module com.google.android.gms.vision from APK com.google.android.gms
07-16 19:54:45.674  2099  2099 I Vision  : Supported ABIS: [x86_64, x86]
07-16 19:54:45.684  2099  2099 D ChimeraCfgMgr: Loading module com.google.android.gms.vision from APK com.google.android.gms
07-16 19:54:45.694  1842  1842 I ConfigService: onCreate
07-16 19:54:45.716  1842  2133 E WorkSourceUtil: Could not find package: com.google.android.gms.vision
07-16 19:54:45.789  2099  2689 W DownloadCompleteService: SHA-1 of downloaded file does not match request
07-16 19:54:45.836  2073  2691 V DownloadManager: Deleting /data/user/0/com.android.providers.downloads/cache/libAppDataSearchExt_x86_64.v7.so via provider delete
07-16 19:54:47.378  1517  1554 I InputReader: Reconfiguring input devices.  changes=0x00000010
07-16 19:54:47.395  2099  2692 D PackageBroadcastService: Received broadcast action=android.intent.action.PACKAGE_CHANGED and uri=com.google.android.gms
07-16 19:54:47.397  1946  2693 I UpdateIcingCorporaServi: Updating corpora: APPS=com.google.android.gms, CONTACTS=MAYBE
07-16 19:54:47.404  2099  2692 I PackageBroadcastService: Null package name or gms related package.  Ignoreing.
07-16 19:54:47.490  1946  2693 I UpdateIcingCorporaServi: UpdateCorporaTask done [took 92 ms] updated apps [took 92 ms] 
07-16 19:54:47.548  2099  2257 I Icing   : updateResources: need to parse f{com.google.android.gms}
07-16 19:54:47.555  1842  1842 I GCoreNlp: shouldConfirmNlp, NLP off. Ensuring opt-in disabled
07-16 19:54:47.618  1866  1997 D WidgetsModel: com.google.android.googlequicksearchbox is filtered and not added to the widget tray.
07-16 19:54:47.673  2099  2257 I Icing   : Usage reports 2 indexed 0 rejected 0 imm upload false
07-16 19:54:47.918  2099  2701 I iu.UploadsManager: End new media; added: 0, uploading: 0, time: 120 ms
07-16 19:54:48.743  2099  2257 I Icing   : Indexing C37864A5D1431C7D0FC1BED75DC40F553BA07C73 from com.google.android.gms
07-16 19:54:48.744  2099  2257 I Icing   : Not enough disk space for indexing trimmable
07-16 19:54:48.745  2099  2257 I Icing   : Indexing done C37864A5D1431C7D0FC1BED75DC40F553BA07C73
07-16 19:54:51.243  1842  1842 I ConfigService: onDestroy
07-16 19:54:53.596  1517  1847 I ActivityManager: Killing 1630:com.android.externalstorage/u0a6 (adj 15): empty #17
07-16 19:54:53.714  1517  1531 I ActivityManager: Waited long enough for: ServiceRecord{84a9bd7 u0 com.android.calendar/.alerts.InitAlarmsService}
07-16 19:54:56.706  1866  1866 W ViewRootImpl: Cancelling event due to no window focus: MotionEvent { action=ACTION_CANCEL, actionButton=0, id[0]=0, x[0]=701.5503, y[0]=1283.6133, toolType[0]=TOOL_TYPE_FINGER, buttonState=0, metaState=0, flags=0x0, edgeFlags=0x0, pointerCount=1, historySize=0, eventTime=40354, downTime=23179, deviceId=0, source=0x1002 }
07-16 19:54:56.706  1866  1866 W ViewRootImpl: Cancelling event due to no window focus: MotionEvent { action=ACTION_CANCEL, actionButton=0, id[0]=0, x[0]=701.5503, y[0]=1283.6133, toolType[0]=TOOL_TYPE_FINGER, buttonState=0, metaState=0, flags=0x0, edgeFlags=0x0, pointerCount=1, historySize=0, eventTime=40354, downTime=23179, deviceId=0, source=0x1002 }
07-16 19:54:56.709  1866  1866 W ViewRootImpl: Cancelling event due to no window focus: MotionEvent { action=ACTION_CANCEL, actionButton=0, id[0]=0, x[0]=701.5503, y[0]=1283.6133, toolType[0]=TOOL_TYPE_FINGER, buttonState=0, metaState=0, flags=0x0, edgeFlags=0x0, pointerCount=1, historySize=0, eventTime=40354, downTime=23179, deviceId=0, source=0x1002 }
07-16 19:54:56.709  1866  1866 W ViewRootImpl: Cancelling event due to no window focus: MotionEvent { action=ACTION_CANCEL, actionButton=0, id[0]=0, x[0]=701.5503, y[0]=1283.6133, toolType[0]=TOOL_TYPE_FINGER, buttonState=0, metaState=0, flags=0x0, edgeFlags=0x0, pointerCount=1, historySize=0, eventTime=40354, downTime=23179, deviceId=0, source=0x1002 }
07-16 19:54:56.752  2615  2625 I art     : Background sticky concurrent mark sweep GC freed 14170(938KB) AllocSpace objects, 2(40KB) LOS objects, 37% free, 2MB/3MB, paused 15.040ms total 40.144ms
07-16 19:54:56.900  1517  2184 D         : HostConnection::get() New Host Connection established 0x7f18f617da80, tid 2184
07-16 19:54:56.914  1169  1169 E EGL_emulation: tid 1169: eglCreateSyncKHR(1294): error 0x3004 (EGL_BAD_ATTRIBUTE)
07-16 19:54:57.363  1517  1531 I ActivityManager: Killing 1891:com.android.printspooler/u0a40 (adj 15): empty #17
07-16 19:54:57.428  2615  2654 E Surface : getSlotFromBufferLocked: unknown buffer: 0xeb43a710
07-16 19:54:57.451  1866  2097 W EGL_emulation: eglSurfaceAttrib not implemented
07-16 19:54:57.451  1866  2097 W OpenGLRenderer: Failed to set EGL_SWAP_BEHAVIOR on surface 0xeec13a20, error=EGL_SUCCESS
07-16 19:54:57.606  2099  2474 I CheckinService: Done disabling old GoogleServicesFramework version
07-16 19:54:58.632  2099  2107 W SQLiteConnectionPool: A SQLiteConnection object for database '/data/user/0/com.google.android.gms/databases/networkstatistics.sqlite' was leaked!  Please fix your application to end transactions in progress properly and to close the database when it is no longer needed.
07-16 19:55:08.748  2324  2542 D InitAlarmsService: Clearing and rescheduling alarms.
07-16 19:55:08.756  1517  1528 I ActivityManager: Killing 2406:com.android.keychain/1000 (adj 15): empty #17
07-16 19:55:11.655  1517  1654 I ActivityManager: START u0 {act=android.intent.action.MAIN cat=[android.intent.category.LAUNCHER] flg=0x10200000 cmp=com.nest.android/com.obsidian.v4.activity.LoginActivity (has extras)} from uid 10060 on display 0
07-16 19:55:11.920  2615  2654 W EGL_emulation: eglSurfaceAttrib not implemented
07-16 19:55:11.920  2615  2654 W OpenGLRenderer: Failed to set EGL_SWAP_BEHAVIOR on surface 0xe1116040, error=EGL_SUCCESS
07-16 19:55:13.176  1517  1536 I ActivityManager: Displayed com.nest.android/com.obsidian.v4.activity.LoginActivity: +1s445ms
07-16 19:55:13.195  1866  2097 E Surface : getSlotFromBufferLocked: unknown buffer: 0xe18427e0
07-16 19:55:15.937  1866  1866 W ViewRootImpl: Cancelling event due to no window focus: MotionEvent { action=ACTION_CANCEL, actionButton=0, id[0]=0, x[0]=676.5381, y[0]=326.1328, toolType[0]=TOOL_TYPE_FINGER, buttonState=0, metaState=0, flags=0x0, edgeFlags=0x0, pointerCount=1, historySize=0, eventTime=59586, downTime=55149, deviceId=0, source=0x1002 }
07-16 19:55:15.938  1866  1866 W ViewRootImpl: Cancelling event due to no window focus: MotionEvent { action=ACTION_CANCEL, actionButton=0, id[0]=0, x[0]=676.5381, y[0]=326.1328, toolType[0]=TOOL_TYPE_FINGER, buttonState=0, metaState=0, flags=0x0, edgeFlags=0x0, pointerCount=1, historySize=0, eventTime=59586, downTime=55149, deviceId=0, source=0x1002 }
07-16 19:55:15.938  1866  1866 W ViewRootImpl: Cancelling event due to no window focus: MotionEvent { action=ACTION_CANCEL, actionButton=0, id[0]=0, x[0]=676.5381, y[0]=326.1328, toolType[0]=TOOL_TYPE_FINGER, buttonState=0, metaState=0, flags=0x0, edgeFlags=0x0, pointerCount=1, historySize=0, eventTime=59586, downTime=55149, deviceId=0, source=0x1002 }
07-16 19:55:15.938  1866  1866 W ViewRootImpl: Cancelling event due to no window focus: MotionEvent { action=ACTION_CANCEL, actionButton=0, id[0]=0, x[0]=676.5381, y[0]=326.1328, toolType[0]=TOOL_TYPE_FINGER, buttonState=0, metaState=0, flags=0x0, edgeFlags=0x0, pointerCount=1, historySize=0, eventTime=59586, downTime=55149, deviceId=0, source=0x1002 }
07-16 19:55:16.038  1517  1839 D         : HostConnection::get() New Host Connection established 0x7f18f68f2b60, tid 1839
07-16 19:55:16.051  1169  1169 E EGL_emulation: tid 1169: eglCreateSyncKHR(1294): error 0x3004 (EGL_BAD_ATTRIBUTE)
07-16 19:55:16.537  1866  2097 W EGL_emulation: eglSurfaceAttrib not implemented
07-16 19:55:16.538  1866  2097 W OpenGLRenderer: Failed to set EGL_SWAP_BEHAVIOR on surface 0xe14c5000, error=EGL_SUCCESS
07-16 19:55:16.601  2615  2654 E Surface : getSlotFromBufferLocked: unknown buffer: 0xeb43a0f0
07-16 19:55:19.523  1517  1529 I ActivityManager: START u0 {act=android.intent.action.MAIN cat=[android.intent.category.LAUNCHER] flg=0x10200000 cmp=com.android.settings/.Settings (has extras)} from uid 10060 on display 0
07-16 19:55:19.900  2263  2727 I IndexDatabaseHelper: Using schema version: 115
07-16 19:55:20.049  2263  2727 I IndexDatabaseHelper: Index is fine
07-16 19:55:20.093  2263  2727 D Index   : Locale 'en_US' is already indexed
07-16 19:55:20.122  1169  1246 E SurfaceFlinger: ro.sf.lcd_density must be defined as a build property
07-16 19:55:20.123  2263  2728 D OpenGLRenderer: Use EGL_SWAP_BEHAVIOR_PRESERVED: true
07-16 19:55:20.133  2263  2263 D         : HostConnection::get() New Host Connection established 0x7f18f976f2c0, tid 2263
07-16 19:55:20.868  1517  1536 I Choreographer: Skipped 76 frames!  The application may be doing too much work on its main thread.
07-16 19:55:20.874  2263  2263 D DashboardSummary: rebuildUI took: 666 ms
07-16 19:55:20.894  1866  2097 E Surface : getSlotFromBufferLocked: unknown buffer: 0xe1842620
07-16 19:55:20.906  2263  2263 I Choreographer: Skipped 43 frames!  The application may be doing too much work on its main thread.
07-16 19:55:20.945  2263  2728 D         : HostConnection::get() New Host Connection established 0x7f18f8da5120, tid 2728
07-16 19:55:20.967  2263  2728 I OpenGLRenderer: Initialized EGL, version 1.4
07-16 19:55:21.014  2263  2728 W EGL_emulation: eglSurfaceAttrib not implemented
07-16 19:55:21.014  2263  2728 W OpenGLRenderer: Failed to set EGL_SWAP_BEHAVIOR on surface 0x7f190a72ca00, error=EGL_SUCCESS
07-16 19:55:21.391  1517  1536 I ActivityManager: Displayed com.android.settings/.Settings: +1s810ms
07-16 19:55:25.053  1866  1866 W ViewRootImpl: Cancelling event due to no window focus: MotionEvent { action=ACTION_CANCEL, actionButton=0, id[0]=0, x[0]=1087.8662, y[0]=1264.5703, toolType[0]=TOOL_TYPE_FINGER, buttonState=0, metaState=0, flags=0x0, edgeFlags=0x0, pointerCount=1, historySize=0, eventTime=68702, downTime=63067, deviceId=0, source=0x1002 }
07-16 19:55:25.053  1866  1866 W ViewRootImpl: Cancelling event due to no window focus: MotionEvent { action=ACTION_CANCEL, actionButton=0, id[0]=0, x[0]=1087.8662, y[0]=1264.5703, toolType[0]=TOOL_TYPE_FINGER, buttonState=0, metaState=0, flags=0x0, edgeFlags=0x0, pointerCount=1, historySize=0, eventTime=68702, downTime=63067, deviceId=0, source=0x1002 }
07-16 19:55:25.054  1866  1866 W ViewRootImpl: Cancelling event due to no window focus: MotionEvent { action=ACTION_CANCEL, actionButton=0, id[0]=0, x[0]=1087.8662, y[0]=1264.5703, toolType[0]=TOOL_TYPE_FINGER, buttonState=0, metaState=0, flags=0x0, edgeFlags=0x0, pointerCount=1, historySize=0, eventTime=68702, downTime=63067, deviceId=0, source=0x1002 }
07-16 19:55:25.054  1866  1866 W ViewRootImpl: Cancelling event due to no window focus: MotionEvent { action=ACTION_CANCEL, actionButton=0, id[0]=0, x[0]=1087.8662, y[0]=1264.5703, toolType[0]=TOOL_TYPE_FINGER, buttonState=0, metaState=0, flags=0x0, edgeFlags=0x0, pointerCount=1, historySize=0, eventTime=68702, downTime=63067, deviceId=0, source=0x1002 }
07-16 19:55:25.178  1517  1529 I ActivityManager: START u0 {act=android.intent.action.MAIN cmp=com.android.settings/.SubSettings (has extras)} from uid 1000 on display 0
07-16 19:55:25.267  2263  2263 D SubSettings: Launching fragment com.android.settings.applications.ManageApplications
07-16 19:55:25.411  2263  2275 I art     : Background sticky concurrent mark sweep GC freed 1592(202KB) AllocSpace objects, 1(40KB) LOS objects, 12% free, 2MB/2MB, paused 5.453ms total 72.787ms
07-16 19:55:25.631  2263  2728 W EGL_emulation: eglSurfaceAttrib not implemented
07-16 19:55:25.631  2263  2728 W OpenGLRenderer: Failed to set EGL_SWAP_BEHAVIOR on surface 0x7f18f8882140, error=EGL_SUCCESS
07-16 19:55:25.828  1517  1536 I ActivityManager: Displayed com.android.settings/.SubSettings: +627ms
07-16 19:55:26.174  2263  2728 E Surface : getSlotFromBufferLocked: unknown buffer: 0x7f18f96777a0
07-16 19:55:26.299  1517  1541 I ActivityManager: Start proc 2736:com.android.defcontainer/u0a3 for service com.android.defcontainer/.DefaultContainerService
07-16 19:55:27.044  1181  1181 W installd: Failed to open /data/data/android: No such file or directory
07-16 19:55:28.821  1517  1529 I MediaFocusControl:  AudioFocus  abandonAudioFocus() from android.media.AudioManager@e1dfb08com.android.music.MediaPlaybackService$3@57082a1
07-16 19:55:32.203  2263  2263 W ViewRootImpl: Cancelling event due to no window focus: MotionEvent { action=ACTION_CANCEL, actionButton=0, id[0]=0, x[0]=205.15137, y[0]=734.35547, toolType[0]=TOOL_TYPE_FINGER, buttonState=0, metaState=0, flags=0x0, edgeFlags=0x0, pointerCount=1, historySize=0, eventTime=75850, downTime=68702, deviceId=0, source=0x1002 }
07-16 19:55:32.203  2263  2263 W ViewRootImpl: Cancelling event due to no window focus: MotionEvent { action=ACTION_CANCEL, actionButton=0, id[0]=0, x[0]=205.15137, y[0]=734.35547, toolType[0]=TOOL_TYPE_FINGER, buttonState=0, metaState=0, flags=0x0, edgeFlags=0x0, pointerCount=1, historySize=0, eventTime=75850, downTime=68702, deviceId=0, source=0x1002 }
07-16 19:55:32.203  2263  2263 W ViewRootImpl: Cancelling event due to no window focus: MotionEvent { action=ACTION_CANCEL, actionButton=0, id[0]=0, x[0]=205.15137, y[0]=734.35547, toolType[0]=TOOL_TYPE_FINGER, buttonState=0, metaState=0, flags=0x0, edgeFlags=0x0, pointerCount=1, historySize=0, eventTime=75850, downTime=68702, deviceId=0, source=0x1002 }
07-16 19:55:32.203  2263  2263 W ViewRootImpl: Cancelling event due to no window focus: MotionEvent { action=ACTION_CANCEL, actionButton=0, id[0]=0, x[0]=205.15137, y[0]=734.35547, toolType[0]=TOOL_TYPE_FINGER, buttonState=0, metaState=0, flags=0x0, edgeFlags=0x0, pointerCount=1, historySize=0, eventTime=75850, downTime=68702, deviceId=0, source=0x1002 }
07-16 19:55:37.918  1517  1889 I ActivityManager: Killing 2036:com.android.music/u0a35 (adj 15): empty #17
07-16 19:55:39.268  1517  1529 I ActivityManager: START u0 {act=android.intent.action.MAIN cmp=com.android.settings/.SubSettings (has extras)} from uid 1000 on display 0
07-16 19:55:39.313  2263  2263 D SubSettings: Launching fragment com.android.settings.applications.InstalledAppDetails
07-16 19:55:39.419  2263  2263 W ContextImpl: Calling a method in the system process without a qualified user: android.app.ContextImpl.sendBroadcast:763 android.content.ContextWrapper.sendBroadcast:396 com.android.settings.applications.PermissionsSummaryHelper.sendPermissionRequest:61 com.android.settings.applications.PermissionsSummaryHelper.getPermissionSummary:34 com.android.settings.applications.InstalledAppDetails.refreshUi:504 
07-16 19:55:39.427  2263  2263 D Settings: Have 0 number of activities in preferred list
07-16 19:55:39.435  1517  1531 I ActivityManager: Start proc 2753:com.android.packageinstaller/u0a9 for broadcast com.android.packageinstaller/.permission.model.PermissionStatusReceiver
07-16 19:55:39.505  1517  1528 E BluetoothAdapter: Bluetooth binder is null
07-16 19:55:39.514  1517  1528 E KernelCpuSpeedReader: Failed to read cpu-freq
07-16 19:55:39.514  1517  1528 E KernelCpuSpeedReader: java.io.FileNotFoundException: /sys/devices/system/cpu/cpu0/cpufreq/stats/time_in_state: open failed: ENOENT (No such file or directory)
07-16 19:55:39.514  1517  1528 E KernelCpuSpeedReader: 	at libcore.io.IoBridge.open(IoBridge.java:452)
07-16 19:55:39.514  1517  1528 E KernelCpuSpeedReader: 	at java.io.FileInputStream.<init>(FileInputStream.java:76)
07-16 19:55:39.514  1517  1528 E KernelCpuSpeedReader: 	at java.io.FileInputStream.<init>(FileInputStream.java:103)
07-16 19:55:39.514  1517  1528 E KernelCpuSpeedReader: 	at java.io.FileReader.<init>(FileReader.java:66)
07-16 19:55:39.514  1517  1528 E KernelCpuSpeedReader: 	at com.android.internal.os.KernelCpuSpeedReader.readDelta(KernelCpuSpeedReader.java:49)
07-16 19:55:39.514  1517  1528 E KernelCpuSpeedReader: 	at com.android.internal.os.BatteryStatsImpl.updateCpuTimeLocked(BatteryStatsImpl.java:8002)
07-16 19:55:39.514  1517  1528 E KernelCpuSpeedReader: 	at com.android.server.am.BatteryStatsService.updateExternalStats(BatteryStatsService.java:1366)
07-16 19:55:39.514  1517  1528 E KernelCpuSpeedReader: 	at com.android.server.am.BatteryStatsService.getStatisticsStream(BatteryStatsService.java:311)
07-16 19:55:39.514  1517  1528 E KernelCpuSpeedReader: 	at com.android.internal.app.IBatteryStats$Stub.onTransact(IBatteryStats.java:178)
07-16 19:55:39.514  1517  1528 E KernelCpuSpeedReader: 	at android.os.Binder.execTransact(Binder.java:453)
07-16 19:55:39.514  1517  1528 E KernelCpuSpeedReader: Caused by: android.system.ErrnoException: open failed: ENOENT (No such file or directory)
07-16 19:55:39.514  1517  1528 E KernelCpuSpeedReader: 	at libcore.io.Posix.open(Native Method)
07-16 19:55:39.514  1517  1528 E KernelCpuSpeedReader: 	at libcore.io.BlockGuardOs.open(BlockGuardOs.java:186)
07-16 19:55:39.514  1517  1528 E KernelCpuSpeedReader: 	at libcore.io.IoBridge.open(IoBridge.java:438)
07-16 19:55:39.514  1517  1528 E KernelCpuSpeedReader: 	... 9 more
07-16 19:55:39.514  1517  1528 E KernelUidCpuTimeReader: Failed to read uid_cputime
07-16 19:55:39.514  1517  1528 E KernelUidCpuTimeReader: java.io.FileNotFoundException: /proc/uid_cputime/show_uid_stat: open failed: ENOENT (No such file or directory)
07-16 19:55:39.514  1517  1528 E KernelUidCpuTimeReader: 	at libcore.io.IoBridge.open(IoBridge.java:452)
07-16 19:55:39.514  1517  1528 E KernelUidCpuTimeReader: 	at java.io.FileInputStream.<init>(FileInputStream.java:76)
07-16 19:55:39.514  1517  1528 E KernelUidCpuTimeReader: 	at java.io.FileInputStream.<init>(FileInputStream.java:103)
07-16 19:55:39.514  1517  1528 E KernelUidCpuTimeReader: 	at java.io.FileReader.<init>(FileReader.java:66)
07-16 19:55:39.514  1517  1528 E KernelUidCpuTimeReader: 	at com.android.internal.os.KernelUidCpuTimeReader.readDelta(KernelUidCpuTimeReader.java:71)
07-16 19:55:39.514  1517  1528 E KernelUidCpuTimeReader: 	at com.android.internal.os.BatteryStatsImpl.updateCpuTimeLocked(BatteryStatsImpl.java:8031)
07-16 19:55:39.514  1517  1528 E KernelUidCpuTimeReader: 	at com.android.server.am.BatteryStatsService.updateExternalStats(BatteryStatsService.java:1366)
07-16 19:55:39.514  1517  1528 E KernelUidCpuTimeReader: 	at com.android.server.am.BatteryStatsService.getStatisticsStream(BatteryStatsService.java:311)
07-16 19:55:39.514  1517  1528 E KernelUidCpuTimeReader: 	at com.android.internal.app.IBatteryStats$Stub.onTransact(IBatteryStats.java:178)
07-16 19:55:39.514  1517  1528 E KernelUidCpuTimeReader: 	at android.os.Binder.execTransact(Binder.java:453)
07-16 19:55:39.514  1517  1528 E KernelUidCpuTimeReader: Caused by: android.system.ErrnoException: open failed: ENOENT (No such file or directory)
07-16 19:55:39.514  1517  1528 E KernelUidCpuTimeReader: 	at libcore.io.Posix.open(Native Method)
07-16 19:55:39.514  1517  1528 E KernelUidCpuTimeReader: 	at libcore.io.BlockGuardOs.open(BlockGuardOs.java:186)
07-16 19:55:39.514  1517  1528 E KernelUidCpuTimeReader: 	at libcore.io.IoBridge.open(IoBridge.java:438)
07-16 19:55:39.514  1517  1528 E KernelUidCpuTimeReader: 	... 9 more
07-16 19:55:39.515  1517  1528 E KernelWakelockReader: neither /proc/wakelocks nor /d/wakeup_sources exists
07-16 19:55:39.532  2753  2753 W System  : ClassLoader referenced unknown path: /system/priv-app/PackageInstaller/lib/x86_64
07-16 19:55:39.534  1517  1528 W BatteryStatsImpl: Couldn't get kernel wake lock stats
07-16 19:55:39.604  2263  2728 W EGL_emulation: eglSurfaceAttrib not implemented
07-16 19:55:39.604  2263  2728 W OpenGLRenderer: Failed to set EGL_SWAP_BEHAVIOR on surface 0x7f18f9591d40, error=EGL_SUCCESS
07-16 19:55:39.817  1517  1654 I ProcessStatsService: Added stats: 2016-07-14-22-57-58, over +1h30m29s934ms
07-16 19:55:39.931  1517  1536 I ActivityManager: Displayed com.android.settings/.SubSettings: +637ms
07-16 19:55:39.966  2263  2766 W ProcStatsManager: No process com.android.providers.calendar/10001 for service com.android.providers.calendar.EmptyService
07-16 19:55:39.966  2263  2766 W ProcStatsManager: No process com.android.providers.calendar/10001 for service com.android.providers.calendar.CalendarProviderIntentService
07-16 19:55:39.966  2263  2766 W ProcStatsManager: No process android.process.media/10005 for service com.android.providers.media.MediaScannerService
07-16 19:55:39.966  2263  2766 W ProcStatsManager: No process android.process.media/10005 for service com.android.providers.downloads.DownloadService
07-16 19:55:39.966  2263  2766 W ProcStatsManager: No process com.android.messaging/10053 for service com.android.messaging.datamodel.action.BackgroundWorkerService
07-16 19:55:39.966  2263  2766 W ProcStatsManager: No process com.android.messaging/10053 for service com.android.messaging.datamodel.action.ActionServiceImpl
07-16 19:55:39.967  2263  2766 W ProcStatsManager: No process com.android.defcontainer/10003 for service com.android.defcontainer.DefaultContainerService
07-16 19:55:39.967  2263  2766 W ProcStatsManager: No process com.android.printspooler/10040 for service com.android.printspooler.model.PrintSpoolerService
07-16 19:55:39.967  2263  2766 W ProcStatsManager: No process com.android.keychain/1000 for service com.android.keychain.KeyChainService
07-16 19:55:39.967  2263  2766 W ProcStatsManager: No process com.android.dialer/10004 for service com.android.dialer.calllog.CallLogNotificationsService
07-16 19:55:39.994  2263  2766 W ProcStatsManager: No process com.google.android.gms.unstable/10059 for service com.google.android.gms.droidguard.DroidGuardService
07-16 19:55:40.014  2263  2766 W ProcStatsManager: No process com.android.email/10027 for service com.android.email.service.EmailBroadcastProcessorService
07-16 19:55:40.014  2263  2766 W ProcStatsManager: No process com.android.exchange/10029 for service com.android.exchange.service.EasService
07-16 19:55:40.026  2263  2263 W ContextImpl: Calling a method in the system process without a qualified user: android.app.ContextImpl.sendBroadcast:763 android.content.ContextWrapper.sendBroadcast:396 com.android.settings.applications.PermissionsSummaryHelper.sendPermissionRequest:61 com.android.settings.applications.PermissionsSummaryHelper.getPermissionSummary:34 com.android.settings.applications.InstalledAppDetails.refreshUi:504 
07-16 19:55:40.030  2263  2263 D Settings: Have 0 number of activities in preferred list
07-16 19:55:40.088  2263  2275 I art     : Background sticky concurrent mark sweep GC freed 2655(291KB) AllocSpace objects, 4(188KB) LOS objects, 10% free, 5MB/6MB, paused 10.159ms total 59.771ms
07-16 19:55:40.129  1517  2015 I ProcessStatsService: Added stats: 2016-07-14-22-57-58, over +1h30m29s934ms
07-16 19:55:40.182  2263  2766 W ProcStatsManager: No process com.android.providers.calendar/10001 for service com.android.providers.calendar.EmptyService
07-16 19:55:40.182  2263  2766 W ProcStatsManager: No process com.android.providers.calendar/10001 for service com.android.providers.calendar.CalendarProviderIntentService
07-16 19:55:40.182  2263  2766 W ProcStatsManager: No process android.process.media/10005 for service com.android.providers.media.MediaScannerService
07-16 19:55:40.182  2263  2766 W ProcStatsManager: No process android.process.media/10005 for service com.android.providers.downloads.DownloadService
07-16 19:55:40.182  2263  2766 W ProcStatsManager: No process com.android.messaging/10053 for service com.android.messaging.datamodel.action.BackgroundWorkerService
07-16 19:55:40.183  2263  2766 W ProcStatsManager: No process com.android.messaging/10053 for service com.android.messaging.datamodel.action.ActionServiceImpl
07-16 19:55:40.183  2263  2766 W ProcStatsManager: No process com.android.defcontainer/10003 for service com.android.defcontainer.DefaultContainerService
07-16 19:55:40.183  2263  2766 W ProcStatsManager: No process com.android.printspooler/10040 for service com.android.printspooler.model.PrintSpoolerService
07-16 19:55:40.183  2263  2766 W ProcStatsManager: No process com.android.keychain/1000 for service com.android.keychain.KeyChainService
07-16 19:55:40.183  2263  2766 W ProcStatsManager: No process com.android.dialer/10004 for service com.android.dialer.calllog.CallLogNotificationsService
07-16 19:55:40.183  2263  2766 W ProcStatsManager: No process com.google.android.gms.unstable/10059 for service com.google.android.gms.droidguard.DroidGuardService
07-16 19:55:40.183  2263  2766 W ProcStatsManager: No process com.android.email/10027 for service com.android.email.service.EmailBroadcastProcessorService
07-16 19:55:40.183  2263  2766 W ProcStatsManager: No process com.android.exchange/10029 for service com.android.exchange.service.EasService
07-16 19:55:40.194  2263  2728 E Surface : getSlotFromBufferLocked: unknown buffer: 0x7f18f9676a10
07-16 19:55:40.472  1181  1181 W installd: Failed to open /data/data/android: No such file or directory
07-16 19:55:41.961  1842  2781 I VacuumService: Vacuum at: now=1468724141961 tag=VacuumService
07-16 19:55:41.988  1517  1889 I ActivityManager: Start proc 2782:com.google.android.gms.unstable/u0a59 for service com.google.android.gms/.droidguard.DroidGuardService
07-16 19:55:42.036  2782  2782 W System  : ClassLoader referenced unknown path: /system/priv-app/PrebuiltGmsCore/lib/x86_64
07-16 19:55:42.052  2782  2782 I MultiDex: VM with version 2.1.0 has multidex support
07-16 19:55:42.052  2782  2782 I MultiDex: install
07-16 19:55:42.052  2782  2782 I MultiDex: VM has multidex support, MultiDex support library is disabled.
07-16 19:55:42.095  2782  2782 V JNIHelp : Registering com/google/android/gms/org/conscrypt/NativeCrypto's 254 native methods...
07-16 19:55:42.105  2782  2782 I ProviderInstaller: Installed default security provider GmsCore_OpenSSL
07-16 19:55:42.129  1842  1842 D WearableService: callingUid 10059, callindPid: 1842
07-16 19:55:42.134  1842  2391 E MDM     : [98] b.run: Couldn't connect to Google API client: ConnectionResult{statusCode=API_UNAVAILABLE, resolution=null, message=null}
07-16 19:55:42.138  2782  2798 D NativeLibraryUtils: Install completed successfully. count=18 extracted=0
07-16 19:55:42.161  2099  2800 D LocationInitializer: Restart initialization of location
07-16 19:55:42.209  1517  1889 I AccountManagerService: getTypesVisibleToCaller: isPermitted? true
07-16 19:55:42.228  1842  1842 D AuthorizationBluetoothService: Received GmsCore event: Intent { act=com.google.android.gms.INITIALIZE flg=0x10 pkg=com.google.android.gms cmp=com.google.android.gms/.auth.be.proximity.authorization.bt.AuthorizationBluetoothService$AutoStarter }.
07-16 19:55:42.229  1180  1747 D WVCdm   : Instantiating CDM.
07-16 19:55:42.236  1180  1576 I WVCdm   : CdmEngine::OpenSession
07-16 19:55:42.237  1180  1576 I WVCdm   : Level3 Library Sep 28 2015 13:08:28
07-16 19:55:42.246  1180  1576 W WVCdm   : Could not read /data/mediadrm/IDM1013/ay64.dat2: No such file or directory
07-16 19:55:42.246  1180  1576 W WVCdm   : Could not load liboemcrypto.so. Falling back to L3.  dlopen failed: library "liboemcrypto.so" not found
07-16 19:55:42.256  1180  1576 I WVCdm   : CdmEngine::QueryKeyControlInfo
07-16 19:55:42.260  1180  1576 W WVCdm   : BufferReader::Read<T> : Failure during parse: Not enough bytes (4)
07-16 19:55:42.260  1180  1576 W WVCdm   : CdmEngine::ExtractWidevinePssh: Unable to read atom size.
07-16 19:55:42.260  1180  1576 I WVCdm   : CdmEngine::GenerateKeyRequest
07-16 19:55:42.261  1180  1576 D WVCdm   : PrepareKeyRequest: nonce=351761852
07-16 19:55:42.262  1517  1982 I AccountManagerService: getTypesVisibleToCaller: isPermitted? true
07-16 19:55:42.273  1842  1842 V GLSActivity: AuthDelegateWrapperCreated with selected intent: Intent { cmp=com.google.android.gms/.auth.DefaultAuthDelegateService }
07-16 19:55:42.277  1517  2015 I AccountManagerService: getTypesVisibleToCaller: isPermitted? true
07-16 19:55:42.281  1517  1839 I AccountManagerService: getTypesVisibleToCaller: isPermitted? true
07-16 19:55:42.287  1517  1982 I AccountManagerService: getTypesVisibleToCaller: isPermitted? true
07-16 19:55:42.316  2782  2794 I GoogleURLConnFactory: Using platform SSLCertificateSocketFactory
07-16 19:55:42.374  1842  1854 E DataBuffer: Internal data leak within a DataBuffer object detected!  Be sure to explicitly call release() on all DataBuffer extending objects when you are done with them. (internal object: com.google.android.gms.common.data.DataHolder@1a4504d)
07-16 19:55:42.392  1180  1180 I WVCdm   : CdmEngine::CloseSession
07-16 19:55:42.628  1517  1847 I AccountManagerService: getTypesVisibleToCaller: isPermitted? true
07-16 19:55:42.630  2099  2812 D UdcContextInitService: registered all accounts: true
07-16 19:55:42.822  2814  2814 W dex2oat : Unexpected CPU variant for X86 using defaults: x86_64
07-16 19:55:42.823  2814  2814 I dex2oat : /system/bin/dex2oat --dex-file=/data/user/0/com.google.android.gms/app_fb/f.apk --oat-file=/data/user/0/com.google.android.gms/app_fb/f.dex
07-16 19:55:42.823  2814  2814 E cutils-trace: Error opening trace file: Permission denied (13)
07-16 19:55:42.924  2814  2814 I dex2oat : dex2oat took 102.166ms (threads: 2) arena alloc=214KB java alloc=56KB native alloc=1344KB free=1215KB
07-16 19:55:42.929  2782  2794 W System  : ClassLoader referenced unknown path: 
07-16 19:55:42.932  2782  2794 D         : HostConnection::get() New Host Connection established 0x7f18f2e14760, tid 2794
07-16 19:55:43.133  2263  2263 W ViewRootImpl: Cancelling event due to no window focus: MotionEvent { action=ACTION_CANCEL, actionButton=0, id[0]=0, x[0]=230.16357, y[0]=957.4219, toolType[0]=TOOL_TYPE_FINGER, buttonState=0, metaState=0, flags=0x0, edgeFlags=0x0, pointerCount=1, historySize=0, eventTime=86781, downTime=82788, deviceId=0, source=0x1002 }
07-16 19:55:43.133  2263  2263 W ViewRootImpl: Cancelling event due to no window focus: MotionEvent { action=ACTION_CANCEL, actionButton=0, id[0]=0, x[0]=230.16357, y[0]=957.4219, toolType[0]=TOOL_TYPE_FINGER, buttonState=0, metaState=0, flags=0x0, edgeFlags=0x0, pointerCount=1, historySize=0, eventTime=86781, downTime=82788, deviceId=0, source=0x1002 }
07-16 19:55:43.133  2263  2263 W ViewRootImpl: Cancelling event due to no window focus: MotionEvent { action=ACTION_CANCEL, actionButton=0, id[0]=0, x[0]=230.16357, y[0]=957.4219, toolType[0]=TOOL_TYPE_FINGER, buttonState=0, metaState=0, flags=0x0, edgeFlags=0x0, pointerCount=1, historySize=0, eventTime=86781, downTime=82788, deviceId=0, source=0x1002 }
07-16 19:55:43.133  2263  2263 W ViewRootImpl: Cancelling event due to no window focus: MotionEvent { action=ACTION_CANCEL, actionButton=0, id[0]=0, x[0]=230.16357, y[0]=957.4219, toolType[0]=TOOL_TYPE_FINGER, buttonState=0, metaState=0, flags=0x0, edgeFlags=0x0, pointerCount=1, historySize=0, eventTime=86781, downTime=82788, deviceId=0, source=0x1002 }
07-16 19:55:43.240  1517  1889 I ActivityManager: START u0 {act=android.intent.action.UNINSTALL_PACKAGE dat=package:com.nest.android cmp=com.android.packageinstaller/.UninstallerActivity (has extras)} from uid 1000 on display 0
07-16 19:55:43.308  1169  1852 E SurfaceFlinger: ro.sf.lcd_density must be defined as a build property
07-16 19:55:43.309  2753  2818 D OpenGLRenderer: Use EGL_SWAP_BEHAVIOR_PRESERVED: true
07-16 19:55:43.317  2753  2753 D         : HostConnection::get() New Host Connection established 0x7f19032fe580, tid 2753
07-16 19:55:43.429  2753  2818 D         : HostConnection::get() New Host Connection established 0x7f1905342c20, tid 2818
07-16 19:55:43.466  2753  2818 I OpenGLRenderer: Initialized EGL, version 1.4
07-16 19:55:43.467  1842  2780 W GLSUser : [AppCertManager] IOException while requesting key: 
07-16 19:55:43.467  1842  2780 W GLSUser : java.io.IOException: Invalid device key response.
07-16 19:55:43.467  1842  2780 W GLSUser : 	at com.google.android.gms.auth.be.appcert.a.a(SourceFile:268)
07-16 19:55:43.467  1842  2780 W GLSUser : 	at com.google.android.gms.auth.be.appcert.a.a(SourceFile:132)
07-16 19:55:43.467  1842  2780 W GLSUser : 	at com.google.android.gms.auth.be.appcert.b.a(SourceFile:43)
07-16 19:55:43.467  1842  2780 W GLSUser : 	at com.google.android.gms.auth.b.b.a(SourceFile:62)
07-16 19:55:43.467  1842  2780 W GLSUser : 	at com.google.android.gms.auth.b.a.a(SourceFile:120)
07-16 19:55:43.467  1842  2780 W GLSUser : 	at com.google.android.gms.auth.b.a.a(SourceFile:61)
07-16 19:55:43.467  1842  2780 W GLSUser : 	at com.google.android.gms.auth.be.cron.AuthCronService.a(SourceFile:44)
07-16 19:55:43.467  1842  2780 W GLSUser : 	at com.google.android.gms.gcm.au.run(SourceFile:140)
07-16 19:55:43.547  2753  2818 W EGL_emulation: eglSurfaceAttrib not implemented
07-16 19:55:43.549  2753  2818 W OpenGLRenderer: Failed to set EGL_SWAP_BEHAVIOR on surface 0x7f1905350b80, error=EGL_SUCCESS
07-16 19:55:43.629  2753  2818 W EGL_emulation: eglSurfaceAttrib not implemented
07-16 19:55:43.629  2753  2818 W OpenGLRenderer: Failed to set EGL_SWAP_BEHAVIOR on surface 0x7f1905350c00, error=EGL_SUCCESS
07-16 19:55:44.179  2753  2753 I Choreographer: Skipped 31 frames!  The application may be doing too much work on its main thread.
07-16 19:55:44.196  1517  1536 I ActivityManager: Displayed com.android.packageinstaller/.UninstallerActivity: +933ms
07-16 19:55:46.678  1517  1903 I ActivityManager: START u0 {act=android.intent.action.VIEW cmp=com.android.packageinstaller/.UninstallAppProgress (has extras)} from uid 10009 on display 0
07-16 19:55:46.725  2753  2818 E Surface : getSlotFromBufferLocked: unknown buffer: 0x7f190a91a940
07-16 19:55:46.729  2753  2818 D OpenGLRenderer: endAllStagingAnimators on 0x7f18f9903000 (RippleDrawable) with handle 0x7f18f9905140
07-16 19:55:46.756  1517  1531 I ActivityManager: Force stopping com.nest.android appid=10070 user=-1: uninstall pkg
07-16 19:55:46.756  1517  1531 I ActivityManager: Killing 2615:com.nest.android/u0a70 (adj 9): stop com.nest.android
07-16 19:55:46.759  1517  1541 I PackageManager: Removing old permission: com.nest.android.permission.C2D_MESSAGE from package com.nest.android
07-16 19:55:46.794  1517  1839 D GraphicsStats: Buffer count: 4
07-16 19:55:46.810  1517  1541 I art     : Starting a blocking GC Explicit
07-16 19:55:46.817  2753  2818 E Surface : getSlotFromBufferLocked: unknown buffer: 0x7f190a91ab00
07-16 19:55:46.897  1517  1541 I art     : Explicit concurrent mark sweep GC freed 43274(2MB) AllocSpace objects, 15(424KB) LOS objects, 32% free, 8MB/12MB, paused 2.678ms total 74.522ms
07-16 19:55:46.917  1517  1541 W PackageManager: Couldn't remove dex file for package:  at location /data/app/com.nest.android-1/base.apk, retcode=-1
07-16 19:55:46.937  2753  2818 W EGL_emulation: eglSurfaceAttrib not implemented
07-16 19:55:46.937  2753  2818 W OpenGLRenderer: Failed to set EGL_SWAP_BEHAVIOR on surface 0x7f1905350bc0, error=EGL_SUCCESS
07-16 19:55:47.053  1517  1541 I ActivityManager: Force stopping com.nest.android appid=10070 user=0: pkg removed
07-16 19:55:47.131  1517  1536 I ActivityManager: Displayed com.android.packageinstaller/.UninstallAppProgress: +395ms
07-16 19:55:47.135  1842  2178 W GeofencerStateMachine: Ignoring removeGeofence because network location is disabled.
07-16 19:55:47.147  1828  1966 I LatinIME:LogUtils: Dictionary info: dictionary = main:en ; version = 54 ; date = 1414726273
07-16 19:55:47.149  1912  2822 D VoicemailCleanupService: Cleaning up data for package: com.nest.android
07-16 19:55:47.160  1517  1554 I InputReader: Reconfiguring input devices.  changes=0x00000010
07-16 19:55:47.167  1517  1517 D JobSchedulerService: Receieved: android.intent.action.PACKAGE_REMOVED
07-16 19:55:47.217  1517  1541 E KernelUidCpuTimeReader: failed to remove uid from uid_cputime module
07-16 19:55:47.217  1517  1541 E KernelUidCpuTimeReader: java.io.FileNotFoundException: /proc/uid_cputime/remove_uid_range: open failed: ENOENT (No such file or directory)
07-16 19:55:47.217  1517  1541 E KernelUidCpuTimeReader: 	at libcore.io.IoBridge.open(IoBridge.java:452)
07-16 19:55:47.217  1517  1541 E KernelUidCpuTimeReader: 	at java.io.FileOutputStream.<init>(FileOutputStream.java:87)
07-16 19:55:47.217  1517  1541 E KernelUidCpuTimeReader: 	at java.io.FileOutputStream.<init>(FileOutputStream.java:72)
07-16 19:55:47.217  1517  1541 E KernelUidCpuTimeReader: 	at java.io.FileWriter.<init>(FileWriter.java:80)
07-16 19:55:47.217  1517  1541 E KernelUidCpuTimeReader: 	at com.android.internal.os.KernelUidCpuTimeReader.removeUid(KernelUidCpuTimeReader.java:157)
07-16 19:55:47.217  1517  1541 E KernelUidCpuTimeReader: 	at com.android.internal.os.BatteryStatsImpl.removeUidStatsLocked(BatteryStatsImpl.java:8800)
07-16 19:55:47.217  1517  1541 E KernelUidCpuTimeReader: 	at com.android.server.am.BatteryStatsService.removeUid(BatteryStatsService.java:242)
07-16 19:55:47.217  1517  1541 E KernelUidCpuTimeReader: 	at com.android.server.am.ActivityManagerService.broadcastIntentLocked(ActivityManagerService.java:16562)
07-16 19:55:47.217  1517  1541 E KernelUidCpuTimeReader: 	at com.android.server.am.ActivityManagerService.broadcastIntent(ActivityManagerService.java:16938)
07-16 19:55:47.217  1517  1541 E KernelUidCpuTimeReader: 	at com.android.server.pm.PackageManagerService$8.run(PackageManagerService.java:9423)
07-16 19:55:47.217  1517  1541 E KernelUidCpuTimeReader: 	at android.os.Handler.handleCallback(Handler.java:739)
07-16 19:55:47.217  1517  1541 E KernelUidCpuTimeReader: 	at android.os.Handler.dispatchMessage(Handler.java:95)
07-16 19:55:47.217  1517  1541 E KernelUidCpuTimeReader: 	at android.os.Looper.loop(Looper.java:148)
07-16 19:55:47.217  1517  1541 E KernelUidCpuTimeReader: 	at android.os.HandlerThread.run(HandlerThread.java:61)
07-16 19:55:47.217  1517  1541 E KernelUidCpuTimeReader: 	at com.android.server.ServiceThread.run(ServiceThread.java:46)
07-16 19:55:47.217  1517  1541 E KernelUidCpuTimeReader: Caused by: android.system.ErrnoException: open failed: ENOENT (No such file or directory)
07-16 19:55:47.217  1517  1541 E KernelUidCpuTimeReader: 	at libcore.io.Posix.open(Native Method)
07-16 19:55:47.217  1517  1541 E KernelUidCpuTimeReader: 	at libcore.io.BlockGuardOs.open(BlockGuardOs.java:186)
07-16 19:55:47.217  1517  1541 E KernelUidCpuTimeReader: 	at libcore.io.IoBridge.open(IoBridge.java:438)
07-16 19:55:47.217  1517  1541 E KernelUidCpuTimeReader: 	... 14 more
07-16 19:55:47.262  2099  2825 D PackageBroadcastService: Received broadcast action=android.intent.action.PACKAGE_REMOVED and uri=com.nest.android
07-16 19:55:47.262  2099  2825 D AccountUtils: Clearing selected account for com.nest.android
07-16 19:55:47.355  1860  1860 D CarrierServiceBindHelper: Receive action: android.intent.action.PACKAGE_REMOVED
07-16 19:55:47.366  2263  2263 E AppInfoBase: Exception when retrieving package:com.nest.android
07-16 19:55:47.366  2263  2263 E AppInfoBase: android.content.pm.PackageManager$NameNotFoundException: com.nest.android
07-16 19:55:47.366  2263  2263 E AppInfoBase: 	at android.app.ApplicationPackageManager.getPackageInfo(ApplicationPackageManager.java:137)
07-16 19:55:47.366  2263  2263 E AppInfoBase: 	at com.android.settings.applications.AppInfoBase.retrieveAppEntry(AppInfoBase.java:123)
07-16 19:55:47.366  2263  2263 E AppInfoBase: 	at com.android.settings.applications.InstalledAppDetails.refreshUi(InstalledAppDetails.java:466)
07-16 19:55:47.366  2263  2263 E AppInfoBase: 	at com.android.settings.applications.InstalledAppDetails.onActivityResult(InstalledAppDetails.java:435)
07-16 19:55:47.366  2263  2263 E AppInfoBase: 	at android.app.Activity.dispatchActivityResult(Activity.java:6452)
07-16 19:55:47.366  2263  2263 E AppInfoBase: 	at android.app.ActivityThread.deliverResults(ActivityThread.java:3695)
07-16 19:55:47.366  2263  2263 E AppInfoBase: 	at android.app.ActivityThread.handleSendResult(ActivityThread.java:3742)
07-16 19:55:47.366  2263  2263 E AppInfoBase: 	at android.app.ActivityThread.-wrap16(ActivityThread.java)
07-16 19:55:47.366  2263  2263 E AppInfoBase: 	at android.app.ActivityThread$H.handleMessage(ActivityThread.java:1393)
07-16 19:55:47.366  2263  2263 E AppInfoBase: 	at android.os.Handler.dispatchMessage(Handler.java:102)
07-16 19:55:47.366  2263  2263 E AppInfoBase: 	at android.os.Looper.loop(Looper.java:148)
07-16 19:55:47.366  2263  2263 E AppInfoBase: 	at android.app.ActivityThread.main(ActivityThread.java:5417)
07-16 19:55:47.366  2263  2263 E AppInfoBase: 	at java.lang.reflect.Method.invoke(Native Method)
07-16 19:55:47.366  2263  2263 E AppInfoBase: 	at com.android.internal.os.ZygoteInit$MethodAndArgsCaller.run(ZygoteInit.java:726)
07-16 19:55:47.366  2263  2263 E AppInfoBase: 	at com.android.internal.os.ZygoteInit.main(ZygoteInit.java:616)
07-16 19:55:47.388  2099  2099 D ChimeraCfgMgr: Loading module com.google.android.gms.games from APK com.google.android.gms
07-16 19:55:47.415  2263  2263 W ContextImpl: Calling a method in the system process without a qualified user: android.app.ContextImpl.sendBroadcast:763 android.content.ContextWrapper.sendBroadcast:396 com.android.settings.applications.PermissionsSummaryHelper.sendPermissionRequest:61 com.android.settings.applications.PermissionsSummaryHelper.getPermissionSummary:34 com.android.settings.applications.InstalledAppDetails.refreshUi:504 
07-16 19:55:47.438  2263  2263 D Settings: Have 0 number of activities in preferred list
07-16 19:55:47.446  2263  2263 W asset   : Asset path /data/app/com.nest.android-1/base.apk is neither a directory nor file (type=1).
07-16 19:55:47.446  2263  2263 W PackageManager: Failure retrieving resources for com.nest.android
07-16 19:55:47.446  2263  2263 W asset   : Asset path /data/app/com.nest.android-1/base.apk is neither a directory nor file (type=1).
07-16 19:55:47.446  2263  2263 W PackageManager: Failure retrieving resources for com.nest.android
07-16 19:55:47.461  2099  2825 I LocationSettingsChecker: Removing dialog suppression flag for package com.nest.android
07-16 19:55:47.470  2753  2818 W EGL_emulation: eglSurfaceAttrib not implemented
07-16 19:55:47.470  2753  2818 W OpenGLRenderer: Failed to set EGL_SWAP_BEHAVIOR on surface 0x7f18f993e8c0, error=EGL_SUCCESS
07-16 19:55:47.595  1866  1997 D WidgetsModel: com.google.android.googlequicksearchbox is filtered and not added to the widget tray.
07-16 19:55:47.609  1842  1842 E NetworkScheduler.SchedulerReceiver: Invalid parameter app
07-16 19:55:47.609  1842  1842 E NetworkScheduler.SchedulerReceiver: Invalid package name : Perhaps you didn't include a PendingIntent in the extras?
07-16 19:55:47.710  2753  2818 V RenderScript: 0x7f18f93bc000 Launching thread(s), CPUs 2
07-16 19:55:47.715  1946  2829 I UpdateIcingCorporaServi: Updating corpora: APPS=com.nest.android, CONTACTS=MAYBE
07-16 19:55:47.773  1517  1847 I ActivityManager: Start proc 2833:com.android.keychain/1000 for broadcast com.android.keychain/.KeyChainBroadcastReceiver
07-16 19:55:47.886  2099  2839 D gH_CompatibleDatabase: Open SQLiteDatabase: /data/user/0/com.google.android.gms/databases/metrics.db, release reference: 1
07-16 19:55:47.886  2099  2839 D gH_CompatibleDatabase: Acquire reference of SQLiteDatabase: /data/user/0/com.google.android.gms/databases/metrics.db: 2
07-16 19:55:47.886  2099  2839 D gH_MetricsDatabase: 0 metrics were deleted when clearing package com.nest.android.
07-16 19:55:47.886  2099  2839 D gH_CompatibleDatabase: Release reference of SQLiteDatabase: /data/user/0/com.google.android.gms/databases/metrics.db: 1
