07-16 19:54:33.014  1517  1536 I art     : Starting a blocking GC Explicit
07-16 19:54:33.055  1517  1530 D GpsLocationProvider: SIM MCC/MNC is available: 310260
07-16 19:54:33.055  1517  1530 D GpsLocationProvider: Reset GPS properties, previous size = 5
07-16 19:54:33.055  1517  1530 D GpsLocationProvider: GpsParamsResource: SUPL_HOST=supl.google.com
07-16 19:54:33.055  1517  1530 D GpsLocationProvider: GpsParamsResource: SUPL_PORT=7275
07-16 19:54:33.055  1517  1530 D GpsLocationProvider: GpsParamsResource: NTP_SERVER=north-america.pool.ntp.org
07-16 19:54:33.055  1517  1530 D GpsLocationProvider: GpsParamsResource: SUPL_VER=0x20000
07-16 19:54:33.055  1517  1530 D GpsLocationProvider: GpsParamsResource: SUPL_MODE=1
07-16 19:54:33.056  1517  1530 W GpsLocationProvider: Could not open GPS configuration file /etc/gps.conf
07-16 19:54:33.056  1517  1530 D GpsLocationProvider: GPS properties reloaded, size = 5
07-16 19:54:33.056  1517  1530 E GpsLocationProvider: no AGPS interface in set_agps_server
07-16 19:54:33.073  1517  1536 I art     : Explicit concurrent mark sweep GC freed 19485(2MB) AllocSpace objects, 20(968KB) LOS objects, 33% free, 7MB/11MB, paused 436us total 50.095ms
07-16 19:54:33.101  1517  1528 W Telecom : : No account found for the calling user
07-16 19:54:33.111  1860  1860 D CarrierConfigLoader: mHandler: 7 phoneId: 0
07-16 19:54:33.116  1860  1860 E CarrierConfigLoader: Failed to get package version for: com.android.carrierconfig
07-16 19:54:33.116  1860  1860 D CarrierConfigLoader: Binding to com.android.carrierconfig for phone 0
07-16 19:54:33.128  1517  1903 W ActivityManager: Unable to start service Intent { act=android.service.carrier.CarrierService pkg=com.android.carrierconfig } U=0: not found
07-16 19:54:33.148  1860  1860 D CarrierServiceBindHelper: mHandler: 0
07-16 19:54:33.148  1860  1860 D CarrierServiceBindHelper: Binding to phoneId: 0
07-16 19:54:33.164  1860  1860 D CarrierServiceBindHelper: No carrier app for: 0
07-16 19:54:33.165  1517  1517 I Telecom : PhoneAccountRegistrar: SimCallManager queried, returning: null
07-16 19:54:33.178  1517  1654 I Telecom : PhoneAccountRegistrar: [ComponentInfo{com.android.phone/com.android.services.telephony.TelephonyConnectionService}, [e2f7d48dd2b5ca523e7313cf4ba0f6ea830b6281], UserHandle{0}(icon: Icon(typ=BITMAP size=38x48) -> Icon(typ=BITMAP size=38x48))]
07-16 19:54:33.184  1517  1654 I Telecom : : Sending phone-account intent as user
07-16 19:54:33.186  1621  1621 D PhoneStatusBar: disable: < expand ICONS alerts SYSTEM_INFO back HOME RECENT clock SEARCH quick_settings >
07-16 19:54:33.213  1842  2140 I Scheduler: Use legacy PeriodicScheduler
07-16 19:54:33.285  1621  1621 D PhoneStatusBar: disable: < expand icons* alerts system_info* back HOME RECENT clock SEARCH quick_settings >
07-16 19:54:33.365  1621  1939 W EGL_emulation: eglSurfaceAttrib not implemented
07-16 19:54:33.365  1621  1939 W OpenGLRenderer: Failed to set EGL_SWAP_BEHAVIOR on surface 0x7f18f7197ac0, error=EGL_SUCCESS
07-16 19:54:33.378  1180  1573 D AudioFlinger: mixer(0xf44c0000) throttle end: throttle time(62)
07-16 19:54:33.399  1621  1621 D PhoneStatusBar: disable: < expand icons alerts system_info back home* recent* clock search* quick_settings >
07-16 19:54:33.533  1842  2140 W InstanceID/Rpc: Found 10059
07-16 19:54:33.546  1860  1860 I Telephony: PstnIncomingCallNotifier: Unregistering: Handler (com.android.internal.telephony.gsm.GSMPhone) {349efc8}
07-16 19:54:33.649  1860  1860 I Telephony: AccountEntry: updateVideoPauseSupport -- mcc/mnc for sub: {id=1, iccId=89014103211118510720 simSlotIndex=0 displayName=Android carrierName=Android nameSource=0 iconTint=-16746133 dataRoaming=0 iconBitmap=android.graphics.Bitmap@e298751 mcc 310 mnc 260}
07-16 19:54:33.687  1517  2015 I Telecom : PhoneAccountRegistrar: [ComponentInfo{com.android.phone/com.android.services.telephony.TelephonyConnectionService}, [e2f7d48dd2b5ca523e7313cf4ba0f6ea830b6281], UserHandle{0}(icon: Icon(typ=BITMAP size=38x48) -> Icon(typ=BITMAP size=38x48))]
07-16 19:54:33.695  1842  2229 E copresGcore: ObfuscatedGaiaIdLookup: Could not load ObfuscatedGaiaIds: /data/user/0/com.google.android.gms/files/copresence_gaia_id: open failed: ENOENT (No such file or directory)
07-16 19:54:33.698  1946  1946 I VS.Container: create_recognizer
07-16 19:54:33.699  1517  2015 I Telecom : : Sending phone-account intent as user
07-16 19:54:33.716  1860  1860 I Telephony: AccountEntry: Registered phoneAccount: [[ ] PhoneAccount: ComponentInfo{com.android.phone/com.android.services.telephony.TelephonyConnectionService}, [e2f7d48dd2b5ca523e7313cf4ba0f6ea830b6281], UserHandle{0} Capabilities: 54 Schemes: tel voicemail ] with handle: ComponentInfo{com.android.phone/com.android.services.telephony.TelephonyConnectionService}, [e2f7d48dd2b5ca523e7313cf4ba0f6ea830b6281], UserHandle{0}
07-16 19:54:33.717  1860  1860 I Telephony: PstnIncomingCallNotifier: Registering: Handler (com.android.internal.telephony.gsm.GSMPhone) {349efc8}
07-16 19:54:33.743  1517  1982 W Telecom : : No account found for the calling user
07-16 19:54:33.798  1842  1842 W art     : Long monitor contention event with owner method=boolean android.app.ActivityThread.releaseProvider(android.content.IContentProvider, boolean) from ActivityThread.java:4898 waiters=0 for 134ms
07-16 19:54:33.836  1842  1842 D AuthorizationBluetoothService: Received GmsCore event: Intent { act=com.google.android.gms.INITIALIZE flg=0x10 pkg=com.google.android.gms cmp=com.google.android.gms/.auth.be.proximity.authorization.bt.AuthorizationBluetoothService$AutoStarter }.
07-16 19:54:33.853  1860  1860 I Telephony: PstnIncomingCallNotifier: Unregistering: Handler (com.android.internal.telephony.gsm.GSMPhone) {349efc8}
07-16 19:54:33.879  1621  1939 E Surface : getSlotFromBufferLocked: unknown buffer: 0x7f1905373690
07-16 19:54:33.885  1621  1939 W EGL_emulation: eglSurfaceAttrib not implemented
07-16 19:54:33.886  1621  1939 W OpenGLRenderer: Failed to set EGL_SWAP_BEHAVIOR on surface 0x7f18f8be2180, error=EGL_SUCCESS
07-16 19:54:33.896  1946  1946 W ErrorReporter: reportError [type: 29, code: 917507]: null
07-16 19:54:33.905  1842  1842 D a       : Opening database auth.proximity.permit_store...
07-16 19:54:33.957  1842  1842 E GmsWearableNodeHelper: GoogleApiClient connection failed: ConnectionResult{statusCode=API_UNAVAILABLE, resolution=null, message=null}
07-16 19:54:33.961  1842  2224 E MDM     : [76] b.run: Couldn't connect to Google API client: ConnectionResult{statusCode=API_UNAVAILABLE, resolution=null, message=null}
07-16 19:54:33.964  1517  1890 I AccountManagerService: getTypesVisibleToCaller: isPermitted? true
07-16 19:54:33.970  1517  2015 I AccountManagerService: getTypesVisibleToCaller: isPermitted? true
07-16 19:54:33.996  1842  1842 E BluetoothAdapter: Bluetooth binder is null
07-16 19:54:34.005  1860  1860 I Telephony: AccountEntry: updateVideoPauseSupport -- mcc/mnc for sub: {id=1, iccId=89014103211118510720 simSlotIndex=0 displayName=Android carrierName=Android nameSource=0 iconTint=-16746133 dataRoaming=0 iconBitmap=android.graphics.Bitmap@21c4153 mcc 310 mnc 260}
07-16 19:54:34.019  1517  1982 I Telecom : PhoneAccountRegistrar: [ComponentInfo{com.android.phone/com.android.services.telephony.TelephonyConnectionService}, [e2f7d48dd2b5ca523e7313cf4ba0f6ea830b6281], UserHandle{0}(icon: Icon(typ=BITMAP size=38x48) -> Icon(typ=BITMAP size=38x48))]
07-16 19:54:34.025  1517  1982 I Telecom : : Sending phone-account intent as user
07-16 19:54:34.032  1860  1860 I Telephony: AccountEntry: Registered phoneAccount: [[ ] PhoneAccount: ComponentInfo{com.android.phone/com.android.services.telephony.TelephonyConnectionService}, [e2f7d48dd2b5ca523e7313cf4ba0f6ea830b6281], UserHandle{0} Capabilities: 54 Schemes: tel voicemail ] with handle: ComponentInfo{com.android.phone/com.android.services.telephony.TelephonyConnectionService}, [e2f7d48dd2b5ca523e7313cf4ba0f6ea830b6281], UserHandle{0}
07-16 19:54:34.032  1860  1860 I Telephony: PstnIncomingCallNotifier: Registering: Handler (com.android.internal.telephony.gsm.GSMPhone) {349efc8}
07-16 19:54:34.048  1842  1842 V GLSActivity: AuthDelegateWrapperCreated with selected intent: Intent { cmp=com.google.android.gms/.auth.DefaultAuthDelegateService }
07-16 19:54:34.069  1842  1842 V GLSActivity: AuthDelegateWrapperCreated with selected intent: Intent { cmp=com.google.android.gms/.auth.DefaultAuthDelegateService }
07-16 19:54:34.074  1517  1889 W Telecom : : No account found for the calling user
07-16 19:54:34.077  1517  2184 I AccountManagerService: getTypesVisibleToCaller: isPermitted? true
07-16 19:54:34.077  1946  2258 I HotwordRecognitionRnr: Starting hotword detection.
07-16 19:54:34.082  1517  1654 I AccountManagerService: getTypesVisibleToCaller: isPermitted? true
07-16 19:54:34.084  1860  1860 I NotificationMgr: updateMwi(): subId 1 update to false
07-16 19:54:34.085  1517  1847 I AccountManagerService: getTypesVisibleToCaller: isPermitted? true
07-16 19:54:34.098  1946  2260 I MicrophoneInputStream: mic_starting com.google.android.apps.gsa.speech.audio.u@dcb81f4
07-16 19:54:34.115  1180  1575 D PermissionCache: checking android.permission.CAPTURE_AUDIO_HOTWORD for uid=10060 => granted (2321 us)
07-16 19:54:34.115  1180  1575 E audio_hw_generic: Error opening input stream format 1, channel_mask 0010, sample_rate 16000
07-16 19:54:34.120  1180  2269 I AudioFlinger: AudioFlinger's thread 0xf33c0000 ready to run
07-16 19:54:34.121  1517  1528 I ActivityManager: Start proc 2263:com.android.settings/1000 for broadcast com.android.settings/.sim.SimSelectNotification
07-16 19:54:34.126  1517  1982 I Telecom : PhoneAccountRegistrar: [ComponentInfo{com.android.phone/com.android.services.telephony.TelephonyConnectionService}, [e2f7d48dd2b5ca523e7313cf4ba0f6ea830b6281], UserHandle{0}(icon: Icon(typ=BITMAP size=38x48) -> Icon(typ=BITMAP size=38x48))]
07-16 19:54:34.131  1517  1982 I Telecom : : Sending phone-account intent as user
07-16 19:54:34.174  1946  2260 I MicrophoneInputStream: mic_started com.google.android.apps.gsa.speech.audio.u@dcb81f4
07-16 19:54:34.176  1517  1890 I Telecom : PhoneAccountRegistrar: [ComponentInfo{com.android.phone/com.android.services.telephony.TelephonyConnectionService}, [e2f7d48dd2b5ca523e7313cf4ba0f6ea830b6281], UserHandle{0}(icon: Icon(typ=BITMAP size=38x48) -> Icon(typ=BITMAP size=38x48))]
07-16 19:54:34.180  1517  1890 I Telecom : : Sending phone-account intent as user
07-16 19:54:34.183  1842  2229 W art     : Long monitor contention event with owner method=android.content.IContentProvider android.app.ActivityThread.acquireExistingProvider(android.content.Context, java.lang.String, int, boolean) from ActivityThread.java:4864 waiters=0 for 127ms
07-16 19:54:34.191  2263  2263 W System  : ClassLoader referenced unknown path: /system/priv-app/Settings/lib/x86_64
07-16 19:54:34.198  1842  2166 I GCoreUlr: WorldUpdater:android.location.PROVIDERS_CHANGED: Ensuring that reporting is stopped because of reasons: (no Google accounts)
07-16 19:54:34.199  1517  2184 I Telecom : PhoneAccountRegistrar: [ComponentInfo{com.android.phone/com.android.services.telephony.TelephonyConnectionService}, [e2f7d48dd2b5ca523e7313cf4ba0f6ea830b6281], UserHandle{0}(icon: Icon(typ=BITMAP size=38x48) -> Icon(typ=BITMAP size=38x48))]
07-16 19:54:34.201  1946  1946 I HotwordWorker: onReady
07-16 19:54:34.212  1517  2184 I Telecom : : Sending phone-account intent as user
07-16 19:54:34.238  1517  1529 I Telecom : PhoneAccountRegistrar: [ComponentInfo{com.android.phone/com.android.services.telephony.TelephonyConnectionService}, [e2f7d48dd2b5ca523e7313cf4ba0f6ea830b6281], UserHandle{0}(icon: Icon(typ=BITMAP size=38x48) -> Icon(typ=BITMAP size=38x48))]
07-16 19:54:34.247  1517  1529 I Telecom : : Sending phone-account intent as user
07-16 19:54:34.292  1860  1860 D TelephonyProvider: subIdString = 1 subId = 1
07-16 19:54:34.334  1842  2166 I GCoreUlr: Unbound from all location providers
07-16 19:54:34.334  1842  2166 I GCoreUlr: Place inference reporting - stopped
07-16 19:54:34.359  1842  2229 E BluetoothAdapter: Bluetooth binder is null
07-16 19:54:34.531  1517  1982 D ConnectivityService: registerNetworkAgent NetworkAgentInfo{ ni{[type: MOBILE[UMTS], state: CONNECTED/CONNECTED, reason: connected, extra: epc.tmobile.com, roaming: false, failover: false, isAvailable: true]}  network{100}  lp{{InterfaceName: eth0 LinkAddresses: [10.0.2.15/32,]  Routes: [0.0.0.0/0 -> 10.0.2.2 eth0,] DnsAddresses: [10.0.2.3,] Domains: null MTU: 1500 TcpBufferSizes: 58254,349525,1048576,58254,349525,1048576}}  nc{[ Transports: CELLULAR Capabilities: MMS&SUPL&FOTA&IMS&CBS&IA&INTERNET&NOT_RESTRICTED&TRUSTED&NOT_VPN LinkUpBandwidth>=384Kbps LinkDnBandwidth>=384Kbps Specifier: <1>]}  Score{10}  everValidated{false}  lastValidated{false}  created{false} lingering{false} explicitlySelected{false} acceptUnvalidated{false} everCaptivePortalDetected{false} lastCaptivePortalDetected{false} }
07-16 19:54:34.542  1517  1564 D ConnectivityService: NetworkAgentInfo [MOBILE (UMTS) - 100] EVENT_NETWORK_INFO_CHANGED, going from null to CONNECTED
07-16 19:54:34.552  1517  1564 D ConnectivityService: Adding iface eth0 to network 100
07-16 19:54:34.576  1842  1842 I GAv4-SVC: Google Analytics 8.4.89 is starting up.
07-16 19:54:34.631  1517  1982 D ConnectivityService: setProvNotificationVisible: E visible=false networkType=0 action=com.android.internal.telephony.PROVISION0
07-16 19:54:34.643  1517  1982 D ConnectivityService: setProvNotificationVisibleIntent SIGN_IN visible=false networkType=MOBILE extraInfo=null highPriority=false
07-16 19:54:34.653  2099  2099 I CheckinService: Checkin interval check for package: unspecified last checkin: 1468562303945 min interval config: 0 actual interval: 161770708
07-16 19:54:34.665  2099  2257 I Icing   : Storage manager: low false usage 1.61MB avail 91.25MB capacity 532.75MB
07-16 19:54:34.666  1517  1564 D ConnectivityService: Setting MTU size: eth0, 1500
07-16 19:54:34.669  1517  1564 D ConnectivityService: Adding Route [0.0.0.0/0 -> 10.0.2.2 eth0] to network 100
07-16 19:54:34.669  1866  1866 E ReflectionService: Message dropped: the service handler is null.
07-16 19:54:34.671  1517  1564 D ConnectivityService: Setting Dns servers for network 100 to [/10.0.2.3]
07-16 19:54:34.680  1517  1564 D ConnectivityService: notifyType IP_CHANGED for NetworkAgentInfo [MOBILE (UMTS) - 100]
07-16 19:54:34.686  1517  1564 D ConnectivityService: scheduleUnvalidatedPrompt 100
07-16 19:54:34.686  1517  1564 D ConnectivityService: rematching NetworkAgentInfo [MOBILE (UMTS) - 100]
07-16 19:54:34.686  1517  1564 D ConnectivityService:    accepting network in place of null
07-16 19:54:34.688  1517  1564 D ConnectivityService: Switching to new default network: NetworkAgentInfo{ ni{[type: MOBILE[UMTS], state: CONNECTED/CONNECTED, reason: connected, extra: epc.tmobile.com, roaming: false, failover: false, isAvailable: true]}  network{100}  lp{{InterfaceName: eth0 LinkAddresses: [10.0.2.15/32,]  Routes: [0.0.0.0/0 -> 10.0.2.2 eth0,] DnsAddresses: [10.0.2.3,] Domains: null MTU: 1500 TcpBufferSizes: 58254,349525,1048576,58254,349525,1048576}}  nc{[ Transports: CELLULAR Capabilities: MMS&SUPL&FOTA&IMS&CBS&IA&INTERNET&NOT_RESTRICTED&TRUSTED&NOT_VPN LinkUpBandwidth>=384Kbps LinkDnBandwidth>=384Kbps Specifier: <1>]}  Score{10}  everValidated{false}  lastValidated{false}  created{true} lingering{false} explicitlySelected{false} acceptUnvalidated{false} everCaptivePortalDetected{false} lastCaptivePortalDetected{false} }
07-16 19:54:34.718  1517  2281 D NetworkMonitor/NetworkAgentInfo [MOBILE (UMTS) - 100]: Checking http://connectivitycheck.gstatic.com/generate_204 on epc.tmobile.com, connectivitycheck.gstatic.com=216.58.194.206,2607:f8b0:4005:804::200e
07-16 19:54:34.726  1175  1516 V IdletimerController: runCmd(/system/bin/ip6tables -w -t raw -A idletimer_raw_PREROUTING -i eth0 -j IDLETIMER --timeout 10 --label 0 --send_nl_msg 1) res_ipv4=0, res_ipv6=0
07-16 19:54:34.755  1517  2281 D NetworkMonitor/NetworkAgentInfo [MOBILE (UMTS) - 100]: isCaptivePortal: ret=204 headers={null=[HTTP/1.1 204 No Content], Content-Length=[0], Date=[Sun, 17 Jul 2016 02:54:34 GMT], X-Android-Received-Millis=[1468724074754], X-Android-Response-Source=[NETWORK 204], X-Android-Selected-Protocol=[http/1.1], X-Android-Sent-Millis=[1468724074737]}
07-16 19:54:34.761  1175  1516 V IdletimerController: runCmd(/system/bin/ip6tables -w -t mangle -A idletimer_mangle_POSTROUTING -o eth0 -j IDLETIMER --timeout 10 --label 0 --send_nl_msg 1) res_ipv4=0, res_ipv6=0
07-16 19:54:34.763  1517  1564 D ConnectivityService: Setting tx/rx TCP buffers to 58254,349525,1048576,58254,349525,1048576
07-16 19:54:34.770  1621  1910 D ConnectivityManager.CallbackHandler: CM callback handler got msg 524290
07-16 19:54:34.770  1517  1564 D CSLegacyTypeTracker: Sending CONNECTED broadcast for type 0 NetworkAgentInfo [MOBILE (UMTS) - 100] isDefaultNetwork=true
07-16 19:54:34.770  1517  1564 D ConnectivityService: sendStickyBroadcast: action=android.net.conn.CONNECTIVITY_CHANGE
07-16 19:54:34.771  1517  1564 D ConnectivityService: notifyType PRECHECK for NetworkAgentInfo [MOBILE (UMTS) - 100]
07-16 19:54:34.777  1517  1535 D Tethering: MasterInitialState.processMessage what=3
07-16 19:54:34.785  1517  1564 D ConnectivityService: setProvNotificationVisibleIntent null visible=false networkType=MOBILE extraInfo=null highPriority=false
07-16 19:54:34.785  1517  1564 D ConnectivityService: NetworkAgentInfo [MOBILE (UMTS) - 100] validation  passed
07-16 19:54:34.785  1517  1564 D ConnectivityService: rematching NetworkAgentInfo [MOBILE (UMTS) - 100]
07-16 19:54:34.785  1517  1564 D ConnectivityService: notifyType CAP_CHANGED for NetworkAgentInfo [MOBILE (UMTS) - 100]
07-16 19:54:34.786  1621  1910 D ConnectivityManager.CallbackHandler: CM callback handler got msg 524289
07-16 19:54:34.789  1621  1910 D ConnectivityManager.CallbackHandler: CM callback handler got msg 524294
07-16 19:54:34.794  1517  1564 D ConnectivityService: sendStickyBroadcast: action=android.net.conn.INET_CONDITION_ACTION
07-16 19:54:34.906  1842  1842 E BluetoothAdapter: Bluetooth binder is null
07-16 19:54:34.907  1842  1842 I BleScanCompatLib: Building BLE scanner compat:  'L/M' hardware access layer is not available: BluetoothAdapter is null.
07-16 19:54:34.911  1842  1842 E BleScanCompatLib: Unable to read constant String ACTION_BLE_STATE_CHANGED via reflection
07-16 19:54:34.911  1842  1842 E BleScanCompatLib: java.lang.NullPointerException: Attempt to invoke virtual method 'java.lang.Class java.lang.Object.getClass()' on a null object reference
07-16 19:54:34.911  1842  1842 E BleScanCompatLib: 	at com.google.android.gms.blescanner.f.b.c(SourceFile:109)
07-16 19:54:34.911  1842  1842 E BleScanCompatLib: 	at com.google.android.gms.blescanner.e.a.<init>(SourceFile:76)
07-16 19:54:34.911  1842  1842 E BleScanCompatLib: 	at com.google.android.gms.blescanner.c.b.a(SourceFile:59)
07-16 19:54:34.911  1842  1842 E BleScanCompatLib: 	at com.google.android.location.places.i.b.a(SourceFile:69)
07-16 19:54:34.911  1842  1842 E BleScanCompatLib: 	at com.google.android.location.places.i.k.<init>(SourceFile:155)
07-16 19:54:34.911  1842  1842 E BleScanCompatLib: 	at com.google.android.location.places.service.aa.<init>(SourceFile:157)
07-16 19:54:34.911  1842  1842 E BleScanCompatLib: 	at com.google.android.location.places.service.PlaceDetectionService.onCreate(SourceFile:46)
07-16 19:54:34.911  1842  1842 E BleScanCompatLib: 	at android.app.ActivityThread.handleCreateService(ActivityThread.java:2877)
07-16 19:54:34.911  1842  1842 E BleScanCompatLib: 	at android.app.ActivityThread.-wrap4(ActivityThread.java)
07-16 19:54:34.911  1842  1842 E BleScanCompatLib: 	at android.app.ActivityThread$H.handleMessage(ActivityThread.java:1427)
07-16 19:54:34.911  1842  1842 E BleScanCompatLib: 	at android.os.Handler.dispatchMessage(Handler.java:102)
07-16 19:54:34.911  1842  1842 E BleScanCompatLib: 	at android.os.Looper.loop(Looper.java:148)
07-16 19:54:34.911  1842  1842 E BleScanCompatLib: 	at android.app.ActivityThread.main(ActivityThread.java:5417)
07-16 19:54:34.911  1842  1842 E BleScanCompatLib: 	at java.lang.reflect.Method.invoke(Native Method)
07-16 19:54:34.911  1842  1842 E BleScanCompatLib: 	at com.android.internal.os.ZygoteInit$MethodAndArgsCaller.run(ZygoteInit.java:726)
07-16 19:54:34.911  1842  1842 E BleScanCompatLib: 	at com.android.internal.os.ZygoteInit.main(ZygoteInit.java:616)
07-16 19:54:34.913  1842  1842 I BleScanCompatLib: BLE 'JB+' software access layer enabled
07-16 19:54:34.922  1842  1842 E BleScanCompatLib: Unable to read constant String ACTION_BLE_STATE_CHANGED via reflection
07-16 19:54:34.922  1842  1842 E BleScanCompatLib: java.lang.NullPointerException: Attempt to invoke virtual method 'java.lang.Class java.lang.Object.getClass()' on a null object reference
07-16 19:54:34.922  1842  1842 E BleScanCompatLib: 	at com.google.android.gms.blescanner.f.b.c(SourceFile:109)
07-16 19:54:34.922  1842  1842 E BleScanCompatLib: 	at com.google.android.gms.blescanner.e.a.<init>(SourceFile:76)
07-16 19:54:34.922  1842  1842 E BleScanCompatLib: 	at com.google.android.location.places.i.b.a(SourceFile:75)
07-16 19:54:34.922  1842  1842 E BleScanCompatLib: 	at com.google.android.location.places.i.k.<init>(SourceFile:155)
07-16 19:54:34.922  1842  1842 E BleScanCompatLib: 	at com.google.android.location.places.service.aa.<init>(SourceFile:157)
07-16 19:54:34.922  1842  1842 E BleScanCompatLib: 	at com.google.android.location.places.service.PlaceDetectionService.onCreate(SourceFile:46)
07-16 19:54:34.922  1842  1842 E BleScanCompatLib: 	at android.app.ActivityThread.handleCreateService(ActivityThread.java:2877)
07-16 19:54:34.922  1842  1842 E BleScanCompatLib: 	at android.app.ActivityThread.-wrap4(ActivityThread.java)
07-16 19:54:34.922  1842  1842 E BleScanCompatLib: 	at android.app.ActivityThread$H.handleMessage(ActivityThread.java:1427)
07-16 19:54:34.922  1842  1842 E BleScanCompatLib: 	at android.os.Handler.dispatchMessage(Handler.java:102)
07-16 19:54:34.922  1842  1842 E BleScanCompatLib: 	at android.os.Looper.loop(Looper.java:148)
07-16 19:54:34.922  1842  1842 E BleScanCompatLib: 	at android.app.ActivityThread.main(ActivityThread.java:5417)
07-16 19:54:34.922  1842  1842 E BleScanCompatLib: 	at java.lang.reflect.Method.invoke(Native Method)
07-16 19:54:34.922  1842  1842 E BleScanCompatLib: 	at com.android.internal.os.ZygoteInit$MethodAndArgsCaller.run(ZygoteInit.java:726)
07-16 19:54:34.922  1842  1842 E BleScanCompatLib: 	at com.android.internal.os.ZygoteInit.main(ZygoteInit.java:616)
07-16 19:54:34.925  1842  2203 W Settings: Setting airplane_mode_on has moved from android.provider.Settings.System to android.provider.Settings.Global, returning read-only value.
07-16 19:54:34.943  1517  2308 D GpsLocationProvider: NTP server returned: 1468724074982 (Sat Jul 16 19:54:34 PDT 2016) reference: 18591 certainty: 73 system time offset: 39
07-16 19:54:34.949  1517  1562 D WifiNative-HAL: Failing getSupportedFeatureset because HAL isn't started
07-16 19:54:34.965  1842  2178 W GeofencerStateMachine: Ignoring removeGeofence because network location is disabled.
07-16 19:54:34.994  2099  2257 E Icing   : Loading extension /data/data/com.google.android.gms/files/libAppDataSearchExt_x86_64.so failed
07-16 19:54:35.005  2099  2299 I EventLogService: Aggregate from 1468717585951 (log), 1468717585951 (data)
07-16 19:54:35.013  1842  2293 I Places  : b.c:195: PlacesBleScanner stop()
07-16 19:54:35.013  1842  2293 I BleScanCompatLib: Scan : No clients left, canceling alarm.
07-16 19:54:35.033  1517  1847 I ActivityManager: Start proc 2324:com.android.calendar/u0a19 for broadcast com.android.calendar/.widget.CalendarAppWidgetService$CalendarFactory
07-16 19:54:35.044  1842  1842 I GCoreUlr: DispatchingService.onDestroy()
07-16 19:54:35.044  1842  1842 I GCoreUlr: Stopping handler for UlrDispSvcFast
07-16 19:54:35.054  1842  1842 I GCoreUlr: Unbound from all location providers
07-16 19:54:35.054  1842  1842 I GCoreUlr: Place inference reporting - stopped
07-16 19:54:35.082  1842  2203 W Settings: Setting airplane_mode_on has moved from android.provider.Settings.System to android.provider.Settings.Global, returning read-only value.
07-16 19:54:35.163  2099  2345 I iu.UploadsManager: #reloadSettings(); account: -1; IU: disabled; IS: disabled; IS account: -1; photoWiFi: true; videoWiFi: true; roam: false; battery: true; size: STANDARD; maxMobile: 157286400
07-16 19:54:35.167  1517  2015 I AccountManagerService: getTypesVisibleToCaller: isPermitted? true
07-16 19:54:35.207  1517  1528 W art     : Long monitor contention event with owner method=void java.lang.Object.wait!(long, int) from Object.java:4294967294 waiters=0 for 135ms
07-16 19:54:35.210  2324  2324 W System  : ClassLoader referenced unknown path: /system/app/Calendar/lib/x86_64
07-16 19:54:35.217  2099  2345 I iu.UploadsManager: End new media; added: 0, uploading: 0, time: 53 ms
07-16 19:54:35.265  2099  2257 I Icing   : updateResources: need to parse f{com.google.android.gms}
07-16 19:54:35.265  2324  2324 D ExtensionsFactory: No custom extensions.
07-16 19:54:35.296  1517  2184 I ActivityManager: Start proc 2361:com.android.deskclock/u0a23 for broadcast com.android.deskclock/.AlarmInitReceiver
07-16 19:54:35.309  1517  1839 I ActivityManager: Start proc 2373:com.android.providers.calendar/u0a1 for content provider com.android.providers.calendar/.CalendarProvider2
07-16 19:54:35.373  2361  2361 W System  : ClassLoader referenced unknown path: /system/app/DeskClock/lib/x86_64
07-16 19:54:35.381  2373  2373 W System  : ClassLoader referenced unknown path: /system/priv-app/CalendarProvider/lib/x86_64
07-16 19:54:35.403  2073  2208 V MediaScanner: pruneDeadThumbnailFiles... android.database.sqlite.SQLiteCursor@665e4d9
07-16 19:54:35.416  2373  2373 I CalendarProvider2: Created com.android.providers.calendar.CalendarAlarmManager@d4c7925(com.android.providers.calendar.CalendarProvider2@e170afa)
07-16 19:54:35.421  2361  2361 V AlarmClock: AlarmInitReceiver android.intent.action.TIME_SET
07-16 19:54:35.422  2073  2208 V MediaScanner: /pruneDeadThumbnailFiles... android.database.sqlite.SQLiteCursor@665e4d9
07-16 19:54:35.424  1517  1847 I AccountManagerService: getTypesVisibleToCaller: isPermitted? true
07-16 19:54:35.462  2361  2389 V AlarmClock: AlarmInitReceiver finished
07-16 19:54:35.481  1180  1573 W AudioFlinger: write blocked for 1024 msecs, 1 delayed writes, thread 0xf44c0000
07-16 19:54:35.505  2099  2393 D LocationInitializer: Restart initialization of location
07-16 19:54:35.506  1842  2391 E MDM     : [98] b.run: Couldn't connect to Google API client: ConnectionResult{statusCode=API_UNAVAILABLE, resolution=null, message=null}
07-16 19:54:35.523  1842  1842 D AuthorizationBluetoothService: Received GmsCore event: Intent { act=com.google.android.gms.INITIALIZE flg=0x10 pkg=com.google.android.gms cmp=com.google.android.gms/.auth.be.proximity.authorization.bt.AuthorizationBluetoothService$AutoStarter }.
07-16 19:54:35.539  1517  1847 I AccountManagerService: getTypesVisibleToCaller: isPermitted? true
07-16 19:54:35.545  1842  1842 V GLSActivity: AuthDelegateWrapperCreated with selected intent: Intent { cmp=com.google.android.gms/.auth.DefaultAuthDelegateService }
07-16 19:54:35.548  1517  1889 I AccountManagerService: getTypesVisibleToCaller: isPermitted? true
07-16 19:54:35.551  1517  1982 I AccountManagerService: getTypesVisibleToCaller: isPermitted? true
07-16 19:54:35.553  1517  2184 I AccountManagerService: getTypesVisibleToCaller: isPermitted? true
07-16 19:54:35.705  1517  1517 I AccountManagerService: getTypesVisibleToCaller: isPermitted? true
07-16 19:54:35.719  1517  2404 I RecoverySystem: No recovery log file
07-16 19:54:35.722  1517  2404 I BootReceiver: Copying audit failures to DropBox
07-16 19:54:35.722  1517  2404 I BootReceiver: Checking for fsck errors
07-16 19:54:35.727  1517  2402 I ActivityManager: Start proc 2406:com.android.keychain/1000 for service com.android.keychain/.KeyChainService
07-16 19:54:35.742  1517  1889 I ActivityManager: Start proc 2418:com.android.dialer/u0a4 for broadcast com.android.dialer/.calllog.CallLogReceiver
07-16 19:54:35.775  2406  2406 W System  : ClassLoader referenced unknown path: /system/app/KeyChain/lib/x86_64
07-16 19:54:35.784  2418  2418 W System  : ClassLoader referenced unknown path: /system/priv-app/Dialer/lib/x86_64
07-16 19:54:35.804  2099  2257 I Icing   : Not enough disk space for indexing trimmable
07-16 19:54:35.804  2099  2257 I Icing   : Internal init done: storage state 1
07-16 19:54:35.807  2418  2418 D ExtensionsFactory: No custom extensions.
07-16 19:54:36.120  1517  1562 D WIFI    : Registering NetworkFactory
07-16 19:54:36.120  1517  1562 D WIFI_UT : Registering NetworkFactory
07-16 19:54:36.122  1517  1564 D ConnectivityService: Got NetworkFactory Messenger for WIFI
07-16 19:54:36.122  1517  1564 D ConnectivityService: Got NetworkFactory Messenger for WIFI_UT
07-16 19:54:36.123  1860  1860 V OtaStartupReceiver: onOtaspChanged: mOtaspMode=3
07-16 19:54:36.126  1517  1562 D WIFI    : got request NetworkRequest [ id=1, legacyType=-1, [ Capabilities: INTERNET&NOT_RESTRICTED&TRUSTED&NOT_VPN] ] with score 50
07-16 19:54:36.126  1517  1562 D WIFI_UT : got request NetworkRequest [ id=1, legacyType=-1, [ Capabilities: INTERNET&NOT_RESTRICTED&TRUSTED&NOT_VPN] ] with score 50
07-16 19:54:36.153  2099  2278 W art     : Long monitor contention event with owner method=android.app.IActivityManager$ContentProviderHolder android.app.ActivityThread.installProvider(android.content.Context, android.app.IActivityManager$ContentProviderHolder, android.content.pm.ProviderInfo, boolean, boolean, boolean) from ActivityThread.java:5170 waiters=0 for 305ms
07-16 19:54:36.197  1517  1529 I ActivityManager: Start proc 2443:com.android.managedprovisioning/u0a8 for broadcast com.android.managedprovisioning/.BootReminder
07-16 19:54:36.230  2443  2443 W System  : ClassLoader referenced unknown path: /system/priv-app/ManagedProvisioning/lib/x86_64
07-16 19:54:36.233  2099  2257 I Icing   : Post-init done
07-16 19:54:36.355  2099  2257 I Icing   : Usage reports 2 indexed 0 rejected 0 imm upload true
07-16 19:54:36.557  2373  2373 I CalendarProvider2: Sending notification intent: Intent { act=android.intent.action.PROVIDER_CHANGED dat=content://com.android.calendar }
07-16 19:54:36.557  2373  2373 W ContentResolver: Failed to get type for: content://com.android.calendar (Unknown URL content://com.android.calendar)
07-16 19:54:36.668  2073  2460 W MediaScanner: Error opening directory '/oem/media/', skipping: No such file or directory.
07-16 19:54:36.746  2073  2460 V MediaScanner: pruneDeadThumbnailFiles... android.database.sqlite.SQLiteCursor@5087de4
07-16 19:54:36.746  2073  2460 V MediaScanner: /pruneDeadThumbnailFiles... android.database.sqlite.SQLiteCursor@5087de4
07-16 19:54:37.100  2099  2461 D FileApkUtils: Spent 15ms computing apk sha1.
07-16 19:54:37.100  2099  2461 D FileApkUtils: Module already staged or being staged:chimera-modules/MapsModule.apk
07-16 19:54:37.108  2099  2461 D DexOptUtils: Module /data/user/0/com.google.android.gms/app_chimera/chimera-module-root/module-a3e4fba11e705727c59ff3116ef21fa4834b9f56/MapsModule.apk is already optimized. Bailing.
07-16 19:54:37.108  2099  2461 D FileApkUtils: Keeping up-to-date module: module-a3e4fba11e705727c59ff3116ef21fa4834b9f56
07-16 19:54:37.109  2099  2461 D ChimeraCfgMgr: Reading stored module config
07-16 19:54:37.131  2099  2461 D GmsModuleFndr: Beginning GMS chimera module scan
07-16 19:54:37.137  2099  2099 W InstanceID/Rpc: Found 10059
07-16 19:54:37.146  2099  2461 D GmsModuleFndr: Module pkg com.google.android.play.games not installed, skipping
07-16 19:54:37.148  2099  2461 D GmsModuleFndr: Module pkg com.google.android.apps.kids.familylink not installed, skipping
07-16 19:54:37.148  2099  2461 D ChimeraCfgMgr: Beginning module configuration check
07-16 19:54:37.154  2099  2461 D ChimeraCfgMgr: Module APKs unchanged, check complete
07-16 19:54:37.251  2099  2470 D GCM     : COMPAT: Multi user not supported
07-16 19:54:37.276  2099  2099 I CheckinService: Checkin interval check for package: unspecified last checkin: 1468562303945 min interval config: 0 actual interval: 161773331
07-16 19:54:37.280  2099  2470 I GCoreUlr: Starting service, intent=Intent { act=com.google.android.location.reporting.ACTION_UPDATE_WORLD cmp=com.google.android.gms/com.google.android.location.reporting.service.DispatchingService (has extras) }, extras=Bundle[{receiverAction=android.intent.action.BOOT_COMPLETED}]
07-16 19:54:37.293  1842  1842 D GCM     : COMPAT: Multi user not supported
07-16 19:54:37.303  2099  2099 D SystemUpdateService: onCreate
07-16 19:54:37.322  2099  2474 I CheckinService: Disabling old GoogleServicesFramework version
07-16 19:54:37.335  2099  2099 D SystemUpdateService: onStartCommand: intent: Intent { cmp=com.google.android.gms/.update.SystemUpdateService (has extras) }
07-16 19:54:37.354  2099  2099 D ChimeraCfgMgr: Loading module com.google.android.gms.gass from APK com.google.android.gms
07-16 19:54:37.362  2099  2099 D BootCompletedReceiver: Will schedule periodic tasks:android.intent.action.BOOT_COMPLETED.
07-16 19:54:37.362  2099  2099 D BootCompletedReceiver: Got an BootCompleted event.
07-16 19:54:37.366  1517  1839 I AccountManagerService: getTypesVisibleToCaller: isPermitted? true
07-16 19:54:37.381  2099  2099 D BootCompletedReceiver: Will NOT schedule AdAttestation signal task because it's disabled.
07-16 19:54:37.403  2099  2480 V AuthZen : Handling intent: android.intent.action.BOOT_COMPLETED
07-16 19:54:37.414  2099  2480 D AuthZenEventHandler: Handling event: android.intent.action.BOOT_COMPLETED
07-16 19:54:37.508  2099  2480 W BaseAppContext: Using Auth Proxy for data requests.
07-16 19:54:37.584  2099  2480 E BaseAppContext: Tried to stop global GMSCore RequestQueue. This is likely unintended, so ignoring.
07-16 19:54:37.642  1517  1903 I AccountManagerService: getTypesVisibleToCaller: isPermitted? true
07-16 19:54:37.648  2099  2480 D AuthZenTransactionCache: Initialized cache in: /data/user/0/com.google.android.gms/files
07-16 19:54:37.648  2099  2480 D AuthZenTransactionCache: Clearing transaction cache
07-16 19:54:37.659  1946  2246 I MicrophoneInputStream: mic_close com.google.android.apps.gsa.speech.audio.u@dcb81f4
07-16 19:54:37.671  1517  1569 W AudioTrack: AUDIO_OUTPUT_FLAG_FAST denied by client; transfer 4, track 48000 Hz, output 44100 Hz
07-16 19:54:37.681  1946  2258 I HotwordRecognitionRnr: Hotword detection finished
07-16 19:54:37.688  1946  2254 I HotwordRecognitionRnr: Stopping hotword detection.
07-16 19:54:38.185  2099  2478 I SystemUpdateService: cancelUpdate (empty URL)
07-16 19:54:38.185  2099  2478 I SystemUpdateService: active receiver: disabled
07-16 19:54:38.222  2099  2099 D SystemUpdateService: onDestroy
07-16 19:54:38.225  1842  2502 D GCM     : GcmService start Intent { act=android.intent.action.BOOT_COMPLETED flg=0x8000010 cmp=com.google.android.gms/.gcm.GcmService (has extras) } android.intent.action.BOOT_COMPLETED
07-16 19:54:38.227  1842  1842 I GCoreUlr: DispatchingService.onCreate()
07-16 19:54:38.250  2099  2475 I CheckinService: Checking schedule, now: 1468724078250 next: 1469151751705
07-16 19:54:38.265  2099  2475 I CheckinService: active receiver: disabled
07-16 19:54:38.390  1842  2501 I GCM     : GCM config loaded
07-16 19:54:38.443  1842  1842 W Auth    : [FRP,FrpUpdateIntentService] Received invalid intent action: com.google.android.gms.auth.ACTION_INVALID
07-16 19:54:38.456  1842  1842 V GLSActivity: AuthDelegateWrapperCreated with selected intent: Intent { cmp=com.google.android.gms/.auth.DefaultAuthDelegateService }
07-16 19:54:38.459  1517  2184 I AccountManagerService: getTypesVisibleToCaller: isPermitted? true
07-16 19:54:38.461  1517  1890 I AccountManagerService: getTypesVisibleToCaller: isPermitted? true
07-16 19:54:38.463  1517  1654 I AccountManagerService: getTypesVisibleToCaller: isPermitted? true
07-16 19:54:38.470  1946  2210 I WebViewFactory: Loading com.android.webview version 44.0.2403.119 (code 246011960)
07-16 19:54:38.479  1842  1842 D PersistentNotificationBroadcastReceiver: Received intent: Intent { act=android.intent.action.BOOT_COMPLETED flg=0x8000010 cmp=com.google.android.gms/.common.notification.PersistentNotificationBroadcastReceiver (has extras) }
07-16 19:54:38.493  1842  2505 I GCoreUlr: WorldUpdater received intent Intent { act=com.google.android.location.reporting.ACTION_UPDATE_WORLD cmp=com.google.android.gms/com.google.android.location.reporting.service.DispatchingService (has extras) } with receiverAction android.intent.action.BOOT_COMPLETED
07-16 19:54:38.525  1517  1903 I AccountManagerService: getTypesVisibleToCaller: isPermitted? true
07-16 19:54:38.571  1946  2210 W System  : ClassLoader referenced unknown path: /system/app/webview/lib/x86
07-16 19:54:38.592  2324  2324 D AlertReceiver: onReceive: a=android.intent.action.BOOT_COMPLETED Intent { act=android.intent.action.BOOT_COMPLETED flg=0x8000010 cmp=com.android.calendar/.alerts.AlertReceiver (has extras) }
07-16 19:54:38.622  1946  2210 I LibraryLoader: Time to load native libraries: 16 ms (timestamps 2255-2271)
07-16 19:54:38.623  1946  2210 I LibraryLoader: Expected native library version number "",actual native library version number ""
07-16 19:54:38.632  2361  2361 V AlarmClock: AlarmInitReceiver android.intent.action.BOOT_COMPLETED
07-16 19:54:38.633  1946  2210 W art     : Attempt to remove non-JNI local reference, dumping thread
07-16 19:54:38.638  2361  2389 V AlarmClock: AlarmInitReceiver - Reset timers and clear stopwatch data
07-16 19:54:38.656  2324  2523 D AlertService: 0 Action = android.intent.action.BOOT_COMPLETED
07-16 19:54:38.687  2361  2389 V AlarmClock: AlarmInitReceiver finished
07-16 19:54:38.694  1517  1528 I ActivityManager: Start proc 2531:com.android.email/u0a27 for broadcast com.android.email/.service.EmailBroadcastReceiver
07-16 19:54:38.699  1946  2210 W Search.SearchUrlHelper: Auth token not ready, no auth header set.
07-16 19:54:38.706  2324  2523 D AlertService: Scheduling next alarm with AlarmScheduler. sEventReminderReceived: null
07-16 19:54:38.724  2531  2531 W System  : ClassLoader referenced unknown path: /system/app/Email/lib/x86_64
07-16 19:54:38.759  2324  2523 D AlarmScheduler: No events found starting within 1 week.
07-16 19:54:38.817  1842  2505 I GCoreUlr: WorldUpdater:android.intent.action.BOOT_COMPLETED: Ensuring that reporting is stopped because of reasons: (no Google accounts)
07-16 19:54:38.818  1946  2210 W art     : Attempt to remove non-JNI local reference, dumping thread
07-16 19:54:38.827  1517  1563 D WifiService: New client listening to asynchronous messages
07-16 19:54:38.828  1842  2505 I GCoreUlr: Unbound from all location providers
07-16 19:54:38.828  1842  2505 I GCoreUlr: Place inference reporting - stopped
07-16 19:54:38.859  1842  1842 I GCoreUlr: DispatchingService.onDestroy()
07-16 19:54:38.859  1842  1842 I GCoreUlr: Stopping handler for UlrDispSvcFast
07-16 19:54:38.871  1517  2184 I ActivityManager: Start proc 2551:com.android.exchange/u0a29 for service com.android.exchange/.service.EasService
07-16 19:54:38.885  1842  1842 I GCoreUlr: Unbound from all location providers
07-16 19:54:38.885  1842  1842 I GCoreUlr: Place inference reporting - stopped
07-16 19:54:38.906  2551  2551 W System  : ClassLoader referenced unknown path: /system/app/Exchange2/lib/x86_64
07-16 19:54:38.915  1517  2015 I AccountManagerService: getTypesVisibleToCaller: isPermitted? true
07-16 19:54:38.915  1517  1528 I AccountManagerService: getTypesVisibleToCaller: isPermitted? true
07-16 19:54:38.928  1517  1529 I AccountManagerService: getTypesVisibleToCaller: isPermitted? true
07-16 19:54:38.928  1517  2184 I AccountManagerService: getTypesVisibleToCaller: isPermitted? true
07-16 19:54:38.944  1517  1847 W ActivityManager: Unable to start service Intent { cmp=com.android.email/.service.AttachmentService } U=0: not found
07-16 19:54:38.951  2531  2574 I Email   : Observing account changes for notifications
07-16 19:54:39.008  1828  1828 I SystemBroadcastReceiver: Boot has been completed
07-16 19:54:39.008  1828  1828 I SystemBroadcastReceiver: toggleAppIcon() : FLAG_SYSTEM = true
07-16 19:54:39.023  1517  1529 I AccountManagerService: getTypesVisibleToCaller: isPermitted? true
07-16 19:54:39.024  1517  1982 I AccountManagerService: getTypesVisibleToCaller: isPermitted? true
07-16 19:54:39.027  2551  2551 I Exchange: EasService.onCreate
07-16 19:54:39.030  1517  1654 I ActivityManager: Start proc 2578:com.android.messaging/u0a53 for broadcast com.android.messaging/.receiver.BootAndPackageReplacedReceiver
07-16 19:54:39.040  2551  2591 I Exchange: RestartPingTask
07-16 19:54:39.047  2531  2531 E ActivityThread: Service com.android.email.service.EmailBroadcastProcessorService has leaked ServiceConnection com.android.emailcommon.service.ServiceProxy$ProxyConnection@17c729b that was originally bound here
07-16 19:54:39.047  2531  2531 E ActivityThread: android.app.ServiceConnectionLeaked: Service com.android.email.service.EmailBroadcastProcessorService has leaked ServiceConnection com.android.emailcommon.service.ServiceProxy$ProxyConnection@17c729b that was originally bound here
07-16 19:54:39.047  2531  2531 E ActivityThread: 	at android.app.LoadedApk$ServiceDispatcher.<init>(LoadedApk.java:1092)
07-16 19:54:39.047  2531  2531 E ActivityThread: 	at android.app.LoadedApk.getServiceDispatcher(LoadedApk.java:986)
07-16 19:54:39.047  2531  2531 E ActivityThread: 	at android.app.ContextImpl.bindServiceCommon(ContextImpl.java:1303)
07-16 19:54:39.047  2531  2531 E ActivityThread: 	at android.app.ContextImpl.bindService(ContextImpl.java:1286)
07-16 19:54:39.047  2531  2531 E ActivityThread: 	at android.content.ContextWrapper.bindService(ContextWrapper.java:604)
07-16 19:54:39.047  2531  2531 E ActivityThread: 	at com.android.emailcommon.service.ServiceProxy.setTask(ServiceProxy.java:181)
07-16 19:54:39.047  2531  2531 E ActivityThread: 	at com.android.emailcommon.service.ServiceProxy.test(ServiceProxy.java:224)
07-16 19:54:39.047  2531  2531 E ActivityThread: 	at com.android.email.service.EmailServiceUtils.isServiceAvailable(EmailServiceUtils.java:160)
07-16 19:54:39.047  2531  2531 E ActivityThread: 	at com.android.email.provider.AccountReconciler.reconcileAccountsInternal(AccountReconciler.java:171)
07-16 19:54:39.047  2531  2531 E ActivityThread: 	at com.android.email.provider.AccountReconciler.reconcileAccounts(AccountReconciler.java:115)
07-16 19:54:39.047  2531  2531 E ActivityThread: 	at com.android.email.service.EmailBroadcastProcessorService.reconcileAndStartServices(EmailBroadcastProcessorService.java:305)
07-16 19:54:39.047  2531  2531 E ActivityThread: 	at com.android.email.service.EmailBroadcastProcessorService.onBootCompleted(EmailBroadcastProcessorService.java:295)
07-16 19:54:39.047  2531  2531 E ActivityThread: 	at com.android.email.service.EmailBroadcastProcessorService.onHandleIntent(EmailBroadcastProcessorService.java:130)
07-16 19:54:39.047  2531  2531 E ActivityThread: 	at android.app.IntentService$ServiceHandler.handleMessage(IntentService.java:66)
07-16 19:54:39.047  2531  2531 E ActivityThread: 	at android.os.Handler.dispatchMessage(Handler.java:102)
07-16 19:54:39.047  2531  2531 E ActivityThread: 	at android.os.Looper.loop(Looper.java:148)
07-16 19:54:39.047  2531  2531 E ActivityThread: 	at android.os.HandlerThread.run(HandlerThread.java:61)
07-16 19:54:39.076  2578  2578 W System  : ClassLoader referenced unknown path: /system/app/messaging/lib/x86_64
07-16 19:54:39.084  2551  2551 I Exchange: RestartPingsTask did not start any pings.
07-16 19:54:39.084  2551  2551 I Exchange: PSS stopIfIdle
07-16 19:54:39.084  2551  2551 I Exchange: PSS has no active accounts; stopping service.
07-16 19:54:39.085  2551  2551 I Exchange: onDestroy
07-16 19:54:39.218  2578  2578 I MessagingApp: Carrier config changed. Reloading MMS config.
07-16 19:54:39.230  2578  2598 I MessagingAppDataModel: Fixup: Send failed - 0 Download failed - 0
07-16 19:54:39.279  1842  1842 V UserPresentBroadcastReceiver: Received Intent { act=android.intent.action.USER_PRESENT flg=0x24000010 cmp=com.google.android.gms/.auth.trustagent.UserPresentBroadcastReceiver }.
07-16 19:54:39.376  2578  2607 I MessagingAppDataModel: SyncMessagesAction: Starting batch for messages from 1468717589196 to 1468724079189 (message update limit = 80, message scan limit = 4000)
07-16 19:54:39.594  1517  1889 I AccountManagerService: getTypesVisibleToCaller: isPermitted? true
07-16 19:54:39.596  2099  2099 E MDM     : [1] SitrepService.a: No Google accounts; deferring server state update.
07-16 19:54:39.634  1517  1839 I ActivityManager: START u0 {act=android.intent.action.MAIN cat=[android.intent.category.LAUNCHER] flg=0x10200000 cmp=com.nest.android/com.obsidian.v4.activity.LoginActivity (has extras)} from uid 10060 on display 0
07-16 19:54:39.678  1180  1573 D AudioFlinger: mixer(0xf44c0000) throttle end: throttle time(55)
07-16 19:54:39.747  1517  1536 D         : HostConnection::get() New Host Connection established 0x7f18f617d680, tid 1536
07-16 19:54:39.800  1517  1529 I ActivityManager: Start proc 2615:com.nest.android/u0a70 for activity com.nest.android/com.obsidian.v4.activity.LoginActivity
07-16 19:54:39.827  2578  2609 I MessagingAppDataModel: SyncMessagesAction: All messages now in sync
07-16 19:54:39.832  2099  2099 D NetworkLogImpl: Loaded NetworkSpeedPredictor
07-16 19:54:39.833  2099  2614 I iu.SyncManager: SYNC; picasa accounts
07-16 19:54:39.898  2099  2099 I iu.Environment: update connectivity state; isNetworkMetered? true*, isRoaming? false, isBackgroundDataAllowed? true*
07-16 19:54:39.946  2099  2614 I iu.UploadsManager: num queued entries: 0
07-16 19:54:39.947  2099  2614 I iu.UploadsManager: num updated entries: 0
07-16 19:54:39.947  2099  2614 I iu.SyncManager: NEXT; no task
07-16 19:54:40.205  1517  1654 D CountryDetector: The first listener is added
07-16 19:54:40.217  2099  2109 I art     : Background sticky concurrent mark sweep GC freed 7858(1441KB) AllocSpace objects, 2(40KB) LOS objects, 14% free, 8MB/9MB, paused 18.334ms total 74.783ms
07-16 19:54:40.290  2324  2324 D AlertReceiver: onReceive: a=android.intent.action.PROVIDER_CHANGED Intent { act=android.intent.action.PROVIDER_CHANGED dat=content://com.android.calendar flg=0x10 cmp=com.android.calendar/.alerts.AlertReceiver }
07-16 19:54:40.354  2324  2630 D AlertService: 0 Action = android.intent.action.PROVIDER_CHANGED
07-16 19:54:40.634  1842  1842 V GLSActivity: AuthDelegateWrapperCreated with selected intent: Intent { cmp=com.google.android.gms/.auth.DefaultAuthDelegateService }
07-16 19:54:40.750  1842  1842 W GLSUser : [DeviceKeyStore] Cannot load key: Device key file not found.
07-16 19:54:41.060  1517  1847 I AccountManagerService: getTypesVisibleToCaller: isPermitted? true
07-16 19:54:41.217  1842  1856 I art     : Background partial concurrent mark sweep GC freed 20386(1574KB) AllocSpace objects, 17(340KB) LOS objects, 34% free, 7MB/11MB, paused 10.887ms total 72.704ms
07-16 19:54:41.292  2615  2625 I art     : Background sticky concurrent mark sweep GC freed 19328(1466KB) AllocSpace objects, 5(100KB) LOS objects, 36% free, 2MB/3MB, paused 15.636ms total 87.275ms
07-16 19:54:41.373  1866  2097 E Surface : getSlotFromBufferLocked: unknown buffer: 0xe1842620
07-16 19:54:41.550  2615  2615 I GAv4    : Google Analytics 8.1.15 is starting up. To enable debug logging on a device run:
07-16 19:54:41.550  2615  2615 I GAv4    :   adb shell setprop log.tag.GAv4 DEBUG
07-16 19:54:41.550  2615  2615 I GAv4    :   adb logcat -s GAv4
07-16 19:54:41.700  2615  2615 W GAv4    : AnalyticsReceiver is not registered or is disabled. Register the receiver for reliable dispatching on non-Google Play devices. See http://goo.gl/8Rd3yj for instructions.
07-16 19:54:41.748  2615  2615 W GAv4    : CampaignTrackingReceiver is not registered, not exported or is disabled. Installation campaign tracking is not possible. See http://goo.gl/8Rd3yj for instructions.
07-16 19:54:41.940  2615  2615 E BluetoothAdapter: Bluetooth binder is null
07-16 19:54:42.123  1169  1586 E SurfaceFlinger: ro.sf.lcd_density must be defined as a build property
07-16 19:54:42.125  2615  2654 D OpenGLRenderer: Use EGL_SWAP_BEHAVIOR_PRESERVED: true
07-16 19:54:42.200  2615  2651 W GAv4    : AnalyticsService not registered in the app manifest. Hits might not be delivered reliably. See http://goo.gl/8Rd3yj for instructions.
07-16 19:54:42.210  2615  2654 D         : HostConnection::get() New Host Connection established 0xecbaee40, tid 2654
07-16 19:54:42.224  2615  2654 I OpenGLRenderer: Initialized EGL, version 1.4
07-16 19:54:42.262  2615  2654 W EGL_emulation: eglSurfaceAttrib not implemented
07-16 19:54:42.262  2615  2654 W OpenGLRenderer: Failed to set EGL_SWAP_BEHAVIOR on surface 0xecbb36e0, error=EGL_SUCCESS
07-16 19:54:42.305  1842  2224 D GCM     : GcmService start Intent { act=com.google.android.checkin.CHECKIN_COMPLETE flg=0x10 cmp=com.google.android.gms/.gcm.GcmService (has extras) } com.google.android.checkin.CHECKIN_COMPLETE
07-16 19:54:42.360  2578  2597 W MessagingApp: canonicalizeMccMnc: invalid mccmnc:null ,null
07-16 19:54:42.402  1517  1536 I ActivityManager: Displayed com.nest.android/com.obsidian.v4.activity.LoginActivity: +2s628ms
07-16 19:54:42.677  2099  2099 I GAv4-SVC: Google Analytics 8.4.89 is starting up.
07-16 19:54:42.692  1517  1564 D ConnectivityService: handlePromptUnvalidated 100
07-16 19:54:42.725  1517  1839 D MmsServiceBroker: getCarrierConfigValues() by com.android.messaging
07-16 19:54:42.725  1517  1839 W MmsServiceBroker: MmsService not connected. Try connecting...
