07-16 19:55:47.916  2753  2818 E Surface : getSlotFromBufferLocked: unknown buffer: 0x7f190a91aef0
07-16 19:55:47.917  2099  2839 D gH_CompatibleDatabase: Open SQLiteDatabase: /data/user/0/com.google.android.gms/databases/help_responses.db, release reference: 1
07-16 19:55:47.917  2099  2839 D gH_CompatibleDatabase: Acquire reference of SQLiteDatabase: /data/user/0/com.google.android.gms/databases/help_responses.db: 2
07-16 19:55:47.926  2099  2839 D gH_CompatibleDatabase: Release reference of SQLiteDatabase: /data/user/0/com.google.android.gms/databases/help_responses.db: 1
07-16 19:55:47.935  2263  2728 W EGL_emulation: eglSurfaceAttrib not implemented
07-16 19:55:47.935  2263  2728 W OpenGLRenderer: Failed to set EGL_SWAP_BEHAVIOR on surface 0x7f18f84df000, error=EGL_SUCCESS
07-16 19:55:47.940  2099  2839 D gH_CompatibleDatabase: Open SQLiteDatabase: /data/user/0/com.google.android.gms/databases/auto_complete_suggestions.db, release reference: 1
07-16 19:55:47.940  2099  2839 D gH_CompatibleDatabase: Acquire reference of SQLiteDatabase: /data/user/0/com.google.android.gms/databases/auto_complete_suggestions.db: 2
07-16 19:55:47.942  2099  2839 D gH_CompatibleDatabase: Release reference of SQLiteDatabase: /data/user/0/com.google.android.gms/databases/auto_complete_suggestions.db: 1
07-16 19:55:47.943  2099  2839 D gH_CompatibleDatabase: Close SQLiteDatabase: /data/user/0/com.google.android.gms/databases/metrics.db, release reference: 0
07-16 19:55:47.943  2099  2839 D gH_CompatibleDatabase: Close SQLiteDatabase: /data/user/0/com.google.android.gms/databases/help_responses.db, release reference: 0
07-16 19:55:47.943  2099  2839 D gH_CompatibleDatabase: Close SQLiteDatabase: /data/user/0/com.google.android.gms/databases/auto_complete_suggestions.db, release reference: 0
07-16 19:55:48.005  2753  2753 I Choreographer: Skipped 30 frames!  The application may be doing too much work on its main thread.
07-16 19:55:48.055  2833  2833 W System  : ClassLoader referenced unknown path: /system/app/KeyChain/lib/x86_64
07-16 19:55:48.104  2833  2833 W ContextImpl: Calling a method in the system process without a qualified user: android.app.ContextImpl.startService:1221 android.content.ContextWrapper.startService:581 android.content.ContextWrapper.startService:581 com.android.keychain.KeyChainBroadcastReceiver.onReceive:12 android.app.ActivityThread.handleReceiver:2725 
07-16 19:55:48.132  2099  2825 I GMPM-SVC: App measurement is starting up, version: 8489
07-16 19:55:48.132  2099  2825 I GMPM-SVC: To enable debug logging run: adb shell setprop log.tag.GMPM VERBOSE
07-16 19:55:48.283  1517  1517 I ActivityManager: Start proc 2859:com.android.documentsui/u0a26 for broadcast com.android.documentsui/.PackageReceiver
07-16 19:55:48.360  2099  2849 W BaseAppContext: Using Auth Proxy for data requests.
07-16 19:55:48.399  2263  2263 W art     : Long monitor contention event with owner method=void com.android.settingslib.applications.ApplicationsState$BackgroundHandler.handleMessage(android.os.Message) from ApplicationsState.java:850 waiters=0 for 171ms
07-16 19:55:48.402  2099  2849 W BaseAppContext: Using Auth Proxy for data requests.
07-16 19:55:48.448  2099  2099 W art     : Long monitor contention event with owner method=boolean android.os.BinderProxy.transactNative(int, android.os.Parcel, android.os.Parcel, int) from Binder.java:4294967294 waiters=1 for 162ms
07-16 19:55:48.450  2099  2257 I Icing   : doRemovePackageData com.nest.android
07-16 19:55:48.539  1517  1889 I AccountManagerService: getTypesVisibleToCaller: isPermitted? true
07-16 19:55:48.597  2859  2859 W System  : ClassLoader referenced unknown path: /system/app/DocumentsUI/lib/x86_64
07-16 19:55:48.652  1517  1847 D ConnectivityService: listenForNetwork for Listen from uid/pid:10059/2099 for NetworkRequest [ id=4, legacyType=-1, [ Capabilities: INTERNET&NOT_RESTRICTED&TRUSTED&NOT_VPN] ]
07-16 19:55:48.653  1517  1564 D ConnectivityService: rematching NetworkAgentInfo [MOBILE (UMTS) - 100]
07-16 19:55:48.664  2099  2874 D ConnectivityManager.CallbackHandler: CM callback handler got msg 524290
07-16 19:55:48.780  1842  2502 D GCM     : GcmService start Intent { act=com.google.android.gms.gcm.PACKAGE_FULLY_REMOVED cmp=com.google.android.gms/.gcm.GcmService (has extras) } com.google.android.gms.gcm.PACKAGE_FULLY_REMOVED
07-16 19:55:48.798  1517  2015 I AccountManagerService: getTypesVisibleToCaller: isPermitted? true
07-16 19:55:48.810  2099  2858 I PeopleContactsSync: triggerPendingContactsCleanup: no accounts
07-16 19:55:48.841  1517  1903 I AccountManagerService: getTypesVisibleToCaller: isPermitted? true
07-16 19:55:48.866  1517  1890 I AccountManagerService: getTypesVisibleToCaller: isPermitted? true
07-16 19:55:48.896  2263  2263 W art     : Long monitor contention event with owner method=void com.android.settingslib.applications.ApplicationsState$BackgroundHandler.handleMessage(android.os.Message) from ApplicationsState.java:850 waiters=0 for 427ms
07-16 19:55:48.911  2099  2858 I PeopleDatabaseHelper: cleanUpNonGplusAccounts done.
07-16 19:55:48.962  1517  2184 I AccountManagerService: getTypesVisibleToCaller: isPermitted? true
07-16 19:55:48.964  2099  2858 I PeopleContactsSync: triggerPendingContactsCleanup: no accounts
07-16 19:55:49.144  2099  2838 W DriveInitializer: Awaiting to be initialized
07-16 19:55:49.145  2099  2881 W DriveInitializer: Background init thread started
07-16 19:55:49.181  1517  2184 I AccountManagerService: getTypesVisibleToCaller: isPermitted? true
07-16 19:55:49.182  2263  2263 I Choreographer: Skipped 81 frames!  The application may be doing too much work on its main thread.
07-16 19:55:49.337  1517  1529 I ActivityManager: Start proc 2890:com.android.externalstorage/u0a6 for content provider com.android.externalstorage/.ExternalStorageProvider
07-16 19:55:49.396  2099  2881 W DriveInitializer: Background init thread ended
07-16 19:55:49.475  2890  2890 W System  : ClassLoader referenced unknown path: /system/priv-app/ExternalStorageProvider/lib/x86_64
07-16 19:55:49.489  2890  2890 D ExternalStorage: After updating volumes, found 1 active roots
07-16 19:55:49.532  2099  2257 I Icing   : Usage reports 4 indexed 0 rejected 0 imm upload true
07-16 19:55:49.564  1946  2829 I UpdateIcingCorporaServi: UpdateCorporaTask done [took 1848 ms] updated apps [took 1848 ms] 
07-16 19:55:49.576  1517  1982 I ActivityManager: Killing 2418:com.android.dialer/u0a4 (adj 15): empty #17
07-16 19:55:49.616  2263  2728 E Surface : getSlotFromBufferLocked: unknown buffer: 0x7f18f9678530
07-16 19:55:49.859  1842  2915 I PhenotypeConfigurator: Scheduling Phenotype for one-off execution 11601 seconds from now (1468724149859)
07-16 19:55:49.908  2859  2876 D Documents: Update found 6 roots in 1196ms
07-16 19:55:50.008  1842  2879 I PhenotypeFlagCommitter: Experiment Configs successfully retrieved for com.google.android.gms.playlog.uploader
07-16 19:55:50.015  1842  2879 I GoogleURLConnFactory: Using platform SSLCertificateSocketFactory
07-16 19:55:50.045  2859  2908 D Documents: Update found 6 roots in 545ms
07-16 19:55:50.083  1517  2015 I AccountManagerService: getTypesVisibleToCaller: isPermitted? true
07-16 19:55:50.095  1517  1982 I AccountManagerService: getTypesVisibleToCaller: isPermitted? true
07-16 19:55:50.096  1842  2879 W Uploader:  no longer exists, so no auth token.
07-16 19:55:50.296  1517  1890 I AccountManagerService: getTypesVisibleToCaller: isPermitted? true
07-16 19:55:50.395  1181  1181 W installd: Failed to open /data/data/android: No such file or directory
07-16 19:55:50.413  1517  2015 I AccountManagerService: getTypesVisibleToCaller: isPermitted? true
07-16 19:55:50.576  1517  1847 I AccountManagerService: getTypesVisibleToCaller: isPermitted? true
07-16 19:55:50.582  2099  2257 I Icing   : Indexing 5793C7ECE7267D08956063964717495026A07171 from com.google.android.googlequicksearchbox
07-16 19:55:50.586  2099  2257 I Icing   : Not enough disk space for indexing trimmable
07-16 19:55:50.641  2753  2818 E Surface : getSlotFromBufferLocked: unknown buffer: 0x7f190a91a0f0
07-16 19:55:50.657  1517  1890 I ActivityManager: Killing 2443:com.android.managedprovisioning/u0a8 (adj 15): empty #17
07-16 19:55:50.659  2099  2257 I Icing   : Not enough disk space for indexing trimmable
07-16 19:55:50.814  2099  2257 I Icing   : Indexing done 5793C7ECE7267D08956063964717495026A07171
07-16 19:55:50.817  2099  2257 I Icing   : Indexing C37864A5D1431C7D0FC1BED75DC40F553BA07C73 from com.google.android.gms
07-16 19:55:50.817  2099  2257 I Icing   : Not enough disk space for indexing trimmable
07-16 19:55:50.829  2099  2257 I Icing   : Not enough disk space for indexing trimmable
07-16 19:55:50.830  2099  2257 I Icing   : Indexing done C37864A5D1431C7D0FC1BED75DC40F553BA07C73
07-16 19:55:50.967  1517  1528 I ActivityManager: Killing 2361:com.android.deskclock/u0a23 (adj 15): empty #17
07-16 19:56:01.580  1517  1982 I ActivityManager: Killing 2142:com.google.android.apps.maps/u0a63 (adj 15): empty #17
07-16 19:56:08.878  1517  1553 I ActivityManager: START u0 {act=android.intent.action.MAIN cat=[android.intent.category.HOME] flg=0x10200000 cmp=com.google.android.googlequicksearchbox/com.google.android.launcher.GEL (has extras)} from uid 1000 on display 0
07-16 19:56:08.897  1517  1553 D         : HostConnection::get() New Host Connection established 0x7f18f7648980, tid 1553
07-16 19:56:08.917  1169  1169 E EGL_emulation: tid 1169: eglCreateSyncKHR(1294): error 0x3004 (EGL_BAD_ATTRIBUTE)
07-16 19:56:09.212  1517  1982 W art     : Long monitor contention event with owner method=int com.android.server.am.ActivityStackSupervisor.startActivityMayWait(android.app.IApplicationThread, int, java.lang.String, android.content.Intent, java.lang.String, android.service.voice.IVoiceInteractionSession, com.android.internal.app.IVoiceInteractor, android.os.IBinder, java.lang.String, int, int, android.app.ProfilerInfo, android.app.IActivityManager$WaitResult, android.content.res.Configuration, android.os.Bundle, boolean, int, android.app.IActivityContainer, com.android.server.am.TaskRecord) from ActivityStackSupervisor.java:946 waiters=0 for 323ms
07-16 19:56:09.250  1517  1527 I art     : Background partial concurrent mark sweep GC freed 11477(688KB) AllocSpace objects, 6(368KB) LOS objects, 32% free, 8MB/12MB, paused 5.003ms total 52.436ms
07-16 19:56:09.268  1866  1866 I GEL     : handleIntent(Intent { act=android.intent.action.MAIN cat=[android.intent.category.HOME] flg=0x10600000 cmp=com.google.android.googlequicksearchbox/com.google.android.launcher.GEL (has extras) })
07-16 19:56:09.375  1866  2097 W EGL_emulation: eglSurfaceAttrib not implemented
07-16 19:56:09.375  1866  2097 W OpenGLRenderer: Failed to set EGL_SWAP_BEHAVIOR on surface 0xe14be200, error=EGL_SUCCESS
07-16 19:56:09.507  2263  2728 E Surface : getSlotFromBufferLocked: unknown buffer: 0x7f18f967b320
07-16 19:56:09.768  1946  2934 I HotwordRecognitionRnr: Starting hotword detection.
07-16 19:56:09.826  1946  2935 I MicrophoneInputStream: mic_starting com.google.android.apps.gsa.speech.audio.u@25b0521
07-16 19:56:09.906  1180  1575 E audio_hw_generic: Error opening input stream format 1, channel_mask 0010, sample_rate 16000
07-16 19:56:09.913  1180  2938 I AudioFlinger: AudioFlinger's thread 0xf33c0000 ready to run
07-16 19:56:09.958  1946  2935 I MicrophoneInputStream: mic_started com.google.android.apps.gsa.speech.audio.u@25b0521
07-16 19:56:09.984  1946  1946 I HotwordWorker: onReady
07-16 19:56:09.986  1866  2097 W OpenGLRenderer: Incorrectly called buildLayer on View: em, destroying layer...
07-16 19:56:10.946  1946  2246 I MicrophoneInputStream: mic_close com.google.android.apps.gsa.speech.audio.u@25b0521
07-16 19:56:10.959  1180  1573 W AudioFlinger: write blocked for 594 msecs, 3 delayed writes, thread 0xf44c0000
07-16 19:56:10.969  1946  2934 I HotwordRecognitionRnr: Hotword detection finished
07-16 19:56:10.969  1946  2254 I HotwordRecognitionRnr: Stopping hotword detection.
07-16 19:56:39.336  1842  2280 I ClearcutLoggerApiImpl: disconnect managed GoogleApiClient
07-16 20:00:01.013  1517  1531 I ActivityManager: Start proc 2953:com.android.deskclock/u0a23 for broadcast com.android.deskclock/com.android.alarmclock.DigitalAppWidgetProvider
07-16 20:00:01.040  2953  2953 W System  : ClassLoader referenced unknown path: /system/app/DeskClock/lib/x86_64
07-16 20:00:01.047  1517  2015 I ActivityManager: Killing 2551:com.android.exchange/u0a29 (adj 15): empty #17
07-16 20:00:40.876  2980  2980 D AndroidRuntime: >>>>>> START com.android.internal.os.RuntimeInit uid 0 <<<<<<
07-16 20:00:40.877  2980  2980 D AndroidRuntime: CheckJNI is ON
07-16 20:00:40.895  2980  2980 D ICU     : No timezone override file found: /data/misc/zoneinfo/current/icu/icu_tzdata.dat
07-16 20:00:40.921  2980  2980 E memtrack: Couldn't load memtrack module (No such file or directory)
07-16 20:00:40.921  2980  2980 E android.os.Debug: failed to load memtrack module: -2
07-16 20:00:40.922  2980  2980 I Radio-JNI: register_android_hardware_Radio DONE
07-16 20:00:40.930  2980  2980 D AndroidRuntime: Calling main entry com.android.commands.pm.Pm
07-16 20:00:40.944  2980  2980 I art     : System.exit called, status: 0
07-16 20:00:40.944  2980  2980 I AndroidRuntime: VM exiting with result code 0.
07-16 20:00:41.231  2995  2995 D AndroidRuntime: >>>>>> START com.android.internal.os.RuntimeInit uid 0 <<<<<<
07-16 20:00:41.233  2995  2995 D AndroidRuntime: CheckJNI is ON
07-16 20:00:41.247  2995  2995 D ICU     : No timezone override file found: /data/misc/zoneinfo/current/icu/icu_tzdata.dat
07-16 20:00:41.270  2995  2995 E memtrack: Couldn't load memtrack module (No such file or directory)
07-16 20:00:41.270  2995  2995 E android.os.Debug: failed to load memtrack module: -2
07-16 20:00:41.271  2995  2995 I Radio-JNI: register_android_hardware_Radio DONE
07-16 20:00:41.285  2995  2995 D AndroidRuntime: Calling main entry com.android.commands.am.Am
07-16 20:00:41.299  1517  1847 W ActivityManager: Invalid packageName: com.nest.android
07-16 20:00:41.299  2995  2995 D AndroidRuntime: Shutting down VM
07-16 20:00:41.714  3006  3006 D AndroidRuntime: >>>>>> START com.android.internal.os.RuntimeInit uid 0 <<<<<<
07-16 20:00:41.715  3006  3006 D AndroidRuntime: CheckJNI is ON
07-16 20:00:41.730  3006  3006 D ICU     : No timezone override file found: /data/misc/zoneinfo/current/icu/icu_tzdata.dat
07-16 20:00:41.757  3006  3006 E memtrack: Couldn't load memtrack module (No such file or directory)
07-16 20:00:41.757  3006  3006 E android.os.Debug: failed to load memtrack module: -2
07-16 20:00:41.758  3006  3006 I Radio-JNI: register_android_hardware_Radio DONE
07-16 20:00:41.766  3006  3006 D AndroidRuntime: Calling main entry com.android.commands.pm.Pm
07-16 20:00:41.771  1517  1839 I PackageManager: Package doesn't exist in get block uninstall com.nest.android
07-16 20:00:41.772  1517  1541 W PackageManager: Package named 'com.nest.android' doesn't exist.
07-16 20:00:41.772  1517  1541 I art     : Starting a blocking GC Explicit
07-16 20:00:41.802  1517  1541 I art     : Explicit concurrent mark sweep GC freed 11580(816KB) AllocSpace objects, 4(72KB) LOS objects, 32% free, 8MB/12MB, paused 517us total 29.009ms
07-16 20:00:41.803  3006  3006 E Pm      : Failure details: Bundle[{android.content.pm.extra.STATUS=1, android.content.pm.extra.PACKAGE_NAME=com.nest.android, android.content.pm.extra.LEGACY_STATUS=-1, android.content.pm.extra.STATUS_MESSAGE=DELETE_FAILED_INTERNAL_ERROR}]
07-16 20:00:41.816  3006  3006 I art     : System.exit called, status: 1
07-16 20:00:41.816  3006  3006 I AndroidRuntime: VM exiting with result code 1.
07-16 20:00:42.024  3015  3015 D AndroidRuntime: >>>>>> START com.android.internal.os.RuntimeInit uid 0 <<<<<<
07-16 20:00:42.026  3015  3015 D AndroidRuntime: CheckJNI is ON
07-16 20:00:42.042  3015  3015 D ICU     : No timezone override file found: /data/misc/zoneinfo/current/icu/icu_tzdata.dat
07-16 20:00:42.067  3015  3015 E memtrack: Couldn't load memtrack module (No such file or directory)
07-16 20:00:42.067  3015  3015 E android.os.Debug: failed to load memtrack module: -2
07-16 20:00:42.068  3015  3015 I Radio-JNI: register_android_hardware_Radio DONE
07-16 20:00:42.091  3015  3015 D AndroidRuntime: Calling main entry com.android.commands.pm.Pm
07-16 20:00:42.150  2736  2748 D DefContainer: Copying /data/local/tmp/421296327aefb510ea5950e5f47a1a26.apk to base.apk
07-16 20:00:43.776  1181  1181 I SELinux : SELinux: Loaded file_contexts contexts from /file_contexts.
07-16 20:00:43.776  1517  1541 I PackageManager.DexOptimizer: Running dexopt (dex2oat) on: /data/app/vmdl758916207.tmp/base.apk pkg=com.nest.android isa=x86 vmSafeMode=false debuggable=false oatDir = /data/app/vmdl758916207.tmp/oat
07-16 20:00:43.809  3026  3026 W dex2oat : Unexpected CPU variant for X86 using defaults: dalvik.vm.isa.x86.features=default
07-16 20:00:43.818  3026  3026 W dex2oat : Mismatch between dex2oat instruction set features (ISA: X86 Feature string: smp,-ssse3,-sse4.1,-sse4.2,-avx,-avx2) and those of dex2oat executable (ISA: X86 Feature string: smp,ssse3,sse4.1,sse4.2,-avx,-avx2) for the command line:
07-16 20:00:43.818  3026  3026 W dex2oat : /system/bin/dex2oat --zip-fd=6 --zip-location=base.apk --oat-fd=7 --oat-location=/data/app/vmdl758916207.tmp/oat/x86/base.odex --instruction-set=x86 --instruction-set-variant=dalvik.vm.isa.x86.features=default --runtime-arg -Xms64m --runtime-arg -Xmx512m --swap-fd=8
07-16 20:00:43.818  3026  3026 I dex2oat : Starting dex2oat.
07-16 20:00:43.821  3026  3026 E cutils-trace: Error opening trace file: Permission denied (13)
07-16 20:00:44.305  3026  3026 W dex2oat : Before Android 4.1, method int android.support.v7.widget.ListViewCompat.lookForSelectablePosition(int, boolean) would have incorrectly overridden the package-private method in android.widget.ListView
07-16 20:00:51.660  3026  3028 W dex2oat : No verified method for method calling String.<init>: void org.json.JSONStringer.<init>(int)
07-16 20:00:56.494  3026  3026 I dex2oat : dex2oat took 12.686s (threads: 2) arena alloc=26MB java alloc=13MB native alloc=65MB free=11MB
07-16 20:00:56.694  1517  1541 V BackupManagerService: restoreAtInstall pkg=com.nest.android token=1 restoreSet=0
07-16 20:00:56.695  1517  1541 V BackupManagerService: Finishing install immediately
07-16 20:00:56.709  1517  1541 W Settings: Setting install_non_market_apps has moved from android.provider.Settings.Global to android.provider.Settings.Secure, returning read-only value.
07-16 20:00:56.709  1517  1541 I art     : Starting a blocking GC Explicit
07-16 20:00:56.710  2099  2099 D IntentFilterVerificationReceiver: Received ACTION_INTENT_FILTER_NEEDS_VERIFICATION.
07-16 20:00:56.732  2099  3029 I IntentFilterIntentService: Verifying IntentFilter. verificationId:0 scheme:"https" hosts:"home.nest.com" package:"com.nest.android".
07-16 20:00:56.744  1517  1541 I art     : Explicit concurrent mark sweep GC freed 93612(5MB) AllocSpace objects, 7(1020KB) LOS objects, 32% free, 8MB/12MB, paused 2.459ms total 32.780ms
07-16 20:00:56.759  3015  3015 I art     : System.exit called, status: 0
07-16 20:00:56.759  3015  3015 I AndroidRuntime: VM exiting with result code 0.
07-16 20:00:56.759  1517  1554 I InputReader: Reconfiguring input devices.  changes=0x00000010
07-16 20:00:56.799  1860  1860 D CarrierServiceBindHelper: Receive action: android.intent.action.PACKAGE_ADDED
07-16 20:00:56.800  1860  1860 D CarrierServiceBindHelper: mHandler: 3
07-16 20:00:56.800  1860  1860 D CarrierConfigLoader: mHandler: 9 phoneId: 0
07-16 20:00:56.831  2099  3034 D PackageBroadcastService: Received broadcast action=android.intent.action.PACKAGE_ADDED and uri=com.nest.android
07-16 20:00:56.886  2859  3030 D Documents: Update found 6 roots in 135ms
07-16 20:00:56.915  2099  2099 D ChimeraCfgMgr: Loading module com.google.android.gms.games from APK com.google.android.gms
07-16 20:00:56.979  2099  2099 D ChimeraCfgMgr: Loading module com.google.android.gms.gass from APK com.google.android.gms
07-16 20:00:56.986  2099  2099 D AsyncTaskServiceImpl: Submit a task: k
07-16 20:00:57.010  1517  1889 I AccountManagerService: getTypesVisibleToCaller: isPermitted? true
07-16 20:00:57.013  2099  3041 I PeopleContactsSync: triggerPendingContactsCleanup: no accounts
07-16 20:00:57.049  2099  2099 D ChimeraCfgMgr: Loading module com.google.android.gms.gass from APK com.google.android.gms
07-16 20:00:57.068  2099  2099 D ChimeraCfgMgr: Loading module com.google.android.gms.vision from APK com.google.android.gms
07-16 20:00:57.081  2099  3044 D k       : Processing package: com.nest.android
07-16 20:00:57.086  1866  1997 D WidgetsModel: com.google.android.googlequicksearchbox is filtered and not added to the widget tray.
07-16 20:00:57.133  2099  3044 D GassUtils: Found app info for package com.nest.android:550050. Hash: 99b70145bad8e3ffca41766ddd5fba301f725f372637ed8b6dffaa7e835ef4da
07-16 20:00:57.133  2099  3044 D k       : Found info for package com.nest.android in db.
07-16 20:00:57.150  1517  1839 I ActivityManager: Start proc 3047:com.svox.pico/u0a39 for broadcast com.svox.pico/.VoiceDataInstallerReceiver
07-16 20:00:57.154  1946  3046 I UpdateIcingCorporaServi: Updating corpora: APPS=com.nest.android, CONTACTS=MAYBE
07-16 20:00:57.255  1946  3046 I UpdateIcingCorporaServi: UpdateCorporaTask done [took 100 ms] updated apps [took 100 ms] 
07-16 20:00:57.346  3038  3038 D AndroidRuntime: >>>>>> START com.android.internal.os.RuntimeInit uid 0 <<<<<<
07-16 20:00:57.353  3038  3038 D AndroidRuntime: CheckJNI is ON
07-16 20:00:57.388  3038  3038 D ICU     : No timezone override file found: /data/misc/zoneinfo/current/icu/icu_tzdata.dat
07-16 20:00:57.434  3038  3038 E memtrack: Couldn't load memtrack module (No such file or directory)
07-16 20:00:57.434  3038  3038 E android.os.Debug: failed to load memtrack module: -2
07-16 20:00:57.435  3038  3038 I Radio-JNI: register_android_hardware_Radio DONE
07-16 20:00:57.451  3038  3038 D AndroidRuntime: Calling main entry com.android.commands.pm.Pm
07-16 20:00:57.474  2736  2750 D DefContainer: Copying /data/local/tmp/settings_apk-debug.apk to base.apk
07-16 20:00:57.482  1517  1541 I PackageParser: io.appium.settings: compat added android.permission.WRITE_EXTERNAL_STORAGE
07-16 20:00:57.491  1517  1541 I PackageManager.DexOptimizer: Running dexopt (dex2oat) on: /data/app/vmdl1667471331.tmp/base.apk pkg=io.appium.settings isa=x86_64 vmSafeMode=false debuggable=true oatDir = /data/app/vmdl1667471331.tmp/oat
07-16 20:00:57.507  3073  3073 W dex2oat : Unexpected CPU variant for X86 using defaults: x86_64
07-16 20:00:57.508  3073  3073 I dex2oat : /system/bin/dex2oat --debuggable
07-16 20:00:57.508  3073  3073 E cutils-trace: Error opening trace file: Permission denied (13)
07-16 20:00:57.545  3073  3073 I dex2oat : dex2oat took 38.373ms (threads: 2) arena alloc=14KB java alloc=64KB native alloc=1007KB free=784KB
07-16 20:00:57.552  1517  1541 W PackageManager: Attempt to re-install io.appium.settings without first uninstalling.
07-16 20:00:57.553  1517  1541 I art     : Starting a blocking GC Explicit
07-16 20:00:57.571  1517  1541 I art     : Explicit concurrent mark sweep GC freed 14803(1036KB) AllocSpace objects, 2(40KB) LOS objects, 32% free, 8MB/12MB, paused 670us total 17.701ms
07-16 20:00:57.586  3038  3038 I art     : System.exit called, status: 1
07-16 20:00:57.586  3038  3038 I AndroidRuntime: VM exiting with result code 1.
07-16 20:00:57.758  2099  3040 I SingleHostAsyncVerifier: Verification result: checking for a statement with source a <
07-16 20:00:57.758  2099  3040 I SingleHostAsyncVerifier:   a: "https://home.nest.com"
07-16 20:00:57.758  2099  3040 I SingleHostAsyncVerifier: >
07-16 20:00:57.758  2099  3040 I SingleHostAsyncVerifier: , relation delegate_permission/common.handle_all_urls, and target b <
07-16 20:00:57.758  2099  3040 I SingleHostAsyncVerifier:   a: "com.nest.android"
07-16 20:00:57.758  2099  3040 I SingleHostAsyncVerifier:   b <
07-16 20:00:57.758  2099  3040 I SingleHostAsyncVerifier:     a: "A4:0D:A8:0A:59:D1:70:CA:A9:50:CF:15:C1:8C:45:4D:47:A3:9B:26:98:9D:8B:64:0E:CD:74:5B:A7:1B:F5:DC"
07-16 20:00:57.758  2099  3040 I SingleHostAsyncVerifier:   >
07-16 20:00:57.758  2099  3040 I SingleHostAsyncVerifier: >
07-16 20:00:57.758  2099  3040 I SingleHostAsyncVerifier:  --> false.
07-16 20:00:57.758  2099  3040 D SingleHostAsyncVerifier: Remaining verification failures before we've exhausted all certs: 0
07-16 20:00:57.758  2099  3040 D statementservice.ResultFuture: setResult on host: a <
07-16 20:00:57.758  2099  3040 D statementservice.ResultFuture:   a: "https://home.nest.com"
07-16 20:00:57.758  2099  3040 D statementservice.ResultFuture: >
07-16 20:00:57.758  2099  3040 D statementservice.ResultFuture: : false
07-16 20:00:57.758  2099  3029 I IntentFilterIntentService: Verification 0 complete. Success:false. Failed hosts:home.nest.com.
07-16 20:00:57.846  3083  3083 D AndroidRuntime: >>>>>> START com.android.internal.os.RuntimeInit uid 0 <<<<<<
07-16 20:00:57.852  3083  3083 D AndroidRuntime: CheckJNI is ON
07-16 20:00:57.868  3083  3083 D ICU     : No timezone override file found: /data/misc/zoneinfo/current/icu/icu_tzdata.dat
07-16 20:00:57.894  3083  3083 E memtrack: Couldn't load memtrack module (No such file or directory)
07-16 20:00:57.894  3083  3083 E android.os.Debug: failed to load memtrack module: -2
07-16 20:00:57.894  3083  3083 I Radio-JNI: register_android_hardware_Radio DONE
07-16 20:00:57.915  3083  3083 D AndroidRuntime: Calling main entry com.android.commands.pm.Pm
07-16 20:00:57.939  2736  2747 D DefContainer: Copying /data/local/tmp/unlock_apk-debug.apk to base.apk
07-16 20:00:57.950  1517  1541 I PackageManager.DexOptimizer: Running dexopt (dex2oat) on: /data/app/vmdl1212189529.tmp/base.apk pkg=io.appium.unlock isa=x86_64 vmSafeMode=false debuggable=true oatDir = /data/app/vmdl1212189529.tmp/oat
07-16 20:00:57.962  3092  3092 W dex2oat : Unexpected CPU variant for X86 using defaults: x86_64
07-16 20:00:57.964  3092  3092 I dex2oat : /system/bin/dex2oat --debuggable
07-16 20:00:57.964  3092  3092 E cutils-trace: Error opening trace file: Permission denied (13)
07-16 20:00:57.998  3092  3092 I dex2oat : dex2oat took 36.745ms (threads: 2) arena alloc=15KB java alloc=52KB native alloc=839KB free=696KB
07-16 20:00:58.002  1517  1541 W PackageManager: Attempt to re-install io.appium.unlock without first uninstalling.
07-16 20:00:58.003  1517  1541 I art     : Starting a blocking GC Explicit
07-16 20:00:58.024  1517  1541 I art     : Explicit concurrent mark sweep GC freed 4518(281KB) AllocSpace objects, 2(40KB) LOS objects, 32% free, 8MB/12MB, paused 415us total 19.537ms
07-16 20:00:58.033  3083  3083 I art     : System.exit called, status: 1
07-16 20:00:58.033  3083  3083 I AndroidRuntime: VM exiting with result code 1.
07-16 20:00:58.280  3102  3102 D AndroidRuntime: >>>>>> START com.android.internal.os.RuntimeInit uid 0 <<<<<<
07-16 20:00:58.282  2099  2257 I Icing   : Indexing C37864A5D1431C7D0FC1BED75DC40F553BA07C73 from com.google.android.gms
07-16 20:00:58.282  3102  3102 D AndroidRuntime: CheckJNI is ON
07-16 20:00:58.289  2099  2257 I Icing   : Not enough disk space for indexing trimmable
07-16 20:00:58.302  3102  3102 D ICU     : No timezone override file found: /data/misc/zoneinfo/current/icu/icu_tzdata.dat
07-16 20:00:58.321  3102  3102 W System  : ClassLoader referenced unknown path: 
07-16 20:00:58.325  2099  2257 I Icing   : Indexing 5793C7ECE7267D08956063964717495026A07171 from com.google.android.googlequicksearchbox
07-16 20:00:58.325  2099  2257 I Icing   : Not enough disk space for indexing trimmable
07-16 20:00:58.356  3102  3102 E memtrack: Couldn't load memtrack module (No such file or directory)
07-16 20:00:58.356  3102  3102 E android.os.Debug: failed to load memtrack module: -2
07-16 20:00:58.357  2099  2257 I Icing   : Not enough disk space for indexing trimmable
07-16 20:00:58.374  2099  2257 I Icing   : Indexing done C37864A5D1431C7D0FC1BED75DC40F553BA07C73
07-16 20:00:58.375  2099  2257 I Icing   : Not enough disk space for indexing trimmable
07-16 20:00:58.400  3102  3102 I Radio-JNI: register_android_hardware_Radio DONE
07-16 20:00:58.419  2099  2257 I Icing   : Indexing done 5793C7ECE7267D08956063964717495026A07171
07-16 20:00:58.431  3102  3102 D AndroidRuntime: Calling main entry com.android.commands.uiautomator.Launcher
07-16 20:00:58.641  3102  3102 I UiWatchers: Registed GUI Exception watchers
07-16 20:00:59.160  3118  3118 D AndroidRuntime: >>>>>> START com.android.internal.os.RuntimeInit uid 0 <<<<<<
07-16 20:00:59.162  3118  3118 D AndroidRuntime: CheckJNI is ON
07-16 20:00:59.187  3118  3118 D ICU     : No timezone override file found: /data/misc/zoneinfo/current/icu/icu_tzdata.dat
07-16 20:00:59.220  3118  3118 E memtrack: Couldn't load memtrack module (No such file or directory)
07-16 20:00:59.220  3118  3118 E android.os.Debug: failed to load memtrack module: -2
07-16 20:00:59.237  3118  3118 I Radio-JNI: register_android_hardware_Radio DONE
07-16 20:00:59.252  3118  3118 D AndroidRuntime: Calling main entry com.android.commands.am.Am
07-16 20:00:59.265  1517  1889 I ActivityManager: Force stopping com.nest.android appid=10071 user=0: from pid 3118
07-16 20:00:59.519  1517  1890 I ActivityManager: START u0 {act=android.intent.action.MAIN cat=[android.intent.category.LAUNCHER] flg=0x10200000 cmp=com.nest.android/EnsureScanningAbilityActivity} from uid 0 on display 0
07-16 20:00:59.523  3118  3118 D AndroidRuntime: Shutting down VM
07-16 20:01:00.123  3129  3129 D AndroidRuntime: >>>>>> START com.android.internal.os.RuntimeInit uid 0 <<<<<<
07-16 20:01:00.126  3129  3129 D AndroidRuntime: CheckJNI is ON
07-16 20:01:00.148  3129  3129 D ICU     : No timezone override file found: /data/misc/zoneinfo/current/icu/icu_tzdata.dat
07-16 20:01:00.188  3129  3129 E memtrack: Couldn't load memtrack module (No such file or directory)
07-16 20:01:00.188  3129  3129 E android.os.Debug: failed to load memtrack module: -2
07-16 20:01:00.190  3129  3129 I Radio-JNI: register_android_hardware_Radio DONE
07-16 20:01:00.200  3129  3129 D AndroidRuntime: Calling main entry com.android.commands.am.Am
07-16 20:01:00.207  1517  1889 I ActivityManager: Force stopping com.nest.android appid=10071 user=0: from pid 3129
07-16 20:01:00.462  1517  1847 I ActivityManager: START u0 {act=android.intent.action.MAIN cat=[android.intent.category.LAUNCHER] flg=0x10200000 cmp=com.nest.android/.EnsureScanningAbilityActivity} from uid 0 on display 0
07-16 20:01:00.462  3129  3129 D AndroidRuntime: Shutting down VM
07-16 20:01:00.703  1517  1528 W WindowManager: Attempted to remove non-existing token: android.os.Binder@24b6b29
07-16 20:01:00.726  3102  3102 I art     : System.exit called, status: 0
07-16 20:01:00.726  3102  3102 I AndroidRuntime: VM exiting with result code 0.
07-16 20:01:11.967  1517  1531 I ActivityManager: Waited long enough for: ServiceRecord{a52449e u0 com.google.android.gms/.statementservice.OperationService}
07-16 20:01:17.802  1517  1982 I ActivityManager: Killing 2578:com.android.messaging/u0a53 (adj 15): empty #17
07-16 20:02:34.048  3158  3158 D AndroidRuntime: >>>>>> START com.android.internal.os.RuntimeInit uid 0 <<<<<<
07-16 20:02:34.049  3158  3158 D AndroidRuntime: CheckJNI is ON
07-16 20:02:34.074  3158  3158 D ICU     : No timezone override file found: /data/misc/zoneinfo/current/icu/icu_tzdata.dat
07-16 20:02:34.106  3158  3158 E memtrack: Couldn't load memtrack module (No such file or directory)
07-16 20:02:34.106  3158  3158 E android.os.Debug: failed to load memtrack module: -2
07-16 20:02:34.107  3158  3158 I Radio-JNI: register_android_hardware_Radio DONE
07-16 20:02:34.117  3158  3158 D AndroidRuntime: Calling main entry com.android.commands.pm.Pm
07-16 20:02:34.129  3158  3158 I art     : System.exit called, status: 0
07-16 20:02:34.129  3158  3158 I AndroidRuntime: VM exiting with result code 0.
07-16 20:02:34.326  3168  3168 D AndroidRuntime: >>>>>> START com.android.internal.os.RuntimeInit uid 0 <<<<<<
07-16 20:02:34.327  3168  3168 D AndroidRuntime: CheckJNI is ON
07-16 20:02:34.355  3168  3168 D ICU     : No timezone override file found: /data/misc/zoneinfo/current/icu/icu_tzdata.dat
07-16 20:02:34.380  3168  3168 E memtrack: Couldn't load memtrack module (No such file or directory)
07-16 20:02:34.380  3168  3168 E android.os.Debug: failed to load memtrack module: -2
07-16 20:02:34.384  3168  3168 I Radio-JNI: register_android_hardware_Radio DONE
07-16 20:02:34.395  3168  3168 D AndroidRuntime: Calling main entry com.android.commands.am.Am
07-16 20:02:34.404  1517  1654 I ActivityManager: Force stopping com.nest.android appid=10071 user=0: from pid 3168
07-16 20:02:34.408  3168  3168 D AndroidRuntime: Shutting down VM
07-16 20:02:34.827  3177  3177 D AndroidRuntime: >>>>>> START com.android.internal.os.RuntimeInit uid 0 <<<<<<
07-16 20:02:34.828  3177  3177 D AndroidRuntime: CheckJNI is ON
07-16 20:02:34.843  3177  3177 D ICU     : No timezone override file found: /data/misc/zoneinfo/current/icu/icu_tzdata.dat
07-16 20:02:34.874  3177  3177 E memtrack: Couldn't load memtrack module (No such file or directory)
07-16 20:02:34.874  3177  3177 E android.os.Debug: failed to load memtrack module: -2
07-16 20:02:34.877  3177  3177 I Radio-JNI: register_android_hardware_Radio DONE
07-16 20:02:34.887  3177  3177 D AndroidRuntime: Calling main entry com.android.commands.pm.Pm
07-16 20:02:34.901  1517  2015 I ActivityManager: Force stopping com.nest.android appid=10071 user=0: clear data
07-16 20:02:34.906  1842  2178 W GeofencerStateMachine: Ignoring removeGeofence because network location is disabled.
07-16 20:02:34.919  2859  2876 D Documents: Update found 6 roots in 14ms
07-16 20:02:34.926  2099  3186 D PackageBroadcastService: Received broadcast action=android.intent.action.PACKAGE_DATA_CLEARED and uri=com.nest.android
07-16 20:02:34.926  2099  3186 D AccountUtils: Clearing selected account for com.nest.android
07-16 20:02:34.948  2099  3186 I LocationSettingsChecker: Removing dialog suppression flag for package com.nest.android
07-16 20:02:34.971  2099  2257 I Icing   : doRemovePackageData com.nest.android
07-16 20:02:35.001  3177  3177 I art     : System.exit called, status: 0
07-16 20:02:35.001  3177  3177 I AndroidRuntime: VM exiting with result code 0.
07-16 20:02:35.347  3195  3195 D AndroidRuntime: >>>>>> START com.android.internal.os.RuntimeInit uid 0 <<<<<<
07-16 20:02:35.348  3195  3195 D AndroidRuntime: CheckJNI is ON
07-16 20:02:35.363  3195  3195 D ICU     : No timezone override file found: /data/misc/zoneinfo/current/icu/icu_tzdata.dat
07-16 20:02:35.389  3195  3195 E memtrack: Couldn't load memtrack module (No such file or directory)
07-16 20:02:35.389  3195  3195 E android.os.Debug: failed to load memtrack module: -2
07-16 20:02:35.390  3195  3195 I Radio-JNI: register_android_hardware_Radio DONE
07-16 20:02:35.408  3195  3195 D AndroidRuntime: Calling main entry com.android.commands.pm.Pm
07-16 20:02:35.429  2736  2750 D DefContainer: Copying /data/local/tmp/settings_apk-debug.apk to base.apk
07-16 20:02:35.432  1517  1541 I PackageParser: io.appium.settings: compat added android.permission.WRITE_EXTERNAL_STORAGE
07-16 20:02:35.441  1517  1541 I PackageManager.DexOptimizer: Running dexopt (dex2oat) on: /data/app/vmdl1463797059.tmp/base.apk pkg=io.appium.settings isa=x86_64 vmSafeMode=false debuggable=true oatDir = /data/app/vmdl1463797059.tmp/oat
07-16 20:02:35.454  3204  3204 W dex2oat : Unexpected CPU variant for X86 using defaults: x86_64
07-16 20:02:35.454  3204  3204 I dex2oat : /system/bin/dex2oat --debuggable
07-16 20:02:35.455  3204  3204 E cutils-trace: Error opening trace file: Permission denied (13)
07-16 20:02:35.488  3204  3204 I dex2oat : dex2oat took 33.297ms (threads: 2) arena alloc=15KB java alloc=64KB native alloc=1010KB free=1037KB
07-16 20:02:35.492  1517  1541 W PackageManager: Attempt to re-install io.appium.settings without first uninstalling.
07-16 20:02:35.493  1517  1541 I art     : Starting a blocking GC Explicit
07-16 20:02:35.517  1517  1541 I art     : Explicit concurrent mark sweep GC freed 18464(1297KB) AllocSpace objects, 7(132KB) LOS objects, 32% free, 8MB/12MB, paused 420us total 15.676ms
07-16 20:02:35.525  3195  3195 I art     : System.exit called, status: 1
07-16 20:02:35.525  3195  3195 I AndroidRuntime: VM exiting with result code 1.
07-16 20:02:35.781  3214  3214 D AndroidRuntime: >>>>>> START com.android.internal.os.RuntimeInit uid 0 <<<<<<
07-16 20:02:35.782  3214  3214 D AndroidRuntime: CheckJNI is ON
07-16 20:02:35.799  3214  3214 D ICU     : No timezone override file found: /data/misc/zoneinfo/current/icu/icu_tzdata.dat
07-16 20:02:35.834  3214  3214 E memtrack: Couldn't load memtrack module (No such file or directory)
07-16 20:02:35.834  3214  3214 E android.os.Debug: failed to load memtrack module: -2
07-16 20:02:35.835  3214  3214 I Radio-JNI: register_android_hardware_Radio DONE
07-16 20:02:35.858  3214  3214 D AndroidRuntime: Calling main entry com.android.commands.pm.Pm
07-16 20:02:35.869  2736  2747 D DefContainer: Copying /data/local/tmp/unlock_apk-debug.apk to base.apk
07-16 20:02:35.888  1517  1541 I PackageManager.DexOptimizer: Running dexopt (dex2oat) on: /data/app/vmdl822793406.tmp/base.apk pkg=io.appium.unlock isa=x86_64 vmSafeMode=false debuggable=true oatDir = /data/app/vmdl822793406.tmp/oat
07-16 20:02:35.908  3222  3222 W dex2oat : Unexpected CPU variant for X86 using defaults: x86_64
07-16 20:02:35.909  3222  3222 I dex2oat : /system/bin/dex2oat --debuggable
07-16 20:02:35.909  3222  3222 E cutils-trace: Error opening trace file: Permission denied (13)
07-16 20:02:35.948  3222  3222 I dex2oat : dex2oat took 39.968ms (threads: 2) arena alloc=15KB java alloc=48KB native alloc=839KB free=696KB
07-16 20:02:35.954  1517  1541 W PackageManager: Attempt to re-install io.appium.unlock without first uninstalling.
07-16 20:02:35.955  1517  1541 I art     : Starting a blocking GC Explicit
07-16 20:02:35.977  1517  1541 I art     : Explicit concurrent mark sweep GC freed 4043(257KB) AllocSpace objects, 2(40KB) LOS objects, 32% free, 8MB/12MB, paused 453us total 21.960ms
07-16 20:02:35.986  3214  3214 I art     : System.exit called, status: 1
07-16 20:02:35.986  3214  3214 I AndroidRuntime: VM exiting with result code 1.
07-16 20:02:36.306  3232  3232 D AndroidRuntime: >>>>>> START com.android.internal.os.RuntimeInit uid 0 <<<<<<
07-16 20:02:36.308  3232  3232 D AndroidRuntime: CheckJNI is ON
07-16 20:02:36.323  3232  3232 D ICU     : No timezone override file found: /data/misc/zoneinfo/current/icu/icu_tzdata.dat
07-16 20:02:36.338  3232  3232 W System  : ClassLoader referenced unknown path: 
07-16 20:02:36.372  3232  3232 E memtrack: Couldn't load memtrack module (No such file or directory)
07-16 20:02:36.372  3232  3232 E android.os.Debug: failed to load memtrack module: -2
07-16 20:02:36.373  3232  3232 I Radio-JNI: register_android_hardware_Radio DONE
07-16 20:02:36.383  3232  3232 D AndroidRuntime: Calling main entry com.android.commands.uiautomator.Launcher
07-16 20:02:36.483  3232  3232 I UiWatchers: Registed GUI Exception watchers
07-16 20:02:37.437  3248  3248 D AndroidRuntime: >>>>>> START com.android.internal.os.RuntimeInit uid 0 <<<<<<
07-16 20:02:37.438  3248  3248 D AndroidRuntime: CheckJNI is ON
07-16 20:02:37.494  3248  3248 D ICU     : No timezone override file found: /data/misc/zoneinfo/current/icu/icu_tzdata.dat
07-16 20:02:37.535  3248  3248 E memtrack: Couldn't load memtrack module (No such file or directory)
07-16 20:02:37.535  3248  3248 E android.os.Debug: failed to load memtrack module: -2
07-16 20:02:37.538  3248  3248 I Radio-JNI: register_android_hardware_Radio DONE
07-16 20:02:37.556  3248  3248 D AndroidRuntime: Calling main entry com.android.commands.am.Am
07-16 20:02:37.570  1517  1889 I ActivityManager: Force stopping com.nest.android appid=10071 user=0: from pid 3248
07-16 20:02:37.827  1517  1903 I ActivityManager: START u0 {act=android.intent.action.MAIN cat=[android.intent.category.LAUNCHER] flg=0x10200000 cmp=com.nest.android/NestSettingsActivity} from uid 0 on display 0
07-16 20:02:37.828  3248  3248 D AndroidRuntime: Shutting down VM
07-16 20:02:38.712  3259  3259 D AndroidRuntime: >>>>>> START com.android.internal.os.RuntimeInit uid 0 <<<<<<
07-16 20:02:38.714  3259  3259 D AndroidRuntime: CheckJNI is ON
07-16 20:02:38.745  3259  3259 D ICU     : No timezone override file found: /data/misc/zoneinfo/current/icu/icu_tzdata.dat
07-16 20:02:38.814  3259  3259 E memtrack: Couldn't load memtrack module (No such file or directory)
07-16 20:02:38.814  3259  3259 E android.os.Debug: failed to load memtrack module: -2
07-16 20:02:38.815  3259  3259 I Radio-JNI: register_android_hardware_Radio DONE
07-16 20:02:38.847  3259  3259 D AndroidRuntime: Calling main entry com.android.commands.am.Am
07-16 20:02:38.867  1517  1890 I ActivityManager: Force stopping com.nest.android appid=10071 user=0: from pid 3259
07-16 20:02:39.122  1517  1654 I ActivityManager: START u0 {act=android.intent.action.MAIN cat=[android.intent.category.LAUNCHER] flg=0x10200000 cmp=com.nest.android/.NestSettingsActivity} from uid 0 on display 0
07-16 20:02:39.123  3259  3259 D AndroidRuntime: Shutting down VM
07-16 20:02:39.274  3232  3238 W art     : Suspending all threads took: 5.461ms
07-16 20:02:39.287  3232  3238 I art     : Background sticky concurrent mark sweep GC freed 39397(2MB) AllocSpace objects, 0(0B) LOS objects, 60% free, 1485KB/3MB, paused 7.326ms total 28.146ms
07-16 20:02:39.378  1517  1528 W WindowManager: Attempted to remove non-existing token: android.os.Binder@1b5946c
07-16 20:02:39.418  3232  3243 W QueryController: AccessibilityNodeInfo returned a null child (0 of 1)
07-16 20:02:39.418  3232  3243 W QueryController: parent = android.view.accessibility.AccessibilityNodeInfo@80007449; boundsInParent: Rect(0, 0 - 1200, 1920); boundsInScreen: Rect(0, 0 - 1200, 1920); packageName: com.google.android.googlequicksearchbox; className: android.widget.FrameLayout; text: null; error: null; maxTextLength: -1; contentDescription: null; viewIdResName: null; checkable: false; checked: false; focusable: false; focused: false; selected: false; clickable: false; longClickable: false; contextClickable: false; enabled: true; password: false; scrollable: false; actions: [AccessibilityAction: ACTION_SELECT - null, AccessibilityAction: ACTION_CLEAR_SELECTION - null, AccessibilityAction: ACTION_ACCESSIBILITY_FOCUS - null, AccessibilityAction: ACTION_UNKNOWN - null]
07-16 20:02:39.427  3232  3243 E UiDevice: Exceuting watcher: ANR
07-16 20:02:39.427  3232  3243 E UiDevice: java.lang.IllegalStateException: UiAutomation not connected!
07-16 20:02:39.427  3232  3243 E UiDevice: 	at android.app.UiAutomation.throwIfNotConnectedLocked(UiAutomation.java:971)
07-16 20:02:39.427  3232  3243 E UiDevice: 	at android.app.UiAutomation.waitForIdle(UiAutomation.java:577)
07-16 20:02:39.427  3232  3243 E UiDevice: 	at com.android.uiautomator.core.UiAutomatorBridge.waitForIdle(UiAutomatorBridge.java:96)
07-16 20:02:39.427  3232  3243 E UiDevice: 	at com.android.uiautomator.core.UiAutomatorBridge.waitForIdle(UiAutomatorBridge.java:91)
07-16 20:02:39.427  3232  3243 E UiDevice: 	at com.android.uiautomator.core.QueryController.findAccessibilityNodeInfo(QueryController.java:143)
07-16 20:02:39.427  3232  3243 E UiDevice: 	at com.android.uiautomator.core.QueryController.findAccessibilityNodeInfo(QueryController.java:138)
07-16 20:02:39.427  3232  3243 E UiDevice: 	at com.android.uiautomator.core.UiObject.findAccessibilityNodeInfo(UiObject.java:168)
07-16 20:02:39.427  3232  3243 E UiDevice: 	at com.android.uiautomator.core.UiObject.waitForExists(UiObject.java:852)
07-16 20:02:39.427  3232  3243 E UiDevice: 	at com.android.uiautomator.core.UiObject.exists(UiObject.java:903)
07-16 20:02:39.427  3232  3243 E UiDevice: 	at com.android.uiautomator.common.UiWatchers$1.checkForCondition(UiWatchers.java:47)
07-16 20:02:39.427  3232  3243 E UiDevice: 	at com.android.uiautomator.core.UiDevice.runWatchers(UiDevice.java:557)
07-16 20:02:39.427  3232  3243 E UiDevice: 	at com.android.uiautomator.core.UiObject.findAccessibilityNodeInfo(UiObject.java:173)
07-16 20:02:39.427  3232  3243 E UiDevice: 	at com.android.uiautomator.core.UiObject.waitForExists(UiObject.java:852)
07-16 20:02:39.427  3232  3243 E UiDevice: 	at com.android.uiautomator.core.UiObject.exists(UiObject.java:903)
07-16 20:02:39.427  3232  3243 E UiDevice: 	at io.appium.android.bootstrap.utils.TheWatchers.isDialogPresent(TheWatchers.java:35)
07-16 20:02:39.427  3232  3243 E UiDevice: 	at io.appium.android.bootstrap.utils.TheWatchers.check(TheWatchers.java:20)
07-16 20:02:39.427  3232  3243 E UiDevice: 	at io.appium.android.bootstrap.SocketServer$1.run(SocketServer.java:124)
07-16 20:02:39.427  3232  3243 E UiDevice: 	at java.util.Timer$TimerImpl.run(Timer.java:284)
07-16 20:02:39.428  3232  3243 E UiDevice: Exceuting watcher: CRASH2
07-16 20:02:39.428  3232  3243 E UiDevice: java.lang.IllegalStateException: UiAutomation not connected!
07-16 20:02:39.428  3232  3243 E UiDevice: 	at android.app.UiAutomation.throwIfNotConnectedLocked(UiAutomation.java:971)
07-16 20:02:39.428  3232  3243 E UiDevice: 	at android.app.UiAutomation.waitForIdle(UiAutomation.java:577)
07-16 20:02:39.428  3232  3243 E UiDevice: 	at com.android.uiautomator.core.UiAutomatorBridge.waitForIdle(UiAutomatorBridge.java:96)
07-16 20:02:39.428  3232  3243 E UiDevice: 	at com.android.uiautomator.core.UiAutomatorBridge.waitForIdle(UiAutomatorBridge.java:91)
07-16 20:02:39.428  3232  3243 E UiDevice: 	at com.android.uiautomator.core.QueryController.findAccessibilityNodeInfo(QueryController.java:143)
07-16 20:02:39.428  3232  3243 E UiDevice: 	at com.android.uiautomator.core.QueryController.findAccessibilityNodeInfo(QueryController.java:138)
07-16 20:02:39.428  3232  3243 E UiDevice: 	at com.android.uiautomator.core.UiObject.findAccessibilityNodeInfo(UiObject.java:168)
07-16 20:02:39.428  3232  3243 E UiDevice: 	at com.android.uiautomator.core.UiObject.waitForExists(UiObject.java:852)
07-16 20:02:39.428  3232  3243 E UiDevice: 	at com.android.uiautomator.core.UiObject.exists(UiObject.java:903)
07-16 20:02:39.428  3232  3243 E UiDevice: 	at com.android.uiautomator.common.UiWatchers$4.checkForCondition(UiWatchers.java:107)
07-16 20:02:39.428  3232  3243 E UiDevice: 	at com.android.uiautomator.core.UiDevice.runWatchers(UiDevice.java:557)
07-16 20:02:39.428  3232  3243 E UiDevice: 	at com.android.uiautomator.core.UiObject.findAccessibilityNodeInfo(UiObject.java:173)
07-16 20:02:39.428  3232  3243 E UiDevice: 	at com.android.uiautomator.core.UiObject.waitForExists(UiObject.java:852)
07-16 20:02:39.428  3232  3243 E UiDevice: 	at com.android.uiautomator.core.UiObject.exists(UiObject.java:903)
07-16 20:02:39.428  3232  3243 E UiDevice: 	at io.appium.android.bootstrap.utils.TheWatchers.isDialogPresent(TheWatchers.java:35)
07-16 20:02:39.428  3232  3243 E UiDevice: 	at io.appium.android.bootstrap.utils.TheWatchers.check(TheWatchers.java:20)
07-16 20:02:39.428  3232  3243 E UiDevice: 	at io.appium.android.bootstrap.SocketServer$1.run(SocketServer.java:124)
07-16 20:02:39.428  3232  3243 E UiDevice: 	at java.util.Timer$TimerImpl.run(Timer.java:284)
07-16 20:02:39.437  3232  3232 I art     : System.exit called, status: 0
07-16 20:02:39.437  3232  3232 I AndroidRuntime: VM exiting with result code 0.
07-16 20:05:13.370  3286  3286 D AndroidRuntime: >>>>>> START com.android.internal.os.RuntimeInit uid 0 <<<<<<
07-16 20:05:13.373  3286  3286 D AndroidRuntime: CheckJNI is ON
07-16 20:05:13.390  3286  3286 D ICU     : No timezone override file found: /data/misc/zoneinfo/current/icu/icu_tzdata.dat
07-16 20:05:13.415  3286  3286 E memtrack: Couldn't load memtrack module (No such file or directory)
07-16 20:05:13.415  3286  3286 E android.os.Debug: failed to load memtrack module: -2
07-16 20:05:13.419  3286  3286 I Radio-JNI: register_android_hardware_Radio DONE
07-16 20:05:13.430  3286  3286 D AndroidRuntime: Calling main entry com.android.commands.pm.Pm
07-16 20:05:13.444  3286  3286 I art     : System.exit called, status: 0
07-16 20:05:13.444  3286  3286 I AndroidRuntime: VM exiting with result code 0.
07-16 20:05:13.628  3296  3296 D AndroidRuntime: >>>>>> START com.android.internal.os.RuntimeInit uid 0 <<<<<<
07-16 20:05:13.629  3296  3296 D AndroidRuntime: CheckJNI is ON
07-16 20:05:13.647  3296  3296 D ICU     : No timezone override file found: /data/misc/zoneinfo/current/icu/icu_tzdata.dat
07-16 20:05:13.669  3296  3296 E memtrack: Couldn't load memtrack module (No such file or directory)
07-16 20:05:13.669  3296  3296 E android.os.Debug: failed to load memtrack module: -2
07-16 20:05:13.670  3296  3296 I Radio-JNI: register_android_hardware_Radio DONE
07-16 20:05:13.678  3296  3296 D AndroidRuntime: Calling main entry com.android.commands.am.Am
07-16 20:05:13.688  1517  1528 I ActivityManager: Force stopping com.nest.android appid=10071 user=0: from pid 3296
07-16 20:05:13.693  3296  3296 D AndroidRuntime: Shutting down VM
07-16 20:05:14.109  3305  3305 D AndroidRuntime: >>>>>> START com.android.internal.os.RuntimeInit uid 0 <<<<<<
07-16 20:05:14.110  3305  3305 D AndroidRuntime: CheckJNI is ON
07-16 20:05:14.135  3305  3305 D ICU     : No timezone override file found: /data/misc/zoneinfo/current/icu/icu_tzdata.dat
07-16 20:05:14.165  3305  3305 E memtrack: Couldn't load memtrack module (No such file or directory)
07-16 20:05:14.166  3305  3305 E android.os.Debug: failed to load memtrack module: -2
07-16 20:05:14.166  3305  3305 I Radio-JNI: register_android_hardware_Radio DONE
07-16 20:05:14.188  3305  3305 D AndroidRuntime: Calling main entry com.android.commands.pm.Pm
