--------- beginning of main
07-16 19:54:16.410  1161  1161 W auditd  : type=2000 audit(0.0:1): initialized
07-16 19:54:16.900  1161  1161 I auditd  : type=1403 audit(0.0:2): policy loaded auid=4294967295 ses=4294967295
07-16 19:54:16.900  1161  1161 W auditd  : type=1404 audit(0.0:3): enforcing=1 old_enforcing=0 auid=4294967295 ses=4294967295
07-16 19:54:17.192     0  1170 I qemu-props: connected to 'boot-properties' qemud service.
07-16 19:54:17.192     0  1170 I qemu-props: receiving..
07-16 19:54:17.193     0  1170 I qemu-props: received: qemu.sf.fake_camera=none
07-16 19:54:17.197     0  1170 I qemu-props: receiving..
07-16 19:54:17.197     0  1170 I qemu-props: received: ro.opengles.version=131072
07-16 19:54:17.245     0  1170 I qemu-props: receiving..
07-16 19:54:17.245     0  1170 I qemu-props: received: dalvik.vm.heapsize=256m
07-16 19:54:17.245     0  1170 I qemu-props: receiving..
07-16 19:54:17.246     0  1170 I qemu-props: received: qemu.hw.mainkeys=0
07-16 19:54:17.246     0  1170 I qemu-props: receiving..
07-16 19:54:17.246     0  1170 I qemu-props: received: qemu.sf.lcd_density=320
07-16 19:54:17.246     0  1170 I qemu-props: receiving..
07-16 19:54:17.247     0  1170 I qemu-props: exiting (5 properties set).
07-16 19:54:17.258  1177  1177 I chatty  : uid=0(root) /system/bin/debuggerd64 expire 1 line
07-16 19:54:17.262  1181  1181 I chatty  : uid=0(root) /system/bin/installd expire 1 line
07-16 19:54:17.262  1167  1167 I chatty  : uid=0(root) /system/bin/lmkd expire 1 line
07-16 19:54:17.452  1176  1176 I chatty  : uid=0(root) /system/bin/debuggerd expire 1 line
07-16 19:54:17.511  1185  1185 I gatekeeperd: Starting gatekeeperd...
07-16 19:54:17.512  1175  1175 I chatty  : uid=0(root) /system/bin/netd expire 21 lines
07-16 19:54:17.513  1185  1185 W gatekeeperd: falling back to software GateKeeper
07-16 19:54:17.522  1190  1190 I fingerprintd: Starting fingerprintd
--------- beginning of system
07-16 19:54:17.523  1162  1162 I vold    : Vold 3.0 (the awakening) firing up
07-16 19:54:17.523  1162  1162 V vold    : Detected support for: ext4 vfat
07-16 19:54:17.590  1189  1189 I chatty  : uid=0(root) /system/xbin/perfprofd expire 3 lines
07-16 19:54:17.636  1169  1169 I SurfaceFlinger: SurfaceFlinger is starting
07-16 19:54:17.636  1169  1169 I SurfaceFlinger: SurfaceFlinger's main thread ready to run. Initializing graphics H/W...
07-16 19:54:17.639  1169  1169 E libEGL  : load_driver(/system/lib64/egl/libGLES_emulation.so): dlopen failed: library "/system/lib64/egl/libGLES_emulation.so" not found
07-16 19:54:17.703  1169  1169 D libEGL  : loaded /system/lib64/egl/libEGL_emulation.so
07-16 19:54:17.706  1169  1169 D libEGL  : loaded /system/lib64/egl/libGLESv1_CM_emulation.so
07-16 19:54:17.732  1169  1169 D libEGL  : loaded /system/lib64/egl/libGLESv2_emulation.so
07-16 19:54:17.736  1169  1169 D         : HostConnection::get() New Host Connection established 0x7fbf274912a0, tid 1169
07-16 19:54:17.813  1169  1169 E SurfaceFlinger: hwcomposer module not found
07-16 19:54:17.814  1169  1169 W SurfaceFlinger: no suitable EGLConfig found, trying a simpler query
07-16 19:54:17.814  1169  1169 I SurfaceFlinger: EGL information:
07-16 19:54:17.814  1169  1169 I SurfaceFlinger: vendor    : Android
07-16 19:54:17.814  1169  1169 I SurfaceFlinger: version   : 1.4 Android META-EGL
07-16 19:54:17.814  1169  1169 I SurfaceFlinger: extensions: EGL_KHR_get_all_proc_addresses EGL_ANDROID_presentation_time EGL_KHR_swap_buffers_with_damage EGL_KHR_image_base EGL_KHR_gl_texture_2D_image EGL_KHR_fence_sync EGL_ANDROID_image_native_buffer 
07-16 19:54:17.814  1169  1169 I SurfaceFlinger: Client API: OpenGL_ES
07-16 19:54:17.814  1169  1169 I SurfaceFlinger: EGLSurface: 8-8-8-8, config=0xa
07-16 19:54:17.825  1169  1169 I SurfaceFlinger: OpenGL ES informations:
07-16 19:54:17.825  1169  1169 I SurfaceFlinger: vendor    : Google (Intel Inc.)
07-16 19:54:17.825  1169  1169 I SurfaceFlinger: renderer  : Android Emulator OpenGL ES Translator (Intel HD Graphics 4000 OpenGL Engine)
07-16 19:54:17.825  1169  1169 I SurfaceFlinger: version   : OpenGL ES 2.0 (2.1 INTEL-10.14.58)
07-16 19:54:17.825  1169  1169 I SurfaceFlinger: extensions: GL_EXT_debug_marker GL_OES_EGL_image GL_OES_EGL_image_external GL_OES_depth24 GL_OES_depth32 GL_OES_element_index_uint GL_OES_texture_float GL_OES_texture_float_linear GL_OES_compressed_paletted_texture GL_OES_compressed_ETC1_RGB8_texture GL_OES_depth_texture GL_OES_texture_half_float GL_OES_texture_half_float_linear GL_OES_packed_depth_stencil GL_OES_vertex_half_float GL_OES_texture_npot ANDROID_EMU_CHECKSUM_HELPER_v1 
07-16 19:54:17.825  1169  1169 I SurfaceFlinger: GL_MAX_TEXTURE_SIZE = 16384
07-16 19:54:17.825  1169  1169 I SurfaceFlinger: GL_MAX_VIEWPORT_DIMS = 16384
07-16 19:54:17.832  1169  1169 E cutils-trace: Error opening trace file: Permission denied (13)
07-16 19:54:17.854  1169  1169 D SurfaceFlinger: Set power mode=2, type=0 flinger=0x7fbf27483c00
07-16 19:54:18.043  1169  1246 E SurfaceFlinger: ro.sf.lcd_density must be defined as a build property
07-16 19:54:18.104  1169  1169 D SurfaceFlinger: shader cache generated - 24 shaders in 236.207993 ms
07-16 19:54:18.155  1273  1281 E libEGL  : load_driver(/system/lib64/egl/libGLES_emulation.so): dlopen failed: library "/system/lib64/egl/libGLES_emulation.so" not found
07-16 19:54:18.156  1273  1281 D libEGL  : loaded /system/lib64/egl/libEGL_emulation.so
07-16 19:54:18.157  1273  1281 D libEGL  : loaded /system/lib64/egl/libGLESv1_CM_emulation.so
07-16 19:54:18.162  1273  1281 D libEGL  : loaded /system/lib64/egl/libGLESv2_emulation.so
07-16 19:54:18.191  1273  1281 D         : HostConnection::get() New Host Connection established 0x7fa0fe08e1c0, tid 1281
07-16 19:54:18.214  1180  1180 I mediaserver: ServiceManager: 0xf610c680
07-16 19:54:18.214  1180  1180 I AudioFlinger: Using default 3000 mSec as standby time.
07-16 19:54:18.219  1273  1281 E cutils-trace: Error opening trace file: Permission denied (13)
07-16 19:54:18.220  1180  1180 E         : batterystats service unavailable!
07-16 19:54:18.221  1180  1180 E         : batterystats service unavailable!
07-16 19:54:18.234  1169  1248 D         : HostConnection::get() New Host Connection established 0x7fbf26ffc9a0, tid 1248
07-16 19:54:18.246  1180  1180 I CameraService: CameraService started (pid=1180)
07-16 19:54:18.246  1180  1180 I CameraService: CameraService process starting
07-16 19:54:18.246  1180  1180 E         : batterystats service unavailable!
07-16 19:54:18.246  1180  1180 E         : batterystats service unavailable!
07-16 19:54:18.258  1180  1180 D EmulatedCamera_QemuClient: Emulated camera list: 
07-16 19:54:18.258  1180  1180 I CameraService: Loaded "Emulated Camera Module" camera module
07-16 19:54:18.259  1180  1180 E cutils-trace: Error opening trace file: Permission denied (13)
07-16 19:54:18.259  1180  1180 E CameraService: setUpVendorTags: Vendor tag operations not fully defined. Ignoring definitions.
07-16 19:54:18.259  1180  1180 I ServiceManager: Waiting for service media.camera.proxy...
07-16 19:54:18.416  1169  1246 D         : HostConnection::get() New Host Connection established 0x7fbf26f8e0a0, tid 1246
07-16 19:54:18.649  1184  1184 I chatty  : uid=0(root) main expire 323 lines
07-16 19:54:18.799  1183  1183 I chatty  : uid=0(root) main expire 365 lines
07-16 19:54:19.261  1180  1180 I ServiceManager: Waiting for service media.camera.proxy...
07-16 19:54:19.823  1183  1383 I chatty  : uid=0(root) main expire 2 lines
07-16 19:54:19.937  1184  1360 I chatty  : uid=0(root) main expire 1 line
07-16 19:54:20.243  1478  1478 D idmap   : error: no read access to /vendor/overlay: No such file or directory
07-16 19:54:20.245  1477  1477 D idmap   : error: no read access to /vendor/overlay: No such file or directory
07-16 19:54:20.262  1180  1180 I ServiceManager: Waiting for service media.camera.proxy...
07-16 19:54:20.660  1184  1184 W Resources: Preloaded drawable resource #0x108056d (android:drawable/progress_secondary_holo_light) that varies with configuration!!
07-16 19:54:20.660  1184  1184 W Resources: Preloaded drawable resource #0x108056b (android:drawable/progress_primary_holo_light) that varies with configuration!!
07-16 19:54:20.661  1184  1184 W Resources: Preloaded drawable resource #0x108055e (android:drawable/progress_horizontal_holo_light) that varies with configuration!!
07-16 19:54:20.661  1183  1183 W Resources: Preloaded drawable resource #0x10805ca (android:drawable/scrollbar_handle_holo_dark) that varies with configuration!!
07-16 19:54:20.661  1183  1183 W Resources: Preloaded drawable resource #0x10805cb (android:drawable/scrollbar_handle_holo_light) that varies with configuration!!
07-16 19:54:20.662  1184  1184 W Resources: Preloaded drawable resource #0x1080576 (android:drawable/progressbar_indeterminate_holo1) that varies with configuration!!
07-16 19:54:20.663  1184  1184 W Resources: Preloaded drawable resource #0x1080577 (android:drawable/progressbar_indeterminate_holo2) that varies with configuration!!
07-16 19:54:20.663  1184  1184 W Resources: Preloaded drawable resource #0x1080578 (android:drawable/progressbar_indeterminate_holo3) that varies with configuration!!
07-16 19:54:20.664  1183  1183 W Resources: Preloaded drawable resource #0x1080621 (android:drawable/spinner_disabled_holo_dark) that varies with configuration!!
07-16 19:54:20.665  1183  1183 W Resources: Preloaded drawable resource #0x108062e (android:drawable/spinner_pressed_holo_dark) that varies with configuration!!
07-16 19:54:20.666  1183  1183 W Resources: Preloaded drawable resource #0x1080627 (android:drawable/spinner_focused_holo_dark) that varies with configuration!!
07-16 19:54:20.667  1184  1184 W Resources: Preloaded drawable resource #0x1080579 (android:drawable/progressbar_indeterminate_holo4) that varies with configuration!!
07-16 19:54:20.667  1184  1184 W Resources: Preloaded drawable resource #0x108057a (android:drawable/progressbar_indeterminate_holo5) that varies with configuration!!
07-16 19:54:20.667  1184  1184 W Resources: Preloaded drawable resource #0x108057b (android:drawable/progressbar_indeterminate_holo6) that varies with configuration!!
07-16 19:54:20.668  1184  1184 W Resources: Preloaded drawable resource #0x108057c (android:drawable/progressbar_indeterminate_holo7) that varies with configuration!!
07-16 19:54:20.668  1184  1184 W Resources: Preloaded drawable resource #0x108057d (android:drawable/progressbar_indeterminate_holo8) that varies with configuration!!
07-16 19:54:20.668  1184  1184 W Resources: Preloaded drawable resource #0x1080560 (android:drawable/progress_indeterminate_horizontal_holo) that varies with configuration!!
07-16 19:54:20.669  1184  1184 W Resources: Preloaded drawable resource #0x10805fe (android:drawable/spinner_76_outer_holo) that varies with configuration!!
07-16 19:54:20.670  1184  1184 W Resources: Preloaded drawable resource #0x10805fd (android:drawable/spinner_76_inner_holo) that varies with configuration!!
07-16 19:54:20.670  1184  1184 W Resources: Preloaded drawable resource #0x1080563 (android:drawable/progress_large_holo) that varies with configuration!!
07-16 19:54:20.670  1184  1184 W Resources: Preloaded drawable resource #0x10805fc (android:drawable/spinner_48_outer_holo) that varies with configuration!!
07-16 19:54:20.670  1184  1184 W Resources: Preloaded drawable resource #0x10805fb (android:drawable/spinner_48_inner_holo) that varies with configuration!!
07-16 19:54:20.670  1184  1184 W Resources: Preloaded drawable resource #0x1080567 (android:drawable/progress_medium_holo) that varies with configuration!!
07-16 19:54:20.671  1184  1184 W Resources: Preloaded drawable resource #0x108056a (android:drawable/progress_primary_holo_dark) that varies with configuration!!
07-16 19:54:20.671  1184  1184 W Resources: Preloaded drawable resource #0x108056b (android:drawable/progress_primary_holo_light) that varies with configuration!!
07-16 19:54:20.674  1183  1183 W Resources: Preloaded drawable resource #0x108061c (android:drawable/spinner_default_holo_dark) that varies with configuration!!
07-16 19:54:20.674  1183  1183 W Resources: Preloaded drawable resource #0x1080615 (android:drawable/spinner_background_holo_dark) that varies with configuration!!
07-16 19:54:20.675  1183  1183 W Resources: Preloaded drawable resource #0x1080623 (android:drawable/spinner_disabled_holo_light) that varies with configuration!!
07-16 19:54:20.676  1183  1183 W Resources: Preloaded drawable resource #0x1080630 (android:drawable/spinner_pressed_holo_light) that varies with configuration!!
07-16 19:54:20.678  1184  1184 W Resources: Preloaded drawable resource #0x108056c (android:drawable/progress_secondary_holo_dark) that varies with configuration!!
07-16 19:54:20.678  1184  1184 W Resources: Preloaded drawable resource #0x108056d (android:drawable/progress_secondary_holo_light) that varies with configuration!!
07-16 19:54:20.679  1184  1184 W Resources: Preloaded drawable resource #0x10805fa (android:drawable/spinner_16_outer_holo) that varies with configuration!!
07-16 19:54:20.680  1184  1184 W Resources: Preloaded drawable resource #0x10805f9 (android:drawable/spinner_16_inner_holo) that varies with configuration!!
07-16 19:54:20.680  1184  1184 W Resources: Preloaded drawable resource #0x108056f (android:drawable/progress_small_holo) that varies with configuration!!
07-16 19:54:20.680  1184  1184 W Resources: Preloaded drawable resource #0x10805db (android:drawable/scrubber_track_holo_dark) that varies with configuration!!
07-16 19:54:20.680  1184  1184 W Resources: Preloaded drawable resource #0x10805da (android:drawable/scrubber_secondary_holo) that varies with configuration!!
07-16 19:54:20.680  1184  1184 W Resources: Preloaded drawable resource #0x10805d6 (android:drawable/scrubber_primary_holo) that varies with configuration!!
07-16 19:54:20.680  1184  1184 W Resources: Preloaded drawable resource #0x10805d8 (android:drawable/scrubber_progress_horizontal_holo_dark) that varies with configuration!!
07-16 19:54:20.681  1184  1184 W Resources: Preloaded drawable resource #0x10805dc (android:drawable/scrubber_track_holo_light) that varies with configuration!!
07-16 19:54:20.681  1184  1184 W Resources: Preloaded drawable resource #0x10805da (android:drawable/scrubber_secondary_holo) that varies with configuration!!
07-16 19:54:20.681  1184  1184 W Resources: Preloaded drawable resource #0x10805d6 (android:drawable/scrubber_primary_holo) that varies with configuration!!
07-16 19:54:20.681  1184  1184 W Resources: Preloaded drawable resource #0x10805d9 (android:drawable/scrubber_progress_horizontal_holo_light) that varies with configuration!!
07-16 19:54:20.681  1183  1183 W Resources: Preloaded drawable resource #0x1080629 (android:drawable/spinner_focused_holo_light) that varies with configuration!!
07-16 19:54:20.682  1183  1183 W Resources: Preloaded drawable resource #0x108061e (android:drawable/spinner_default_holo_light) that varies with configuration!!
07-16 19:54:20.682  1183  1183 W Resources: Preloaded drawable resource #0x1080616 (android:drawable/spinner_background_holo_light) that varies with configuration!!
07-16 19:54:20.682  1184  1184 W Resources: Preloaded drawable resource #0x10805ca (android:drawable/scrollbar_handle_holo_dark) that varies with configuration!!
07-16 19:54:20.682  1183  1183 W Resources: Preloaded drawable resource #0x1080601 (android:drawable/spinner_ab_default_holo_dark) that varies with configuration!!
07-16 19:54:20.682  1184  1184 W Resources: Preloaded drawable resource #0x10805cb (android:drawable/scrollbar_handle_holo_light) that varies with configuration!!
07-16 19:54:20.682  1183  1183 W Resources: Preloaded drawable resource #0x1080603 (android:drawable/spinner_ab_default_holo_light) that varies with configuration!!
07-16 19:54:20.683  1183  1183 W Resources: Preloaded drawable resource #0x1080605 (android:drawable/spinner_ab_disabled_holo_dark) that varies with configuration!!
07-16 19:54:20.683  1184  1184 W Resources: Preloaded drawable resource #0x1080621 (android:drawable/spinner_disabled_holo_dark) that varies with configuration!!
07-16 19:54:20.683  1183  1183 W Resources: Preloaded drawable resource #0x1080607 (android:drawable/spinner_ab_disabled_holo_light) that varies with configuration!!
07-16 19:54:20.684  1184  1184 W Resources: Preloaded drawable resource #0x108062e (android:drawable/spinner_pressed_holo_dark) that varies with configuration!!
07-16 19:54:20.684  1184  1184 W Resources: Preloaded drawable resource #0x1080627 (android:drawable/spinner_focused_holo_dark) that varies with configuration!!
07-16 19:54:20.685  1183  1183 W Resources: Preloaded drawable resource #0x1080609 (android:drawable/spinner_ab_focused_holo_dark) that varies with configuration!!
07-16 19:54:20.685  1184  1184 W Resources: Preloaded drawable resource #0x108061c (android:drawable/spinner_default_holo_dark) that varies with configuration!!
07-16 19:54:20.685  1184  1184 W Resources: Preloaded drawable resource #0x1080615 (android:drawable/spinner_background_holo_dark) that varies with configuration!!
07-16 19:54:20.685  1183  1183 W Resources: Preloaded drawable resource #0x108060b (android:drawable/spinner_ab_focused_holo_light) that varies with configuration!!
07-16 19:54:20.685  1183  1183 W Resources: Preloaded drawable resource #0x108060f (android:drawable/spinner_ab_pressed_holo_dark) that varies with configuration!!
07-16 19:54:20.685  1184  1184 W Resources: Preloaded drawable resource #0x1080623 (android:drawable/spinner_disabled_holo_light) that varies with configuration!!
07-16 19:54:20.686  1183  1183 W Resources: Preloaded drawable resource #0x1080611 (android:drawable/spinner_ab_pressed_holo_light) that varies with configuration!!
07-16 19:54:20.686  1184  1184 W Resources: Preloaded drawable resource #0x1080630 (android:drawable/spinner_pressed_holo_light) that varies with configuration!!
07-16 19:54:20.686  1183  1183 W Resources: Preloaded drawable resource #0x1080605 (android:drawable/spinner_ab_disabled_holo_dark) that varies with configuration!!
07-16 19:54:20.686  1184  1184 W Resources: Preloaded drawable resource #0x1080629 (android:drawable/spinner_focused_holo_light) that varies with configuration!!
07-16 19:54:20.686  1183  1183 W Resources: Preloaded drawable resource #0x108060f (android:drawable/spinner_ab_pressed_holo_dark) that varies with configuration!!
07-16 19:54:20.686  1184  1184 W Resources: Preloaded drawable resource #0x108061e (android:drawable/spinner_default_holo_light) that varies with configuration!!
07-16 19:54:20.686  1183  1183 W Resources: Preloaded drawable resource #0x1080609 (android:drawable/spinner_ab_focused_holo_dark) that varies with configuration!!
07-16 19:54:20.686  1184  1184 W Resources: Preloaded drawable resource #0x1080616 (android:drawable/spinner_background_holo_light) that varies with configuration!!
07-16 19:54:20.687  1183  1183 W Resources: Preloaded drawable resource #0x1080601 (android:drawable/spinner_ab_default_holo_dark) that varies with configuration!!
07-16 19:54:20.687  1183  1183 W Resources: Preloaded drawable resource #0x108060d (android:drawable/spinner_ab_holo_dark) that varies with configuration!!
07-16 19:54:20.687  1183  1183 W Resources: Preloaded drawable resource #0x1080607 (android:drawable/spinner_ab_disabled_holo_light) that varies with configuration!!
07-16 19:54:20.687  1183  1183 W Resources: Preloaded drawable resource #0x1080611 (android:drawable/spinner_ab_pressed_holo_light) that varies with configuration!!
07-16 19:54:20.687  1183  1183 W Resources: Preloaded drawable resource #0x108060b (android:drawable/spinner_ab_focused_holo_light) that varies with configuration!!
07-16 19:54:20.688  1183  1183 W Resources: Preloaded drawable resource #0x1080603 (android:drawable/spinner_ab_default_holo_light) that varies with configuration!!
07-16 19:54:20.688  1183  1183 W Resources: Preloaded drawable resource #0x108060e (android:drawable/spinner_ab_holo_light) that varies with configuration!!
07-16 19:54:20.688  1183  1183 W Resources: Preloaded drawable resource #0x108061c (android:drawable/spinner_default_holo_dark) that varies with configuration!!
07-16 19:54:20.688  1183  1183 W Resources: Preloaded drawable resource #0x108061e (android:drawable/spinner_default_holo_light) that varies with configuration!!
07-16 19:54:20.688  1183  1183 W Resources: Preloaded drawable resource #0x1080621 (android:drawable/spinner_disabled_holo_dark) that varies with configuration!!
07-16 19:54:20.689  1183  1183 W Resources: Preloaded drawable resource #0x1080623 (android:drawable/spinner_disabled_holo_light) that varies with configuration!!
07-16 19:54:20.689  1183  1183 W Resources: Preloaded drawable resource #0x1080627 (android:drawable/spinner_focused_holo_dark) that varies with configuration!!
07-16 19:54:20.689  1183  1183 W Resources: Preloaded drawable resource #0x1080629 (android:drawable/spinner_focused_holo_light) that varies with configuration!!
07-16 19:54:20.689  1183  1183 W Resources: Preloaded drawable resource #0x108062e (android:drawable/spinner_pressed_holo_dark) that varies with configuration!!
07-16 19:54:20.690  1175  1175 W netd    : type=1400 audit(0.0:4): avc: denied { sys_module } for capability=16 scontext=u:r:netd:s0 tcontext=u:r:netd:s0 tclass=capability permissive=0
07-16 19:54:20.690  1183  1183 W Resources: Preloaded drawable resource #0x1080630 (android:drawable/spinner_pressed_holo_light) that varies with configuration!!
07-16 19:54:20.690  1175  1175 E Netd    : cannot find interface dummy0
07-16 19:54:20.691  1175  1175 D MDnsDS  : MDnsSdListener::Hander starting up
07-16 19:54:20.691  1175  1513 D MDnsDS  : MDnsSdListener starting to monitor
07-16 19:54:20.692  1175  1513 D MDnsDS  : Going to poll with pollCount 1
07-16 19:54:20.692  1183  1183 W Resources: Preloaded drawable resource #0x108024e (android:drawable/cab_background_bottom_holo_dark) that varies with configuration!!
07-16 19:54:20.692  1183  1183 W Resources: Preloaded drawable resource #0x1080253 (android:drawable/cab_background_top_holo_light) that varies with configuration!!
07-16 19:54:20.692  1183  1183 W Resources: Preloaded drawable resource #0x108024f (android:drawable/cab_background_bottom_holo_light) that varies with configuration!!
07-16 19:54:20.694  1183  1183 W Resources: Preloaded drawable resource #0x108030e (android:drawable/ic_cab_done_holo_dark) that varies with configuration!!
07-16 19:54:20.694  1183  1183 W Resources: Preloaded drawable resource #0x1080252 (android:drawable/cab_background_top_holo_dark) that varies with configuration!!
07-16 19:54:20.694  1183  1183 W Resources: Preloaded drawable resource #0x108030f (android:drawable/ic_cab_done_holo_light) that varies with configuration!!
07-16 19:54:20.695  1183  1183 W Resources: Preloaded drawable resource #0x10800d6 (android:drawable/btn_cab_done_default_holo_dark) that varies with configuration!!
07-16 19:54:20.695  1183  1183 W Resources: Preloaded drawable resource #0x10800d9 (android:drawable/btn_cab_done_focused_holo_light) that varies with configuration!!
07-16 19:54:20.695  1184  1184 W Resources: Preloaded drawable resource #0x1080601 (android:drawable/spinner_ab_default_holo_dark) that varies with configuration!!
07-16 19:54:20.695  1183  1183 W Resources: Preloaded drawable resource #0x10800d7 (android:drawable/btn_cab_done_default_holo_light) that varies with configuration!!
07-16 19:54:20.695  1183  1183 W Resources: Preloaded drawable resource #0x10800dc (android:drawable/btn_cab_done_pressed_holo_dark) that varies with configuration!!
07-16 19:54:20.696  1184  1184 W Resources: Preloaded drawable resource #0x1080603 (android:drawable/spinner_ab_default_holo_light) that varies with configuration!!
07-16 19:54:20.696  1183  1183 W Resources: Preloaded drawable resource #0x10800d8 (android:drawable/btn_cab_done_focused_holo_dark) that varies with configuration!!
07-16 19:54:20.696  1183  1183 W Resources: Preloaded drawable resource #0x10800dd (android:drawable/btn_cab_done_pressed_holo_light) that varies with configuration!!
07-16 19:54:20.696  1184  1184 W Resources: Preloaded drawable resource #0x1080605 (android:drawable/spinner_ab_disabled_holo_dark) that varies with configuration!!
07-16 19:54:20.696  1183  1183 W Resources: Preloaded drawable resource #0x1080498 (android:drawable/list_pressed_holo_light) that varies with configuration!!
07-16 19:54:20.696  1183  1183 W Resources: Preloaded drawable resource #0x10800d9 (android:drawable/btn_cab_done_focused_holo_light) that varies with configuration!!
07-16 19:54:20.696  1184  1184 W Resources: Preloaded drawable resource #0x1080607 (android:drawable/spinner_ab_disabled_holo_light) that varies with configuration!!
07-16 19:54:20.696  1183  1183 W Resources: Preloaded drawable resource #0x10800d7 (android:drawable/btn_cab_done_default_holo_light) that varies with configuration!!
07-16 19:54:20.696  1183  1183 W Resources: Preloaded drawable resource #0x10800db (android:drawable/btn_cab_done_holo_light) that varies with configuration!!
07-16 19:54:20.697  1183  1183 W Resources: Preloaded drawable resource #0x1080497 (android:drawable/list_pressed_holo_dark) that varies with configuration!!
07-16 19:54:20.697  1184  1184 W Resources: Preloaded drawable resource #0x1080609 (android:drawable/spinner_ab_focused_holo_dark) that varies with configuration!!
07-16 19:54:20.697  1183  1183 W Resources: Preloaded drawable resource #0x10800d8 (android:drawable/btn_cab_done_focused_holo_dark) that varies with configuration!!
07-16 19:54:20.697  1183  1183 W Resources: Preloaded drawable resource #0x10800d6 (android:drawable/btn_cab_done_default_holo_dark) that varies with configuration!!
07-16 19:54:20.697  1183  1183 W Resources: Preloaded drawable resource #0x10800da (android:drawable/btn_cab_done_holo_dark) that varies with configuration!!
07-16 19:54:20.697  1184  1184 W Resources: Preloaded drawable resource #0x108060b (android:drawable/spinner_ab_focused_holo_light) that varies with configuration!!
07-16 19:54:20.698  1183  1183 W Resources: Preloaded drawable resource #0x1080038 (android:drawable/ic_menu_close_clear_cancel) that varies with configuration!!
07-16 19:54:20.698  1184  1184 W Resources: Preloaded drawable resource #0x108060f (android:drawable/spinner_ab_pressed_holo_dark) that varies with configuration!!
07-16 19:54:20.699  1183  1183 W Resources: Preloaded drawable resource #0x10803bb (android:drawable/ic_menu_copy_holo_dark) that varies with configuration!!
07-16 19:54:20.699  1183  1183 W Resources: Preloaded drawable resource #0x10803bc (android:drawable/ic_menu_copy_holo_light) that varies with configuration!!
07-16 19:54:20.699  1183  1183 W Resources: Preloaded drawable resource #0x10803bf (android:drawable/ic_menu_cut_holo_dark) that varies with configuration!!
07-16 19:54:20.700  1183  1183 W Resources: Preloaded drawable resource #0x10803c0 (android:drawable/ic_menu_cut_holo_light) that varies with configuration!!
07-16 19:54:20.700  1184  1184 W Resources: Preloaded drawable resource #0x1080611 (android:drawable/spinner_ab_pressed_holo_light) that varies with configuration!!
07-16 19:54:20.702  1183  1183 W Resources: Preloaded drawable resource #0x1080045 (android:drawable/ic_menu_more) that varies with configuration!!
07-16 19:54:20.702  1183  1183 W Resources: Preloaded drawable resource #0x10803d9 (android:drawable/ic_menu_moreoverflow_normal_holo_dark) that varies with configuration!!
07-16 19:54:20.702  1183  1183 W Resources: Preloaded drawable resource #0x10803d4 (android:drawable/ic_menu_moreoverflow_holo_dark) that varies with configuration!!
07-16 19:54:20.702  1183  1183 W Resources: Preloaded drawable resource #0x10803da (android:drawable/ic_menu_moreoverflow_normal_holo_light) that varies with configuration!!
07-16 19:54:20.702  1183  1183 W Resources: Preloaded drawable resource #0x10803d5 (android:drawable/ic_menu_moreoverflow_holo_light) that varies with configuration!!
07-16 19:54:20.703  1183  1183 W Resources: Preloaded drawable resource #0x10803dd (android:drawable/ic_menu_paste_holo_dark) that varies with configuration!!
07-16 19:54:20.703  1183  1183 W Resources: Preloaded drawable resource #0x10803de (android:drawable/ic_menu_paste_holo_light) that varies with configuration!!
07-16 19:54:20.703  1183  1183 W Resources: Preloaded drawable resource #0x10803e7 (android:drawable/ic_menu_selectall_holo_light) that varies with configuration!!
07-16 19:54:20.703  1183  1183 W Resources: Preloaded drawable resource #0x10803e6 (android:drawable/ic_menu_selectall_holo_dark) that varies with configuration!!
07-16 19:54:20.704  1184  1184 W Resources: Preloaded drawable resource #0x1080605 (android:drawable/spinner_ab_disabled_holo_dark) that varies with configuration!!
07-16 19:54:20.705  1183  1183 W Resources: Preloaded drawable resource #0x108031a (android:drawable/ic_clear_disabled) that varies with configuration!!
07-16 19:54:20.705  1184  1184 W Resources: Preloaded drawable resource #0x108060f (android:drawable/spinner_ab_pressed_holo_dark) that varies with configuration!!
07-16 19:54:20.706  1184  1184 W Resources: Preloaded drawable resource #0x1080609 (android:drawable/spinner_ab_focused_holo_dark) that varies with configuration!!
07-16 19:54:20.707  1184  1184 W Resources: Preloaded drawable resource #0x1080601 (android:drawable/spinner_ab_default_holo_dark) that varies with configuration!!
07-16 19:54:20.707  1184  1184 W Resources: Preloaded drawable resource #0x108060d (android:drawable/spinner_ab_holo_dark) that varies with configuration!!
07-16 19:54:20.708  1184  1184 W Resources: Preloaded drawable resource #0x1080607 (android:drawable/spinner_ab_disabled_holo_light) that varies with configuration!!
07-16 19:54:20.708  1184  1184 W Resources: Preloaded drawable resource #0x1080611 (android:drawable/spinner_ab_pressed_holo_light) that varies with configuration!!
07-16 19:54:20.708  1184  1184 W Resources: Preloaded drawable resource #0x108060b (android:drawable/spinner_ab_focused_holo_light) that varies with configuration!!
07-16 19:54:20.709  1184  1184 W Resources: Preloaded drawable resource #0x1080603 (android:drawable/spinner_ab_default_holo_light) that varies with configuration!!
07-16 19:54:20.709  1184  1184 W Resources: Preloaded drawable resource #0x108060e (android:drawable/spinner_ab_holo_light) that varies with configuration!!
07-16 19:54:20.709  1184  1184 W Resources: Preloaded drawable resource #0x108061c (android:drawable/spinner_default_holo_dark) that varies with configuration!!
07-16 19:54:20.710  1184  1184 W Resources: Preloaded drawable resource #0x108061e (android:drawable/spinner_default_holo_light) that varies with configuration!!
07-16 19:54:20.710  1184  1184 W Resources: Preloaded drawable resource #0x1080621 (android:drawable/spinner_disabled_holo_dark) that varies with configuration!!
07-16 19:54:20.710  1184  1184 W Resources: Preloaded drawable resource #0x1080623 (android:drawable/spinner_disabled_holo_light) that varies with configuration!!
07-16 19:54:20.711  1183  1183 W Resources: Preloaded drawable resource #0x108031f (android:drawable/ic_clear_normal) that varies with configuration!!
07-16 19:54:20.711  1183  1183 W Resources: Preloaded drawable resource #0x1080319 (android:drawable/ic_clear) that varies with configuration!!
07-16 19:54:20.712  1183  1183 W Resources: Preloaded drawable resource #0x108031a (android:drawable/ic_clear_disabled) that varies with configuration!!
07-16 19:54:20.712  1183  1183 W Resources: Preloaded drawable resource #0x108031f (android:drawable/ic_clear_normal) that varies with configuration!!
07-16 19:54:20.713  1183  1183 W Resources: Preloaded drawable resource #0x1080419 (android:drawable/ic_search_api_holo_dark) that varies with configuration!!
07-16 19:54:20.713  1183  1183 W Resources: Preloaded drawable resource #0x108041a (android:drawable/ic_search_api_holo_light) that varies with configuration!!
07-16 19:54:20.713  1184  1184 W Resources: Preloaded drawable resource #0x1080627 (android:drawable/spinner_focused_holo_dark) that varies with configuration!!
07-16 19:54:20.714  1184  1184 W Resources: Preloaded drawable resource #0x1080629 (android:drawable/spinner_focused_holo_light) that varies with configuration!!
07-16 19:54:20.715  1183  1183 W Resources: Preloaded drawable resource #0x108034b (android:drawable/ic_go) that varies with configuration!!
07-16 19:54:20.715  1184  1184 W Resources: Preloaded drawable resource #0x108062e (android:drawable/spinner_pressed_holo_dark) that varies with configuration!!
07-16 19:54:20.715  1184  1184 W Resources: Preloaded drawable resource #0x1080630 (android:drawable/spinner_pressed_holo_light) that varies with configuration!!
07-16 19:54:20.716  1183  1183 W Resources: Preloaded drawable resource #0x1080431 (android:drawable/ic_voice_search_api_holo_dark) that varies with configuration!!
07-16 19:54:20.717  1184  1184 W Resources: Preloaded drawable resource #0x108024e (android:drawable/cab_background_bottom_holo_dark) that varies with configuration!!
07-16 19:54:20.717  1183  1183 W Resources: Preloaded drawable resource #0x1080432 (android:drawable/ic_voice_search_api_holo_light) that varies with configuration!!
07-16 19:54:20.718  1183  1183 W Resources: Preloaded drawable resource #0x108026e (android:drawable/dialog_bottom_holo_dark) that varies with configuration!!
07-16 19:54:20.718  1184  1184 W Resources: Preloaded drawable resource #0x1080253 (android:drawable/cab_background_top_holo_light) that varies with configuration!!
07-16 19:54:20.719  1183  1183 W Resources: Preloaded drawable resource #0x108026f (android:drawable/dialog_bottom_holo_light) that varies with configuration!!
07-16 19:54:20.720  1183  1183 W Resources: Preloaded drawable resource #0x108027c (android:drawable/dialog_middle_holo_dark) that varies with configuration!!
07-16 19:54:20.720  1183  1183 W Resources: Preloaded drawable resource #0x108027d (android:drawable/dialog_middle_holo_light) that varies with configuration!!
07-16 19:54:20.720  1183  1183 W Resources: Preloaded drawable resource #0x108027e (android:drawable/dialog_top_holo_dark) that varies with configuration!!
07-16 19:54:20.721  1184  1184 W Resources: Preloaded drawable resource #0x108024f (android:drawable/cab_background_bottom_holo_light) that varies with configuration!!
07-16 19:54:20.721  1184  1184 W Resources: Preloaded drawable resource #0x108030e (android:drawable/ic_cab_done_holo_dark) that varies with configuration!!
07-16 19:54:20.721  1183  1183 W Resources: Preloaded drawable resource #0x108027f (android:drawable/dialog_top_holo_light) that varies with configuration!!
07-16 19:54:20.721  1184  1184 W Resources: Preloaded drawable resource #0x1080252 (android:drawable/cab_background_top_holo_dark) that varies with configuration!!
07-16 19:54:20.721  1183  1183 W Resources: Preloaded drawable resource #0x1080336 (android:drawable/ic_dialog_alert_holo_dark) that varies with configuration!!
07-16 19:54:20.721  1184  1184 W Resources: Preloaded drawable resource #0x108030f (android:drawable/ic_cab_done_holo_light) that varies with configuration!!
07-16 19:54:20.721  1183  1183 W Resources: Preloaded drawable resource #0x1080337 (android:drawable/ic_dialog_alert_holo_light) that varies with configuration!!
07-16 19:54:20.721  1184  1184 W Resources: Preloaded drawable resource #0x10800d6 (android:drawable/btn_cab_done_default_holo_dark) that varies with configuration!!
07-16 19:54:20.721  1183  1183 W Resources: Preloaded drawable resource #0x108048c (android:drawable/list_divider_holo_dark) that varies with configuration!!
07-16 19:54:20.722  1184  1184 W Resources: Preloaded drawable resource #0x10800d9 (android:drawable/btn_cab_done_focused_holo_light) that varies with configuration!!
07-16 19:54:20.722  1183  1183 W Resources: Preloaded drawable resource #0x108048d (android:drawable/list_divider_holo_light) that varies with configuration!!
07-16 19:54:20.722  1184  1184 W Resources: Preloaded drawable resource #0x10800d7 (android:drawable/btn_cab_done_default_holo_light) that varies with configuration!!
07-16 19:54:20.722  1183  1183 W Resources: Preloaded drawable resource #0x108048d (android:drawable/list_divider_holo_light) that varies with configuration!!
07-16 19:54:20.722  1184  1184 W Resources: Preloaded drawable resource #0x10800dc (android:drawable/btn_cab_done_pressed_holo_dark) that varies with configuration!!
07-16 19:54:20.722  1183  1183 W Resources: Preloaded drawable resource #0x10800c1 (android:drawable/ab_transparent_dark_holo) that varies with configuration!!
07-16 19:54:20.722  1184  1184 W Resources: Preloaded drawable resource #0x10800d8 (android:drawable/btn_cab_done_focused_holo_dark) that varies with configuration!!
07-16 19:54:20.722  1183  1183 W Resources: Preloaded drawable resource #0x10800bf (android:drawable/ab_stacked_transparent_dark_holo) that varies with configuration!!
07-16 19:54:20.722  1184  1184 W Resources: Preloaded drawable resource #0x10800dd (android:drawable/btn_cab_done_pressed_holo_light) that varies with configuration!!
07-16 19:54:20.722  1184  1184 W Resources: Preloaded drawable resource #0x1080498 (android:drawable/list_pressed_holo_light) that varies with configuration!!
07-16 19:54:20.723  1184  1184 W Resources: Preloaded drawable resource #0x10800d9 (android:drawable/btn_cab_done_focused_holo_light) that varies with configuration!!
07-16 19:54:20.723  1184  1184 W Resources: Preloaded drawable resource #0x10800d7 (android:drawable/btn_cab_done_default_holo_light) that varies with configuration!!
07-16 19:54:20.723  1184  1184 W Resources: Preloaded drawable resource #0x10800db (android:drawable/btn_cab_done_holo_light) that varies with configuration!!
07-16 19:54:20.723  1184  1184 W Resources: Preloaded drawable resource #0x1080497 (android:drawable/list_pressed_holo_dark) that varies with configuration!!
07-16 19:54:20.723  1184  1184 W Resources: Preloaded drawable resource #0x10800d8 (android:drawable/btn_cab_done_focused_holo_dark) that varies with configuration!!
07-16 19:54:20.723  1184  1184 W Resources: Preloaded drawable resource #0x10800d6 (android:drawable/btn_cab_done_default_holo_dark) that varies with configuration!!
07-16 19:54:20.723  1184  1184 W Resources: Preloaded drawable resource #0x10800da (android:drawable/btn_cab_done_holo_dark) that varies with configuration!!
07-16 19:54:20.724  1183  1183 W Resources: Preloaded drawable resource #0x10800a1 (android:drawable/ab_bottom_transparent_dark_holo) that varies with configuration!!
07-16 19:54:20.724  1184  1184 W Resources: Preloaded drawable resource #0x1080038 (android:drawable/ic_menu_close_clear_cancel) that varies with configuration!!
07-16 19:54:20.724  1183  1183 W Resources: Preloaded drawable resource #0x10800b7 (android:drawable/ab_solid_dark_holo) that varies with configuration!!
07-16 19:54:20.724  1184  1184 W Resources: Preloaded drawable resource #0x10803bb (android:drawable/ic_menu_copy_holo_dark) that varies with configuration!!
07-16 19:54:20.724  1183  1183 W Resources: Preloaded drawable resource #0x10800bc (android:drawable/ab_stacked_solid_dark_holo) that varies with configuration!!
07-16 19:54:20.724  1184  1184 W Resources: Preloaded drawable resource #0x10803bc (android:drawable/ic_menu_copy_holo_light) that varies with configuration!!
07-16 19:54:20.724  1183  1183 W Resources: Preloaded drawable resource #0x108009e (android:drawable/ab_bottom_solid_dark_holo) that varies with configuration!!
07-16 19:54:20.724  1184  1184 W Resources: Preloaded drawable resource #0x10803bf (android:drawable/ic_menu_cut_holo_dark) that varies with configuration!!
07-16 19:54:20.724  1183  1183 W Resources: Preloaded drawable resource #0x10800c2 (android:drawable/ab_transparent_light_holo) that varies with configuration!!
07-16 19:54:20.724  1183  1183 W Resources: Preloaded drawable resource #0x10800c0 (android:drawable/ab_stacked_transparent_light_holo) that varies with configuration!!
07-16 19:54:20.724  1184  1184 W Resources: Preloaded drawable resource #0x10803c0 (android:drawable/ic_menu_cut_holo_light) that varies with configuration!!
07-16 19:54:20.725  1183  1183 W Resources: Preloaded drawable resource #0x10800a2 (android:drawable/ab_bottom_transparent_light_holo) that varies with configuration!!
07-16 19:54:20.725  1184  1184 W Resources: Preloaded drawable resource #0x1080045 (android:drawable/ic_menu_more) that varies with configuration!!
07-16 19:54:20.725  1183  1183 W Resources: Preloaded drawable resource #0x10800b8 (android:drawable/ab_solid_light_holo) that varies with configuration!!
07-16 19:54:20.725  1183  1183 W Resources: Preloaded drawable resource #0x10800be (android:drawable/ab_stacked_solid_light_holo) that varies with configuration!!
07-16 19:54:20.725  1184  1184 W Resources: Preloaded drawable resource #0x10803d9 (android:drawable/ic_menu_moreoverflow_normal_holo_dark) that varies with configuration!!
07-16 19:54:20.725  1183  1183 W Resources: Preloaded drawable resource #0x10800a0 (android:drawable/ab_bottom_solid_light_holo) that varies with configuration!!
07-16 19:54:20.725  1184  1184 W Resources: Preloaded drawable resource #0x10803d4 (android:drawable/ic_menu_moreoverflow_holo_dark) that varies with configuration!!
07-16 19:54:20.725  1183  1183 W Resources: Preloaded drawable resource #0x10800b9 (android:drawable/ab_solid_shadow_holo) that varies with configuration!!
07-16 19:54:20.725  1184  1184 W Resources: Preloaded drawable resource #0x10803da (android:drawable/ic_menu_moreoverflow_normal_holo_light) that varies with configuration!!
07-16 19:54:20.725  1184  1184 W Resources: Preloaded drawable resource #0x10803d5 (android:drawable/ic_menu_moreoverflow_holo_light) that varies with configuration!!
07-16 19:54:20.726  1183  1183 W Resources: Preloaded drawable resource #0x10804b8 (android:drawable/list_selector_disabled_holo_dark) that varies with configuration!!
07-16 19:54:20.726  1184  1184 W Resources: Preloaded drawable resource #0x10803dd (android:drawable/ic_menu_paste_holo_dark) that varies with configuration!!
07-16 19:54:20.726  1183  1183 W Resources: Preloaded drawable resource #0x10804b8 (android:drawable/list_selector_disabled_holo_dark) that varies with configuration!!
07-16 19:54:20.726  1184  1184 W Resources: Preloaded drawable resource #0x10803de (android:drawable/ic_menu_paste_holo_light) that varies with configuration!!
07-16 19:54:20.726  1184  1184 W Resources: Preloaded drawable resource #0x10803e7 (android:drawable/ic_menu_selectall_holo_light) that varies with configuration!!
07-16 19:54:20.726  1183  1183 W Resources: Preloaded drawable resource #0x1080490 (android:drawable/list_focused_holo) that varies with configuration!!
07-16 19:54:20.726  1183  1183 W Resources: Preloaded drawable resource #0x1080447 (android:drawable/item_background_holo_dark) that varies with configuration!!
07-16 19:54:20.727  1183  1183 W Resources: Preloaded drawable resource #0x10804b9 (android:drawable/list_selector_disabled_holo_light) that varies with configuration!!
07-16 19:54:20.727  1184  1184 W Resources: Preloaded drawable resource #0x10803e6 (android:drawable/ic_menu_selectall_holo_dark) that varies with configuration!!
07-16 19:54:20.727  1183  1183 W Resources: Preloaded drawable resource #0x10804b9 (android:drawable/list_selector_disabled_holo_light) that varies with configuration!!
07-16 19:54:20.727  1184  1184 W Resources: Preloaded drawable resource #0x108031a (android:drawable/ic_clear_disabled) that varies with configuration!!
07-16 19:54:20.727  1183  1183 W Resources: Preloaded drawable resource #0x1080490 (android:drawable/list_focused_holo) that varies with configuration!!
07-16 19:54:20.727  1183  1183 W Resources: Preloaded drawable resource #0x1080448 (android:drawable/item_background_holo_light) that varies with configuration!!
07-16 19:54:20.728  1183  1183 W Resources: Preloaded drawable resource #0x10802d1 (android:drawable/fastscroll_thumb_pressed_holo) that varies with configuration!!
07-16 19:54:20.728  1183  1183 W Resources: Preloaded drawable resource #0x10802ce (android:drawable/fastscroll_thumb_default_holo) that varies with configuration!!
07-16 19:54:20.728  1183  1183 W Resources: Preloaded drawable resource #0x10802cf (android:drawable/fastscroll_thumb_holo) that varies with configuration!!
07-16 19:54:20.729  1183  1183 W Resources: Preloaded drawable resource #0x10802d1 (android:drawable/fastscroll_thumb_pressed_holo) that varies with configuration!!
07-16 19:54:20.729  1183  1183 W Resources: Preloaded drawable resource #0x10802ce (android:drawable/fastscroll_thumb_default_holo) that varies with configuration!!
07-16 19:54:20.729  1183  1183 W Resources: Preloaded drawable resource #0x10802d7 (android:drawable/fastscroll_track_pressed_holo_dark) that varies with configuration!!
07-16 19:54:20.730  1183  1183 W Resources: Preloaded drawable resource #0x10802d2 (android:drawable/fastscroll_track_default_holo_dark) that varies with configuration!!
07-16 19:54:20.730  1183  1183 W Resources: Preloaded drawable resource #0x10802d4 (android:drawable/fastscroll_track_holo_dark) that varies with configuration!!
07-16 19:54:20.730  1183  1183 W Resources: Preloaded drawable resource #0x10802d7 (android:drawable/fastscroll_track_pressed_holo_dark) that varies with configuration!!
07-16 19:54:20.731  1183  1183 W Resources: Preloaded drawable resource #0x10802d2 (android:drawable/fastscroll_track_default_holo_dark) that varies with configuration!!
07-16 19:54:20.731  1183  1183 W Resources: Preloaded drawable resource #0x10802d8 (android:drawable/fastscroll_track_pressed_holo_light) that varies with configuration!!
07-16 19:54:20.731  1183  1183 W Resources: Preloaded drawable resource #0x10802d3 (android:drawable/fastscroll_track_default_holo_light) that varies with configuration!!
07-16 19:54:20.731  1183  1183 W Resources: Preloaded drawable resource #0x10802d5 (android:drawable/fastscroll_track_holo_light) that varies with configuration!!
07-16 19:54:20.731  1183  1183 W Resources: Preloaded drawable resource #0x10802d8 (android:drawable/fastscroll_track_pressed_holo_light) that varies with configuration!!
07-16 19:54:20.731  1184  1184 W Resources: Preloaded drawable resource #0x108031f (android:drawable/ic_clear_normal) that varies with configuration!!
07-16 19:54:20.731  1183  1183 W Resources: Preloaded drawable resource #0x10802d3 (android:drawable/fastscroll_track_default_holo_light) that varies with configuration!!
07-16 19:54:20.731  1184  1184 W Resources: Preloaded drawable resource #0x1080319 (android:drawable/ic_clear) that varies with configuration!!
07-16 19:54:20.732  1183  1183 W Resources: Preloaded drawable resource #0x10802a9 (android:drawable/editbox_dropdown_background_dark) that varies with configuration!!
07-16 19:54:20.732  1184  1184 W Resources: Preloaded drawable resource #0x108031a (android:drawable/ic_clear_disabled) that varies with configuration!!
07-16 19:54:20.732  1183  1183 W Resources: Preloaded drawable resource #0x1080726 (android:drawable/textfield_search_selected_holo_dark) that varies with configuration!!
07-16 19:54:20.732  1183  1183 W Resources: Preloaded drawable resource #0x1080718 (android:drawable/textfield_search_default_holo_dark) that varies with configuration!!
07-16 19:54:20.732  1184  1184 W Resources: Preloaded drawable resource #0x108031f (android:drawable/ic_clear_normal) that varies with configuration!!
07-16 19:54:20.732  1183  1183 W Resources: Preloaded drawable resource #0x1080728 (android:drawable/textfield_searchview_holo_dark) that varies with configuration!!
07-16 19:54:20.732  1184  1184 W Resources: Preloaded drawable resource #0x1080419 (android:drawable/ic_search_api_holo_dark) that varies with configuration!!
07-16 19:54:20.732  1183  1183 W Resources: Preloaded drawable resource #0x1080723 (android:drawable/textfield_search_right_selected_holo_dark) that varies with configuration!!
07-16 19:54:20.732  1184  1184 W Resources: Preloaded drawable resource #0x108041a (android:drawable/ic_search_api_holo_light) that varies with configuration!!
07-16 19:54:20.732  1183  1183 W Resources: Preloaded drawable resource #0x1080721 (android:drawable/textfield_search_right_default_holo_dark) that varies with configuration!!
07-16 19:54:20.732  1183  1183 W Resources: Preloaded drawable resource #0x108072a (android:drawable/textfield_searchview_right_holo_dark) that varies with configuration!!
07-16 19:54:20.733  1184  1184 W Resources: Preloaded drawable resource #0x108034b (android:drawable/ic_go) that varies with configuration!!
07-16 19:54:20.733  1183  1183 W Resources: Preloaded drawable resource #0x1080727 (android:drawable/textfield_search_selected_holo_light) that varies with configuration!!
07-16 19:54:20.733  1184  1184 W Resources: Preloaded drawable resource #0x1080431 (android:drawable/ic_voice_search_api_holo_dark) that varies with configuration!!
07-16 19:54:20.733  1183  1183 W Resources: Preloaded drawable resource #0x1080719 (android:drawable/textfield_search_default_holo_light) that varies with configuration!!
07-16 19:54:20.733  1183  1183 W Resources: Preloaded drawable resource #0x1080729 (android:drawable/textfield_searchview_holo_light) that varies with configuration!!
07-16 19:54:20.733  1184  1184 W Resources: Preloaded drawable resource #0x1080432 (android:drawable/ic_voice_search_api_holo_light) that varies with configuration!!
07-16 19:54:20.733  1183  1183 W Resources: Preloaded drawable resource #0x1080724 (android:drawable/textfield_search_right_selected_holo_light) that varies with configuration!!
